
> agat-platform@1.7.0 fleet:test-ha-postgres
> bash scripts/test-fleet-ha-postgres.sh

(node:52687) ExperimentalWarning: SQLite is an experimental feature and might change at any time
(Use `node --trace-warnings ...` to show where the warning was created)
▶ PostgreSQL Fleet/HA integration
  ✔ reuses the response buffer across large, short, SQL-error and oversized responses (284.392416ms)
  ✔ ranks 10000 wide vectors through a 1 MiB bridge at the operator hard boundary (10677.336625ms)
  ✔ ranks all worker cursor batches against one snapshot while another connection updates the source (332.963417ms)
  ✔ applies an operator budget above 5000 to real PostgreSQL retrieval without worker override or partial writes (14075.51525ms)
  ✔ rejects expired retrieval leases before maintenance and accepts only the replacement lease across replicas (636.92525ms)
(node:52687) ExperimentalWarning: SQLite is an experimental feature and might change at any time
(Use `node --trace-warnings ...` to show where the warning was created)
(node:52687) ExperimentalWarning: SQLite is an experimental feature and might change at any time
(Use `node --trace-warnings ...` to show where the warning was created)
  ✔ isolates whole retrieval transactions across workers without duplicate markers or partial writes (1365.519459ms)
(node:52687) ExperimentalWarning: SQLite is an experimental feature and might change at any time
(Use `node --trace-warnings ...` to show where the warning was created)
  ✔ rejects a lease that expires while retrieval waits for its run lock (5875.986375ms)
(node:52687) ExperimentalWarning: SQLite is an experimental feature and might change at any time
(Use `node --trace-warnings ...` to show where the warning was created)
  ✔ rejects a lease cancelled by a transaction that retrieval had to wait for (894.076958ms)
(node:52687) ExperimentalWarning: SQLite is an experimental feature and might change at any time
(Use `node --trace-warnings ...` to show where the warning was created)
  ✔ rejects a lease that expires after validation while the knowledge index is blocked (5854.662292ms)
(node:52687) ExperimentalWarning: SQLite is an experimental feature and might change at any time
(Use `node --trace-warnings ...` to show where the warning was created)
  ✔ permits a concurrent lease renewal while retrieval is reading its index (915.142667ms)
  ✔ persists one shadow observation across replicas and restart with tenant RLS and unchanged primary output (930.993209ms)
  ✔ streams large valid RAG vectors, preserves cursor snapshots and rolls back failures across replicas (4922.280666ms)
  ✔ rejects a tenant connection that resolves to the system BYPASSRLS role (113.784292ms)
  ✔ keeps the runtime role DDL-free after a separate migration gate (235.915ms)
  ✔ rejects a schema Job while a coordinator replica is active (230.118416ms)
  ✔ rejects runtime startup after out-of-band schema drift (169.43475ms)
  ✔ shares state between replicas, serializes project quota and enforces RLS (679.091083ms)
✔ PostgreSQL Fleet/HA integration (49707.240709ms)
ℹ tests 17
ℹ suites 1
ℹ pass 17
ℹ fail 0
ℹ cancelled 0
ℹ skipped 0
ℹ todo 0
ℹ duration_ms 50315.642959
