(node:47729) ExperimentalWarning: SQLite is an experimental feature and might change at any time
(Use `node --trace-warnings ...` to show where the warning was created)
(node:47729) ExperimentalWarning: SQLite is an experimental feature and might change at any time
(Use `node --trace-warnings ...` to show where the warning was created)
▶ PostgreSQL Fleet/HA integration
  ✔ rejects a lease that expires while retrieval waits for its run lock (6060.254417ms)
(node:47729) ExperimentalWarning: SQLite is an experimental feature and might change at any time
(Use `node --trace-warnings ...` to show where the warning was created)
  ✔ rejects a lease cancelled by a transaction that retrieval had to wait for (763.474333ms)
(node:47729) ExperimentalWarning: SQLite is an experimental feature and might change at any time
(Use `node --trace-warnings ...` to show where the warning was created)
  ✔ rejects a lease that expires after validation while the knowledge index is blocked (5788.91425ms)
(node:47729) ExperimentalWarning: SQLite is an experimental feature and might change at any time
(Use `node --trace-warnings ...` to show where the warning was created)
  ✔ permits a concurrent lease renewal while retrieval is reading its index (755.245083ms)
✔ PostgreSQL Fleet/HA integration (14901.331ms)
ℹ tests 4
ℹ suites 1
ℹ pass 4
ℹ fail 0
ℹ cancelled 0
ℹ skipped 0
ℹ todo 0
ℹ duration_ms 15614.080375
