test_real_worker_lease_vectors_and_idle_snapshots (test_embedding_idle_worker_probe.WorkerIdleProbeTests.test_real_worker_lease_vectors_and_idle_snapshots) ...
  test_real_worker_lease_vectors_and_idle_snapshots (test_embedding_idle_worker_probe.WorkerIdleProbeTests.test_real_worker_lease_vectors_and_idle_snapshots) (batch=1, idle=0) ... FAIL
  test_real_worker_lease_vectors_and_idle_snapshots (test_embedding_idle_worker_probe.WorkerIdleProbeTests.test_real_worker_lease_vectors_and_idle_snapshots) (batch=1, idle=0.15) ... FAIL
  test_real_worker_lease_vectors_and_idle_snapshots (test_embedding_idle_worker_probe.WorkerIdleProbeTests.test_real_worker_lease_vectors_and_idle_snapshots) (batch=32, idle=0) ... FAIL
  test_real_worker_lease_vectors_and_idle_snapshots (test_embedding_idle_worker_probe.WorkerIdleProbeTests.test_real_worker_lease_vectors_and_idle_snapshots) (batch=32, idle=0.15) ... FAIL
test_real_worker_lease_vectors_and_idle_snapshots (test_embedding_idle_worker_probe.WorkerIdleProbeTests.test_real_worker_lease_vectors_and_idle_snapshots) ... FAIL

======================================================================
FAIL: test_real_worker_lease_vectors_and_idle_snapshots (test_embedding_idle_worker_probe.WorkerIdleProbeTests.test_real_worker_lease_vectors_and_idle_snapshots) (batch=1, idle=0)
----------------------------------------------------------------------
Traceback (most recent call last):
  File "/Users/mdavliatshin/Developer/Agat-recovery-20260927/scripts/test/test_embedding_idle_worker_probe.py", line 41, in test_real_worker_lease_vectors_and_idle_snapshots
    self.assertEqual(done.returncode, 0, done.stdout + done.stderr)
    ~~~~~~~~~~~~~~~~^^^^^^^^^^^^^^^^^^^^^^^^^^^^^^^^^^^^^^^^^^^^^^^
AssertionError: 1 != 0 : (node:45566) ExperimentalWarning: SQLite is an experimental feature and might change at any time
(Use `node --trace-warnings ...` to show where the warning was created)
smoke AssertionError: Expected values to be strictly equal:

2 !== null
 p-approval-timeout MCP_APPROVAL_TIMEOUT]
                                      [--vram-mb VRAM_MB] [--region REGION]
                                      [--residency-domain RESIDENCY_DOMAIN]
                                      [--release-id RELEASE_ID]
                                      [--artifact-digest ARTIFACT_DIGEST]
                                      [--release-key-id RELEASE_KEY_ID]
                                      [--release-signature RELEASE_SIGNATURE]
                                      [--runtime-attestation-broker-url RUNTIME_ATTESTATION_BROKER_URL]
                                      [--runtime-attestation-broker-token RUNTIME_ATTESTATION_BROKER_TOKEN]
                                      [--runtime-attestation-timeout RUNTIME_ATTESTATION_TIMEOUT]
                                      [--dry-run]
                                      [--decision-url DECISION_URL] [--once]
embedding-idle-worker-probe.py: error: Poll interval must be at least 0.2 seconds

node:internal/modules/run_main:107
    triggerUncaughtException(
    ^

AssertionError [ERR_ASSERTION]: Expected values to be strictly equal:
+ actual - expected

+ 'AssertionError: Expected values to be strictly equal:\n\n2 !== null\n'
- null

    at runPhase (/Users/mdavliatshin/Developer/Agat-recovery-20260927/scripts/benchmark-embedding-worker-idle.ts:105:10)
    at process.processTicksAndRejections (node:internal/process/task_queues:104:5)
    at async file:///Users/mdavliatshin/Developer/Agat-recovery-20260927/[eval1]:2:1 {
  generatedMessage: true,
  code: 'ERR_ASSERTION',
  actual: 'AssertionError: Expected values to be strictly equal:\n\n2 !== null\n',
  expected: null,
  operator: 'strictEqual',
  diff: 'simple'
}

Node.js v24.14.0


======================================================================
FAIL: test_real_worker_lease_vectors_and_idle_snapshots (test_embedding_idle_worker_probe.WorkerIdleProbeTests.test_real_worker_lease_vectors_and_idle_snapshots) (batch=1, idle=0.15)
----------------------------------------------------------------------
Traceback (most recent call last):
  File "/Users/mdavliatshin/Developer/Agat-recovery-20260927/scripts/test/test_embedding_idle_worker_probe.py", line 41, in test_real_worker_lease_vectors_and_idle_snapshots
    self.assertEqual(done.returncode, 0, done.stdout + done.stderr)
    ~~~~~~~~~~~~~~~~^^^^^^^^^^^^^^^^^^^^^^^^^^^^^^^^^^^^^^^^^^^^^^^
AssertionError: 1 != 0 : (node:45572) ExperimentalWarning: SQLite is an experimental feature and might change at any time
(Use `node --trace-warnings ...` to show where the warning was created)
smoke AssertionError: Expected values to be strictly equal:

2 !== null
 p-approval-timeout MCP_APPROVAL_TIMEOUT]
                                      [--vram-mb VRAM_MB] [--region REGION]
                                      [--residency-domain RESIDENCY_DOMAIN]
                                      [--release-id RELEASE_ID]
                                      [--artifact-digest ARTIFACT_DIGEST]
                                      [--release-key-id RELEASE_KEY_ID]
                                      [--release-signature RELEASE_SIGNATURE]
                                      [--runtime-attestation-broker-url RUNTIME_ATTESTATION_BROKER_URL]
                                      [--runtime-attestation-broker-token RUNTIME_ATTESTATION_BROKER_TOKEN]
                                      [--runtime-attestation-timeout RUNTIME_ATTESTATION_TIMEOUT]
                                      [--dry-run]
                                      [--decision-url DECISION_URL] [--once]
embedding-idle-worker-probe.py: error: Poll interval must be at least 0.2 seconds

node:internal/modules/run_main:107
    triggerUncaughtException(
    ^

AssertionError [ERR_ASSERTION]: Expected values to be strictly equal:
+ actual - expected

+ 'AssertionError: Expected values to be strictly equal:\n\n2 !== null\n'
- null

    at runPhase (/Users/mdavliatshin/Developer/Agat-recovery-20260927/scripts/benchmark-embedding-worker-idle.ts:105:10)
    at process.processTicksAndRejections (node:internal/process/task_queues:104:5)
    at async file:///Users/mdavliatshin/Developer/Agat-recovery-20260927/[eval1]:2:1 {
  generatedMessage: true,
  code: 'ERR_ASSERTION',
  actual: 'AssertionError: Expected values to be strictly equal:\n\n2 !== null\n',
  expected: null,
  operator: 'strictEqual',
  diff: 'simple'
}

Node.js v24.14.0


======================================================================
FAIL: test_real_worker_lease_vectors_and_idle_snapshots (test_embedding_idle_worker_probe.WorkerIdleProbeTests.test_real_worker_lease_vectors_and_idle_snapshots) (batch=32, idle=0)
----------------------------------------------------------------------
Traceback (most recent call last):
  File "/Users/mdavliatshin/Developer/Agat-recovery-20260927/scripts/test/test_embedding_idle_worker_probe.py", line 41, in test_real_worker_lease_vectors_and_idle_snapshots
    self.assertEqual(done.returncode, 0, done.stdout + done.stderr)
    ~~~~~~~~~~~~~~~~^^^^^^^^^^^^^^^^^^^^^^^^^^^^^^^^^^^^^^^^^^^^^^^
AssertionError: 1 != 0 : (node:45577) ExperimentalWarning: SQLite is an experimental feature and might change at any time
(Use `node --trace-warnings ...` to show where the warning was created)
smoke AssertionError: Expected values to be strictly equal:

2 !== null
 p-approval-timeout MCP_APPROVAL_TIMEOUT]
                                      [--vram-mb VRAM_MB] [--region REGION]
                                      [--residency-domain RESIDENCY_DOMAIN]
                                      [--release-id RELEASE_ID]
                                      [--artifact-digest ARTIFACT_DIGEST]
                                      [--release-key-id RELEASE_KEY_ID]
                                      [--release-signature RELEASE_SIGNATURE]
                                      [--runtime-attestation-broker-url RUNTIME_ATTESTATION_BROKER_URL]
                                      [--runtime-attestation-broker-token RUNTIME_ATTESTATION_BROKER_TOKEN]
                                      [--runtime-attestation-timeout RUNTIME_ATTESTATION_TIMEOUT]
                                      [--dry-run]
                                      [--decision-url DECISION_URL] [--once]
embedding-idle-worker-probe.py: error: Poll interval must be at least 0.2 seconds

node:internal/modules/run_main:107
    triggerUncaughtException(
    ^

AssertionError [ERR_ASSERTION]: Expected values to be strictly equal:
+ actual - expected

+ 'AssertionError: Expected values to be strictly equal:\n\n2 !== null\n'
- null

    at runPhase (/Users/mdavliatshin/Developer/Agat-recovery-20260927/scripts/benchmark-embedding-worker-idle.ts:105:10)
    at process.processTicksAndRejections (node:internal/process/task_queues:104:5)
    at async file:///Users/mdavliatshin/Developer/Agat-recovery-20260927/[eval1]:2:1 {
  generatedMessage: true,
  code: 'ERR_ASSERTION',
  actual: 'AssertionError: Expected values to be strictly equal:\n\n2 !== null\n',
  expected: null,
  operator: 'strictEqual',
  diff: 'simple'
}

Node.js v24.14.0


======================================================================
FAIL: test_real_worker_lease_vectors_and_idle_snapshots (test_embedding_idle_worker_probe.WorkerIdleProbeTests.test_real_worker_lease_vectors_and_idle_snapshots) (batch=32, idle=0.15)
----------------------------------------------------------------------
Traceback (most recent call last):
  File "/Users/mdavliatshin/Developer/Agat-recovery-20260927/scripts/test/test_embedding_idle_worker_probe.py", line 41, in test_real_worker_lease_vectors_and_idle_snapshots
    self.assertEqual(done.returncode, 0, done.stdout + done.stderr)
    ~~~~~~~~~~~~~~~~^^^^^^^^^^^^^^^^^^^^^^^^^^^^^^^^^^^^^^^^^^^^^^^
AssertionError: 1 != 0 : (node:45584) ExperimentalWarning: SQLite is an experimental feature and might change at any time
(Use `node --trace-warnings ...` to show where the warning was created)
smoke AssertionError: Expected values to be strictly equal:

2 !== null
 p-approval-timeout MCP_APPROVAL_TIMEOUT]
                                      [--vram-mb VRAM_MB] [--region REGION]
                                      [--residency-domain RESIDENCY_DOMAIN]
                                      [--release-id RELEASE_ID]
                                      [--artifact-digest ARTIFACT_DIGEST]
                                      [--release-key-id RELEASE_KEY_ID]
                                      [--release-signature RELEASE_SIGNATURE]
                                      [--runtime-attestation-broker-url RUNTIME_ATTESTATION_BROKER_URL]
                                      [--runtime-attestation-broker-token RUNTIME_ATTESTATION_BROKER_TOKEN]
                                      [--runtime-attestation-timeout RUNTIME_ATTESTATION_TIMEOUT]
                                      [--dry-run]
                                      [--decision-url DECISION_URL] [--once]
embedding-idle-worker-probe.py: error: Poll interval must be at least 0.2 seconds

node:internal/modules/run_main:107
    triggerUncaughtException(
    ^

AssertionError [ERR_ASSERTION]: Expected values to be strictly equal:
+ actual - expected

+ 'AssertionError: Expected values to be strictly equal:\n\n2 !== null\n'
- null

    at runPhase (/Users/mdavliatshin/Developer/Agat-recovery-20260927/scripts/benchmark-embedding-worker-idle.ts:105:10)
    at process.processTicksAndRejections (node:internal/process/task_queues:104:5)
    at async file:///Users/mdavliatshin/Developer/Agat-recovery-20260927/[eval1]:2:1 {
  generatedMessage: true,
  code: 'ERR_ASSERTION',
  actual: 'AssertionError: Expected values to be strictly equal:\n\n2 !== null\n',
  expected: null,
  operator: 'strictEqual',
  diff: 'simple'
}

Node.js v24.14.0


======================================================================
FAIL: test_real_worker_lease_vectors_and_idle_snapshots (test_embedding_idle_worker_probe.WorkerIdleProbeTests.test_real_worker_lease_vectors_and_idle_snapshots)
----------------------------------------------------------------------
Traceback (most recent call last):
  File "/Users/mdavliatshin/Developer/Agat-recovery-20260927/scripts/test/test_embedding_idle_worker_probe.py", line 57, in test_real_worker_lease_vectors_and_idle_snapshots
    self.assertEqual(len(inputs), 16)
    ~~~~~~~~~~~~~~~~^^^^^^^^^^^^^^^^^
AssertionError: 0 != 16

----------------------------------------------------------------------
Ran 1 test in 3.513s

FAILED (failures=5)
