
> @agat/coordinator@1.7.0 build
> tsc -p tsconfig.json

(node:69349) ExperimentalWarning: SQLite is an experimental feature and might change at any time
(Use `node --trace-warnings ...` to show where the warning was created)
▶ PostgreSQL Fleet/HA integration
  ✔ real Python embedding worker bounds model HTTP and recovers on a new lease (oversized-success, isolated) (1266.802459ms)
  ℹ oversized-success/isolated: model calls=2, failed lease HTTP 200, replacement completion HTTP 200, failures=1, only replacement vector saved, both renewers exited, all transport subprocesses reaped
  ✔ real Python embedding worker bounds model HTTP and recovers on a new lease (unfinished-error, isolated) (1263.729875ms)
  ℹ unfinished-error/isolated: model calls=2, failed lease HTTP 200, replacement completion HTTP 200, failures=1, only replacement vector saved, both renewers exited, all transport subprocesses reaped
  ✔ real Python embedding worker bounds model HTTP and recovers on a new lease (slow-headers, isolated) (1857.185167ms)
  ℹ slow-headers/isolated: model calls=2, failed lease HTTP 200, replacement completion HTTP 200, failures=1, only replacement vector saved, both renewers exited, all transport subprocesses reaped
  ✔ real Python embedding worker bounds model HTTP and recovers on a new lease (slow-success, isolated) (1861.0495ms)
  ℹ slow-success/isolated: model calls=2, failed lease HTTP 200, replacement completion HTTP 200, failures=1, only replacement vector saved, both renewers exited, all transport subprocesses reaped
  ✔ real Python embedding worker bounds model HTTP and recovers on a new lease (slow-error, isolated) (1907.168292ms)
  ℹ slow-error/isolated: model calls=2, failed lease HTTP 200, replacement completion HTTP 200, failures=1, only replacement vector saved, both renewers exited, all transport subprocesses reaped
  ✔ real Python embedding worker bounds model HTTP and recovers on a new lease (oversized-success, session) (1245.953417ms)
  ℹ oversized-success/session: model calls=2, failed lease HTTP 200, replacement completion HTTP 200, failures=1, only replacement vector saved, both renewers exited, all transport subprocesses reaped
  ✔ real Python embedding worker bounds model HTTP and recovers on a new lease (unfinished-error, session) (1187.926333ms)
  ℹ unfinished-error/session: model calls=2, failed lease HTTP 200, replacement completion HTTP 200, failures=1, only replacement vector saved, both renewers exited, all transport subprocesses reaped
  ✔ real Python embedding worker bounds model HTTP and recovers on a new lease (slow-headers, session) (1891.777ms)
  ℹ slow-headers/session: model calls=2, failed lease HTTP 200, replacement completion HTTP 200, failures=1, only replacement vector saved, both renewers exited, all transport subprocesses reaped
  ✔ real Python embedding worker bounds model HTTP and recovers on a new lease (slow-success, session) (1889.838042ms)
  ℹ slow-success/session: model calls=2, failed lease HTTP 200, replacement completion HTTP 200, failures=1, only replacement vector saved, both renewers exited, all transport subprocesses reaped
  ✔ real Python embedding worker bounds model HTTP and recovers on a new lease (slow-error, session) (1892.275917ms)
  ℹ slow-error/session: model calls=2, failed lease HTTP 200, replacement completion HTTP 200, failures=1, only replacement vector saved, both renewers exited, all transport subprocesses reaped
  ✔ real Python embedding worker drains active model HTTP on SIGTERM and resumes pending work (renew-complete, isolated) (46805.391708ms)
  ℹ renew-complete/isolated: SIGTERM stopped admission; active terminal HTTP 200 after signal; real renewal HTTP 204 during drain; restart preserved settled data and completed only pending leases; all helper pipes/renewers closed
  ✔ real Python embedding worker drains active model HTTP on SIGTERM and resumes pending work (deadline, isolated) (4955.131083ms)
  ℹ deadline/isolated: SIGTERM stopped admission; active terminal HTTP 200 after signal; deadline killed and reaped helper; restart preserved settled data and completed only pending leases; all helper pipes/renewers closed
  ✔ real Python embedding worker drains active model HTTP on SIGTERM and resumes pending work (renew-complete, session) (46798.42375ms)
  ℹ renew-complete/session: SIGTERM stopped admission; active terminal HTTP 200 after signal; real renewal HTTP 204 during drain; restart preserved settled data and completed only pending leases; all helper pipes/renewers closed
  ✔ real Python embedding worker drains active model HTTP on SIGTERM and resumes pending work (deadline, session) (4882.267625ms)
  ℹ deadline/session: SIGTERM stopped admission; active terminal HTTP 200 after signal; deadline killed and reaped helper; restart preserved settled data and completed only pending leases; all helper pipes/renewers closed
  ✔ real Python embedding helper exits when its worker is killed during model HTTP (headers, isolated) (1323.615375ms)
  ℹ headers/isolated: worker SIGKILL; model HTTP closed after 42.0 ms; no stale terminal POST; lease recovered through maintenance; exactly one replacement vector and ready event
  ✔ real Python embedding helper exits when its worker is killed during model HTTP (body, isolated) (1304.134916ms)
  ℹ body/isolated: worker SIGKILL; model HTTP closed after 44.9 ms; no stale terminal POST; lease recovered through maintenance; exactly one replacement vector and ready event
  ✔ real Python embedding helper exits when its worker is killed during model HTTP (headers, session) (1347.133458ms)
  ℹ headers/session: worker SIGKILL; model HTTP closed after 65.3 ms; no stale terminal POST; lease recovered through maintenance; exactly one replacement vector and ready event
  ✔ real Python embedding helper exits when its worker is killed during model HTTP (body, session) (1397.683166ms)
  ℹ body/session: worker SIGKILL; model HTTP closed after 43.9 ms; no stale terminal POST; lease recovered through maintenance; exactly one replacement vector and ready event
  ✔ real Python embedding worker suppresses obsolete replies after renewal rejects ownership during model HTTP (isolated) (46031.780583ms)
  ℹ Renewal HTTP 404; obsolete terminal HTTP attempts=none; model calls=1
  ✔ real Python embedding worker suppresses obsolete replies after renewal rejects ownership during model HTTP (session) (46020.613333ms)
  ℹ Renewal HTTP 404; obsolete terminal HTTP attempts=none; model calls=1
  ✔ real Python embedding worker releases its slot and renewer after lost COMMIT acknowledgement (disconnect, dry-run) (1578.559875ms)
  ℹ Python 3.14.3/disconnect/dry-run: completion HTTP 503/200/200, 34 exact vectors, 3 events, 3 renewers exited, no live worker threads
  ✔ real Python embedding worker releases its slot and renewer after lost COMMIT acknowledgement (withhold, dry-run) (2568.317458ms)
  ℹ Python 3.14.3/withhold/dry-run: completion HTTP 503/200/200, 34 exact vectors, 3 events, 3 renewers exited, no live worker threads
  ✔ real Python embedding worker releases its slot and renewer after lost COMMIT acknowledgement (disconnect, isolated) (1673.433458ms)
  ℹ Python 3.14.3/disconnect/isolated: completion HTTP 503/200/200, 34 exact vectors, 3 events, 3 renewers exited, no live worker threads
  ✔ real Python embedding worker releases its slot and renewer after lost COMMIT acknowledgement (withhold, isolated) (2652.45525ms)
  ℹ Python 3.14.3/withhold/isolated: completion HTTP 503/200/200, 34 exact vectors, 3 events, 3 renewers exited, no live worker threads
  ✔ real Python embedding worker releases its slot and renewer after lost COMMIT acknowledgement (disconnect, session) (1745.495042ms)
  ℹ Python 3.14.3/disconnect/session: completion HTTP 503/200/200, 34 exact vectors, 3 events, 3 renewers exited, no live worker threads
  ✔ real Python embedding worker releases its slot and renewer after lost COMMIT acknowledgement (withhold, session) (2607.506959ms)
  ℹ Python 3.14.3/withhold/session: completion HTTP 503/200/200, 34 exact vectors, 3 events, 3 renewers exited, no live worker threads
✔ PostgreSQL Fleet/HA integration (231310.719334ms)
ℹ tests 26
ℹ suites 1
ℹ pass 26
ℹ fail 0
ℹ cancelled 0
ℹ skipped 0
ℹ todo 0
ℹ duration_ms 231736.913208
