
> @agat/coordinator@1.7.0 build
> tsc -p tsconfig.json

(node:66804) ExperimentalWarning: SQLite is an experimental feature and might change at any time
(Use `node --trace-warnings ...` to show where the warning was created)
▶ PostgreSQL Fleet/HA integration
  ✔ real Python embedding helper exits when its worker is killed during model HTTP (headers, isolated) (1379.905334ms)
  ℹ headers/isolated: worker SIGKILL; model HTTP closed after 45.0 ms; no stale terminal POST; lease recovered through maintenance; exactly one replacement vector and ready event
  ✔ real Python embedding helper exits when its worker is killed during model HTTP (body, isolated) (1369.259416ms)
  ℹ body/isolated: worker SIGKILL; model HTTP closed after 65.5 ms; no stale terminal POST; lease recovered through maintenance; exactly one replacement vector and ready event
  ✔ real Python embedding helper exits when its worker is killed during model HTTP (headers, session) (1383.178833ms)
  ℹ headers/session: worker SIGKILL; model HTTP closed after 42.1 ms; no stale terminal POST; lease recovered through maintenance; exactly one replacement vector and ready event
  ✔ real Python embedding helper exits when its worker is killed during model HTTP (body, session) (1307.827916ms)
  ℹ body/session: worker SIGKILL; model HTTP closed after 44.1 ms; no stale terminal POST; lease recovered through maintenance; exactly one replacement vector and ready event
✔ PostgreSQL Fleet/HA integration (6821.264625ms)
ℹ tests 4
ℹ suites 1
ℹ pass 4
ℹ fail 0
ℹ cancelled 0
ℹ skipped 0
ℹ todo 0
ℹ duration_ms 7352.243583
