
> @agat/coordinator@1.7.0 build
> tsc -p tsconfig.json


> @agat/temporal-worker@1.7.0 build
> tsc -p tsconfig.json && node dist/build-workflows.js

2026-09-28T00:01:12.724Z [INFO] asset workflow-bundle-9e9ed6124776fa4b9480.js 1.26 MiB [emitted] [immutable] (name: main)
runtime modules 1.34 KiB 4 modules
modules by path ../../node_modules/@temporalio/ 391 KiB
  modules by path ../../node_modules/@temporalio/common/lib/ 167 KiB 36 modules
  modules by path ../../node_modules/@temporalio/workflow/ 224 KiB 29 modules
modules by path ../../node_modules/nexus-rpc/lib/ 22.8 KiB 13 modules
modules by path ./src/ 4.02 KiB
  ./src/workflows-autogenerated-entrypoint.cjs 520 bytes [built] [code generated]
  ./src/workflows.ts 3.51 KiB [built] [code generated]
optional modules 30 bytes [optional]
  __temporal_custom_payload_converter (ignored) 15 bytes [optional] [built] [code generated]
  __temporal_custom_failure_converter (ignored) 15 bytes [optional] [built] [code generated]
../../node_modules/long/umd/index.js 49.8 KiB [built] [code generated]
../../node_modules/ms/dist/index.cjs 3.41 KiB [built] [code generated]
webpack 5.109.2 compiled successfully in 215 ms
2026-09-28T00:01:12.727Z [INFO] Workflow bundle created { size: '1.26MB' }
(node:38130) ExperimentalWarning: SQLite is an experimental feature and might change at any time
(Use `node --trace-warnings ...` to show where the warning was created)
2026-09-28T00:01:31.908Z [INFO] Worker state changed {
  sdkComponent: 'worker',
  taskQueue: 'fake_replay_queue-0',
  state: 'RUNNING'
}
2026-09-28T00:01:31.951Z [INFO] Worker state changed {
  sdkComponent: 'worker',
  taskQueue: 'fake_replay_queue-0',
  state: 'STOPPING'
}
2026-09-28T00:01:31.951Z [INFO] Worker state changed {
  sdkComponent: 'worker',
  taskQueue: 'fake_replay_queue-0',
  state: 'DRAINING'
}
2026-09-28T00:01:31.952Z [INFO] Worker state changed {
  sdkComponent: 'worker',
  taskQueue: 'fake_replay_queue-0',
  state: 'DRAINED'
}
2026-09-28T00:01:31.952Z [INFO] Worker state changed {
  sdkComponent: 'worker',
  taskQueue: 'fake_replay_queue-0',
  state: 'STOPPED'
}
✔ Temporal RAG isolated: retries a lost tick reply, restores a killed worker and replays without model calls (18346.233458ms)
✖ Temporal RAG session: retries a lost tick reply, restores a killed worker and replays without model calls (18487.863875ms)
ℹ tests 2
ℹ suites 0
ℹ pass 1
ℹ fail 1
ℹ cancelled 0
ℹ skipped 0
ℹ todo 0
ℹ duration_ms 37454.948417

✖ failing tests:

test at apps/coordinator/test/temporal-rag.integration.test.ts:1:3358
✖ Temporal RAG session: retries a lost tick reply, restores a killed worker and replays without model calls (18487.863875ms)
  AssertionError [ERR_ASSERTION] [ERR_ASSERTION]: The durable wait must fire through Temporal: [{"path":"/api/v1/internal/processes/93c81a8b-e857-4c4b-b2f8-b1578f3ad910/tick","response":{"instanceId":"93c81a8b-e857-4c4b-b2f8-b1578f3ad910","status":"queued","currentNodeId":"extract","currentNodeType":"agent","waitUntil":null,"transitionCount":2,"activeNodeIds":["extract"],"pendingSignalNames":[],"updatedAt":"2026-09-28T00:01:33.186Z"},"dropped":true},{"path":"/api/v1/internal/processes/93c81a8b-e857-4c4b-b2f8-b1578f3ad910/tick","response":{"instanceId":"93c81a8b-e857-4c4b-b2f8-b1578f3ad910","status":"running","currentNodeId":"analyze","currentNodeType":"agent","waitUntil":null,"transitionCount":3,"activeNodeIds":["analyze"],"pendingSignalNames":[],"updatedAt":"2026-09-28T00:01:33.568Z"},"dropped":false},{"path":"/api/v1/internal/processes/93c81a8b-e857-4c4b-b2f8-b1578f3ad910/tick","response":{"instanceId":"93c81a8b-e857-4c4b-b2f8-b1578f3ad910","status":"queued","currentNodeId":"review","currentNodeType":"agent","waitUntil":null,"transitionCount":5,"activeNodeIds":["review"],"pendingSignalNames":[],"updatedAt":"2026-09-28T00:01:50.348Z"},"dropped":false},{"path":"/api/v1/internal/processes/93c81a8b-e857-4c4b-b2f8-b1578f3ad910/tick","response":{"instanceId":"93c81a8b-e857-4c4b-b2f8-b1578f3ad910","status":"queued","currentNodeId":"review","currentNodeType":"agent","waitUntil":null,"transitionCount":5,"activeNodeIds":["review"],"pendingSignalNames":[],"updatedAt":"2026-09-28T00:01:50.348Z"},"dropped":false},{"path":"/api/v1/internal/processes/93c81a8b-e857-4c4b-b2f8-b1578f3ad910/tick","response":{"instanceId":"93c81a8b-e857-4c4b-b2f8-b1578f3ad910","status":"completed","currentNodeId":"end","currentNodeType":"end","waitUntil":null,"transitionCount":6,"activeNodeIds":[],"pendingSignalNames":[],"updatedAt":"2026-09-28T00:01:50.406Z"},"dropped":false}]
      at TestContext.<anonymous> (file:///private/tmp/agat-temporal-rag-20260928/apps/coordinator/test/temporal-rag.integration.test.ts:12:6573)
      at process.processTicksAndRejections (node:internal/process/task_queues:104:5)
      at async Test.run (node:internal/test_runner/test:1125:7)
      at async Test.processPendingSubtests (node:internal/test_runner/test:787:7) {
    generatedMessage: false,
    code: 'ERR_ASSERTION',
    actual: false,
    expected: true,
    operator: '==',
    diff: 'simple'
  }
