
> agat-platform@1.7.0 fleet:test-temporal-postgres-rag
> bash scripts/test-temporal-postgres-rag.sh


> @agat/coordinator@1.7.0 build
> tsc -p tsconfig.json

(node:33097) ExperimentalWarning: SQLite is an experimental feature and might change at any time
(Use `node --trace-warnings ...` to show where the warning was created)
{"schemaVersion":30,"contractId":"agat-scheduled-cancellation-intent-v30","admissionReportSha256":"c93470d9f0c3a3dd4b98b0a6a37a1c7f35ebb949dc2fc06bb47a6f1d95dc4582","admissionOperations":141,"admissionP99Ms":26.234}

> @agat/coordinator@1.7.0 build
> tsc -p tsconfig.json


> @agat/temporal-worker@1.7.0 build
> tsc -p tsconfig.json && node dist/build-workflows.js

2026-09-28T03:28:32.250Z [INFO] asset workflow-bundle-1c766690c6be022b3607.js 1.28 MiB [emitted] [immutable] (name: main)
runtime modules 1.34 KiB 4 modules
modules by path ../../node_modules/@temporalio/ 391 KiB
  modules by path ../../node_modules/@temporalio/common/lib/ 167 KiB 36 modules
  modules by path ../../node_modules/@temporalio/workflow/ 224 KiB 29 modules
modules by path ../../node_modules/nexus-rpc/lib/ 22.8 KiB 13 modules
modules by path ./src/ 10.4 KiB
  ./src/workflows-autogenerated-entrypoint.cjs 520 bytes [built] [code generated]
  ./src/workflows.ts 9.84 KiB [built] [code generated]
  ./src/contracts.ts 65 bytes [built] [code generated]
optional modules 30 bytes [optional]
  __temporal_custom_payload_converter (ignored) 15 bytes [optional] [built] [code generated]
  __temporal_custom_failure_converter (ignored) 15 bytes [optional] [built] [code generated]
../../node_modules/long/umd/index.js 49.8 KiB [built] [code generated]
../../node_modules/ms/dist/index.cjs 3.41 KiB [built] [code generated]
webpack 5.109.2 compiled successfully in 2770 ms
2026-09-28T03:28:32.265Z [INFO] Workflow bundle created { size: '1.28MB' }
(node:34021) ExperimentalWarning: SQLite is an experimental feature and might change at any time
(Use `node --trace-warnings ...` to show where the warning was created)
✔ apps/coordinator/test/temporal-cancellation.integration.test.ts (3248.281625ms)
(node:34022) ExperimentalWarning: SQLite is an experimental feature and might change at any time
(Use `node --trace-warnings ...` to show where the warning was created)
✔ apps/coordinator/test/temporal-process-retry.integration.test.ts (3338.108209ms)
(node:34023) ExperimentalWarning: SQLite is an experimental feature and might change at any time
(Use `node --trace-warnings ...` to show where the warning was created)
2026-09-28T03:28:59.883Z [INFO] Worker state changed {
  sdkComponent: 'worker',
  taskQueue: 'fake_replay_queue-0',
  state: 'RUNNING'
}
2026-09-28T03:28:59.929Z [INFO] Worker state changed {
  sdkComponent: 'worker',
  taskQueue: 'fake_replay_queue-0',
  state: 'STOPPING'
}
2026-09-28T03:28:59.929Z [INFO] Worker state changed {
  sdkComponent: 'worker',
  taskQueue: 'fake_replay_queue-0',
  state: 'DRAINING'
}
2026-09-28T03:28:59.929Z [INFO] Worker state changed {
  sdkComponent: 'worker',
  taskQueue: 'fake_replay_queue-0',
  state: 'DRAINED'
}
2026-09-28T03:28:59.929Z [INFO] Worker state changed {
  sdkComponent: 'worker',
  taskQueue: 'fake_replay_queue-0',
  state: 'STOPPED'
}
✔ Temporal RAG postgresql/isolated/recover: retries a lost tick reply, restores a killed worker and replays without model calls (21282.043416ms)
2026-09-28T03:29:20.051Z [INFO] Worker state changed {
  sdkComponent: 'worker',
  taskQueue: 'fake_replay_queue-1',
  state: 'RUNNING'
}
2026-09-28T03:29:20.068Z [INFO] Worker state changed {
  sdkComponent: 'worker',
  taskQueue: 'fake_replay_queue-1',
  state: 'STOPPING'
}
2026-09-28T03:29:20.068Z [INFO] Worker state changed {
  sdkComponent: 'worker',
  taskQueue: 'fake_replay_queue-1',
  state: 'DRAINING'
}
2026-09-28T03:29:20.068Z [INFO] Worker state changed {
  sdkComponent: 'worker',
  taskQueue: 'fake_replay_queue-1',
  state: 'DRAINED'
}
2026-09-28T03:29:20.068Z [INFO] Worker state changed {
  sdkComponent: 'worker',
  taskQueue: 'fake_replay_queue-1',
  state: 'STOPPED'
}
✔ Temporal RAG postgresql/isolated/cancel: cancels an active primary call and rejects its late output (20141.79725ms)
2026-09-28T03:30:13.528Z [INFO] Worker state changed {
  sdkComponent: 'worker',
  taskQueue: 'fake_replay_queue-2',
  state: 'RUNNING'
}
2026-09-28T03:30:13.557Z [INFO] Worker state changed {
  sdkComponent: 'worker',
  taskQueue: 'fake_replay_queue-2',
  state: 'STOPPING'
}
2026-09-28T03:30:13.557Z [INFO] Worker state changed {
  sdkComponent: 'worker',
  taskQueue: 'fake_replay_queue-2',
  state: 'DRAINING'
}
2026-09-28T03:30:13.557Z [INFO] Worker state changed {
  sdkComponent: 'worker',
  taskQueue: 'fake_replay_queue-2',
  state: 'DRAINED'
}
2026-09-28T03:30:13.557Z [INFO] Worker state changed {
  sdkComponent: 'worker',
  taskQueue: 'fake_replay_queue-2',
  state: 'STOPPED'
}
✔ Temporal RAG postgresql/isolated/interrupt: interrupts blocked primary HTTP after lease rejection and reuses the worker slot (60214.759625ms)
2026-09-28T03:31:13.622Z [INFO] Worker state changed {
  sdkComponent: 'worker',
  taskQueue: 'fake_replay_queue-3',
  state: 'RUNNING'
}
2026-09-28T03:31:13.660Z [INFO] Worker state changed {
  sdkComponent: 'worker',
  taskQueue: 'fake_replay_queue-3',
  state: 'STOPPING'
}
2026-09-28T03:31:13.660Z [INFO] Worker state changed {
  sdkComponent: 'worker',
  taskQueue: 'fake_replay_queue-3',
  state: 'DRAINING'
}
2026-09-28T03:31:13.660Z [INFO] Worker state changed {
  sdkComponent: 'worker',
  taskQueue: 'fake_replay_queue-3',
  state: 'DRAINED'
}
2026-09-28T03:31:13.660Z [INFO] Worker state changed {
  sdkComponent: 'worker',
  taskQueue: 'fake_replay_queue-3',
  state: 'STOPPED'
}
✔ Temporal RAG postgresql/isolated/query-interrupt: interrupts blocked query embedding HTTP after lease rejection and reuses the worker slot (60039.510709ms)
2026-09-28T03:32:13.715Z [INFO] Worker state changed {
  sdkComponent: 'worker',
  taskQueue: 'fake_replay_queue-4',
  state: 'RUNNING'
}
2026-09-28T03:32:13.742Z [INFO] Worker state changed {
  sdkComponent: 'worker',
  taskQueue: 'fake_replay_queue-4',
  state: 'STOPPING'
}
2026-09-28T03:32:13.742Z [INFO] Worker state changed {
  sdkComponent: 'worker',
  taskQueue: 'fake_replay_queue-4',
  state: 'DRAINING'
}
2026-09-28T03:32:13.742Z [INFO] Worker state changed {
  sdkComponent: 'worker',
  taskQueue: 'fake_replay_queue-4',
  state: 'DRAINED'
}
2026-09-28T03:32:13.742Z [INFO] Worker state changed {
  sdkComponent: 'worker',
  taskQueue: 'fake_replay_queue-4',
  state: 'STOPPED'
}
✔ Temporal RAG postgresql/isolated/search-interrupt: interrupts blocked coordinator search HTTP after lease rejection and reuses the worker slot (59985.818917ms)
2026-09-28T03:32:39.848Z [INFO] Worker state changed {
  sdkComponent: 'worker',
  taskQueue: 'fake_replay_queue-5',
  state: 'RUNNING'
}
2026-09-28T03:32:39.873Z [INFO] Worker state changed {
  sdkComponent: 'worker',
  taskQueue: 'fake_replay_queue-5',
  state: 'STOPPING'
}
2026-09-28T03:32:39.873Z [INFO] Worker state changed {
  sdkComponent: 'worker',
  taskQueue: 'fake_replay_queue-5',
  state: 'DRAINING'
}
2026-09-28T03:32:39.873Z [INFO] Worker state changed {
  sdkComponent: 'worker',
  taskQueue: 'fake_replay_queue-5',
  state: 'DRAINED'
}
2026-09-28T03:32:39.873Z [INFO] Worker state changed {
  sdkComponent: 'worker',
  taskQueue: 'fake_replay_queue-5',
  state: 'STOPPED'
}
✔ Temporal RAG postgresql/session/recover: retries a lost tick reply, restores a killed worker and replays without model calls (19573.580083ms)
2026-09-28T03:33:00.088Z [INFO] Worker state changed {
  sdkComponent: 'worker',
  taskQueue: 'fake_replay_queue-6',
  state: 'RUNNING'
}
2026-09-28T03:33:00.107Z [INFO] Worker state changed {
  sdkComponent: 'worker',
  taskQueue: 'fake_replay_queue-6',
  state: 'STOPPING'
}
2026-09-28T03:33:00.107Z [INFO] Worker state changed {
  sdkComponent: 'worker',
  taskQueue: 'fake_replay_queue-6',
  state: 'DRAINING'
}
2026-09-28T03:33:00.107Z [INFO] Worker state changed {
  sdkComponent: 'worker',
  taskQueue: 'fake_replay_queue-6',
  state: 'DRAINED'
}
2026-09-28T03:33:00.107Z [INFO] Worker state changed {
  sdkComponent: 'worker',
  taskQueue: 'fake_replay_queue-6',
  state: 'STOPPED'
}
✔ Temporal RAG postgresql/session/cancel: cancels an active primary call and rejects its late output (20242.573958ms)
2026-09-28T03:33:53.397Z [INFO] Worker state changed {
  sdkComponent: 'worker',
  taskQueue: 'fake_replay_queue-7',
  state: 'RUNNING'
}
2026-09-28T03:33:53.423Z [INFO] Worker state changed {
  sdkComponent: 'worker',
  taskQueue: 'fake_replay_queue-7',
  state: 'STOPPING'
}
2026-09-28T03:33:53.423Z [INFO] Worker state changed {
  sdkComponent: 'worker',
  taskQueue: 'fake_replay_queue-7',
  state: 'DRAINING'
}
2026-09-28T03:33:53.423Z [INFO] Worker state changed {
  sdkComponent: 'worker',
  taskQueue: 'fake_replay_queue-7',
  state: 'DRAINED'
}
2026-09-28T03:33:53.423Z [INFO] Worker state changed {
  sdkComponent: 'worker',
  taskQueue: 'fake_replay_queue-7',
  state: 'STOPPED'
}
✔ Temporal RAG postgresql/session/interrupt: interrupts blocked primary HTTP after lease rejection and reuses the worker slot (59920.271459ms)
2026-09-28T03:34:53.530Z [INFO] Worker state changed {
  sdkComponent: 'worker',
  taskQueue: 'fake_replay_queue-8',
  state: 'RUNNING'
}
2026-09-28T03:34:53.553Z [INFO] Worker state changed {
  sdkComponent: 'worker',
  taskQueue: 'fake_replay_queue-8',
  state: 'STOPPING'
}
2026-09-28T03:34:53.553Z [INFO] Worker state changed {
  sdkComponent: 'worker',
  taskQueue: 'fake_replay_queue-8',
  state: 'DRAINING'
}
2026-09-28T03:34:53.554Z [INFO] Worker state changed {
  sdkComponent: 'worker',
  taskQueue: 'fake_replay_queue-8',
  state: 'DRAINED'
}
2026-09-28T03:34:53.554Z [INFO] Worker state changed {
  sdkComponent: 'worker',
  taskQueue: 'fake_replay_queue-8',
  state: 'STOPPED'
}
✔ Temporal RAG postgresql/session/query-interrupt: interrupts blocked query embedding HTTP after lease rejection and reuses the worker slot (59993.354709ms)
2026-09-28T03:35:53.928Z [INFO] Worker state changed {
  sdkComponent: 'worker',
  taskQueue: 'fake_replay_queue-9',
  state: 'RUNNING'
}
2026-09-28T03:35:53.951Z [INFO] Worker state changed {
  sdkComponent: 'worker',
  taskQueue: 'fake_replay_queue-9',
  state: 'STOPPING'
}
2026-09-28T03:35:53.951Z [INFO] Worker state changed {
  sdkComponent: 'worker',
  taskQueue: 'fake_replay_queue-9',
  state: 'DRAINING'
}
2026-09-28T03:35:53.951Z [INFO] Worker state changed {
  sdkComponent: 'worker',
  taskQueue: 'fake_replay_queue-9',
  state: 'DRAINED'
}
2026-09-28T03:35:53.951Z [INFO] Worker state changed {
  sdkComponent: 'worker',
  taskQueue: 'fake_replay_queue-9',
  state: 'STOPPED'
}
✔ Temporal RAG postgresql/session/search-interrupt: interrupts blocked coordinator search HTTP after lease rejection and reuses the worker slot (60382.155541ms)
(node:34024) ExperimentalWarning: SQLite is an experimental feature and might change at any time
(Use `node --trace-warnings ...` to show where the warning was created)
✔ apps/coordinator/test/temporal-scheduled-cancellation.integration.test.ts (3165.057166ms)
(node:34025) ExperimentalWarning: SQLite is an experimental feature and might change at any time
(Use `node --trace-warnings ...` to show where the warning was created)
✔ apps/coordinator/test/temporal-scheduled-reconciliation.integration.test.ts (3151.9455ms)
(node:34026) ExperimentalWarning: SQLite is an experimental feature and might change at any time
(Use `node --trace-warnings ...` to show where the warning was created)
✔ apps/coordinator/test/temporal-scheduled-retry.integration.test.ts (3080.390083ms)
(node:34027) ExperimentalWarning: SQLite is an experimental feature and might change at any time
(Use `node --trace-warnings ...` to show where the warning was created)
✔ apps/coordinator/test/temporal-scheduled-start.integration.test.ts (3296.246334ms)
ℹ tests 16
ℹ suites 0
ℹ pass 16
ℹ fail 0
ℹ cancelled 0
ℹ skipped 0
ℹ todo 0
ℹ duration_ms 444919.081958
