
> @agat/coordinator@1.7.0 build
> tsc -p tsconfig.json

(node:93511) ExperimentalWarning: SQLite is an experimental feature and might change at any time
(Use `node --trace-warnings ...` to show where the warning was created)
(node:93511) ExperimentalWarning: SQLite is an experimental feature and might change at any time
(Use `node --trace-warnings ...` to show where the warning was created)
▶ PostgreSQL Fleet/HA integration
  ✔ enforces the retrieval deadline while main is blocked renewing the same stage (3298.169459ms)
  ✔ rejects shadow results when the lease expires during stage lock over HTTP (6056.746125ms)
  ℹ After expiry at stage lock: HTTP 400, observation=false, events=0
  ✔ rejects shadow results when the lease expires during event insert over HTTP (5981.261ms)
  ℹ After expiry at event insert: HTTP 400, observation=false, events=0
  ✔ rejects shadow results when the lease expires during idempotent retry over HTTP (6067.178709ms)
  ℹ After expiry at idempotent retry: HTTP 400, observation=true, events=1
  ✔ shares state between replicas, serializes project quota and enforces RLS (566.41475ms)
✔ PostgreSQL Fleet/HA integration (23456.737667ms)
ℹ tests 5
ℹ suites 1
ℹ pass 5
ℹ fail 0
ℹ cancelled 0
ℹ skipped 0
ℹ todo 0
ℹ duration_ms 24003.552417
