
> agat-platform@1.7.0 fleet:test-temporal-rag
> bash scripts/test-temporal-rag.sh --test-name-pattern=Temporal scheduled cancellation fences


> @agat/coordinator@1.7.0 build
> tsc -p tsconfig.json


> @agat/temporal-worker@1.7.0 build
> tsc -p tsconfig.json && node dist/build-workflows.js

2026-09-28T01:25:02.944Z [INFO] asset workflow-bundle-edcf871c1b5be6f888ca.js 1.26 MiB [emitted] [immutable] (name: main)
runtime modules 1.34 KiB 4 modules
modules by path ../../node_modules/@temporalio/ 391 KiB
  modules by path ../../node_modules/@temporalio/common/lib/ 167 KiB 36 modules
  modules by path ../../node_modules/@temporalio/workflow/ 224 KiB 29 modules
modules by path ../../node_modules/nexus-rpc/lib/ 22.8 KiB 13 modules
modules by path ./src/ 5.47 KiB
  ./src/workflows-autogenerated-entrypoint.cjs 520 bytes [built] [code generated]
  ./src/workflows.ts 4.96 KiB [built] [code generated]
optional modules 30 bytes [optional]
  __temporal_custom_payload_converter (ignored) 15 bytes [optional] [built] [code generated]
  __temporal_custom_failure_converter (ignored) 15 bytes [optional] [built] [code generated]
../../node_modules/long/umd/index.js 49.8 KiB [built] [code generated]
../../node_modules/ms/dist/index.cjs 3.41 KiB [built] [code generated]
webpack 5.109.2 compiled successfully in 260 ms
2026-09-28T01:25:02.947Z [INFO] Workflow bundle created { size: '1.26MB' }
(node:17756) ExperimentalWarning: SQLite is an experimental feature and might change at any time
(Use `node --trace-warnings ...` to show where the warning was created)
✔ apps/coordinator/test/temporal-cancellation.integration.test.ts (1099.947625ms)
(node:17757) ExperimentalWarning: SQLite is an experimental feature and might change at any time
(Use `node --trace-warnings ...` to show where the warning was created)
✔ apps/coordinator/test/temporal-rag.integration.test.ts (1116.577167ms)
(node:17758) ExperimentalWarning: SQLite is an experimental feature and might change at any time
(Use `node --trace-warnings ...` to show where the warning was created)
✖ Temporal scheduled cancellation fences creation before-commit (1324.007541ms)
✖ Temporal scheduled cancellation fences creation after-commit (1279.689ms)
(node:17759) ExperimentalWarning: SQLite is an experimental feature and might change at any time
(Use `node --trace-warnings ...` to show where the warning was created)
✔ apps/coordinator/test/temporal-scheduled-reconciliation.integration.test.ts (1112.114333ms)
(node:17760) ExperimentalWarning: SQLite is an experimental feature and might change at any time
(Use `node --trace-warnings ...` to show where the warning was created)
✔ apps/coordinator/test/temporal-scheduled-start.integration.test.ts (1084.426375ms)
ℹ tests 6
ℹ suites 0
ℹ pass 4
ℹ fail 2
ℹ cancelled 0
ℹ skipped 0
ℹ todo 0
ℹ duration_ms 3708.940042

✖ failing tests:

test at apps/coordinator/test/temporal-scheduled-cancellation.integration.test.ts:1:627
✖ Temporal scheduled cancellation fences creation before-commit (1324.007541ms)
  AssertionError [ERR_ASSERTION]: Expected values to be strictly equal:

  1 !== 0

      at TestContext.<anonymous> (/private/tmp/agat-temporal-rag-20260928/apps/coordinator/test/temporal-scheduled-cancellation.integration.test.ts:94:12)
      at process.processTicksAndRejections (node:internal/process/task_queues:104:5)
      at async Test.run (node:internal/test_runner/test:1125:7)
      at async startSubtestAfterBootstrap (node:internal/test_runner/harness:358:3) {
    generatedMessage: true,
    code: 'ERR_ASSERTION',
    actual: 1,
    expected: 0,
    operator: 'strictEqual',
    diff: 'simple'
  }

test at apps/coordinator/test/temporal-scheduled-cancellation.integration.test.ts:1:627
✖ Temporal scheduled cancellation fences creation after-commit (1279.689ms)
  AssertionError [ERR_ASSERTION]: Expected values to be strictly equal:
  + actual - expected

  + 'waiting_external'
  - 'cancelled'

      at TestContext.<anonymous> (/private/tmp/agat-temporal-rag-20260928/apps/coordinator/test/temporal-scheduled-cancellation.integration.test.ts:97:19)
      at process.processTicksAndRejections (node:internal/process/task_queues:104:5)
      at async Test.run (node:internal/test_runner/test:1125:7)
      at async Test.processPendingSubtests (node:internal/test_runner/test:787:7) {
    generatedMessage: true,
    code: 'ERR_ASSERTION',
    actual: 'waiting_external',
    expected: 'cancelled',
    operator: 'strictEqual',
    diff: 'simple'
  }
