
> agat-platform@1.7.0 test:temporal
> npm run test --workspace @agat/temporal-worker


> @agat/temporal-worker@1.7.0 test
> npm run build && node --test test/*.test.mjs && npm run replay


> @agat/temporal-worker@1.7.0 build
> tsc -p tsconfig.json && node dist/build-workflows.js

2026-09-27T23:54:11.643Z [INFO] asset workflow-bundle-9e9ed6124776fa4b9480.js 1.26 MiB [emitted] [immutable] (name: main)
runtime modules 1.34 KiB 4 modules
modules by path ../../node_modules/@temporalio/ 391 KiB
  modules by path ../../node_modules/@temporalio/common/lib/ 167 KiB 36 modules
  modules by path ../../node_modules/@temporalio/workflow/ 224 KiB 29 modules
modules by path ../../node_modules/nexus-rpc/lib/ 22.8 KiB 13 modules
modules by path ./src/ 4.02 KiB
  ./src/workflows-autogenerated-entrypoint.cjs 520 bytes [built] [code generated]
  ./src/workflows.ts 3.51 KiB [built] [code generated]
optional modules 30 bytes [optional]
  __temporal_custom_payload_converter (ignored) 15 bytes [optional] [built] [code generated]
  __temporal_custom_failure_converter (ignored) 15 bytes [optional] [built] [code generated]
../../node_modules/long/umd/index.js 49.8 KiB [built] [code generated]
../../node_modules/ms/dist/index.cjs 3.41 KiB [built] [code generated]
webpack 5.109.2 compiled successfully in 246 ms
2026-09-27T23:54:11.645Z [INFO] Workflow bundle created { size: '1.26MB' }
▶ Temporal worker production configuration
  ✔ keeps local development explicitly unversioned and insecure (0.913ms)
  ✔ requires TLS, credentials and immutable versioning for Temporal Cloud (1.317458ms)
  ✔ rejects partial mTLS and unsafe production fallbacks (0.326875ms)
✔ Temporal worker production configuration (3.305209ms)
ℹ tests 3
ℹ suites 1
ℹ pass 3
ℹ fail 0
ℹ cancelled 0
ℹ skipped 0
ℹ todo 0
ℹ duration_ms 97.203625

> @agat/temporal-worker@1.7.0 replay
> node dist/replay-fixtures.js

2026-09-27T23:54:12.285Z [INFO] Worker state changed {
  sdkComponent: 'worker',
  taskQueue: 'agat-agat-process-completed-v1-0',
  state: 'RUNNING'
}
2026-09-27T23:54:12.327Z [INFO] Worker state changed {
  sdkComponent: 'worker',
  taskQueue: 'agat-agat-process-completed-v1-0',
  state: 'STOPPING'
}
2026-09-27T23:54:12.327Z [INFO] Worker state changed {
  sdkComponent: 'worker',
  taskQueue: 'agat-agat-process-completed-v1-0',
  state: 'DRAINING'
}
2026-09-27T23:54:12.327Z [INFO] Worker state changed {
  sdkComponent: 'worker',
  taskQueue: 'agat-agat-process-completed-v1-0',
  state: 'DRAINED'
}
2026-09-27T23:54:12.327Z [INFO] Worker state changed {
  sdkComponent: 'worker',
  taskQueue: 'agat-agat-process-completed-v1-0',
  state: 'STOPPED'
}
replay ok · agat-process-completed-v1.json · agatProcessWorkflow completes after a successful coordinator tick
2026-09-27T23:54:12.341Z [INFO] Worker state changed {
  sdkComponent: 'worker',
  taskQueue: 'agat-agat-process-update-v1-1',
  state: 'RUNNING'
}
2026-09-27T23:54:12.354Z [INFO] Worker state changed {
  sdkComponent: 'worker',
  taskQueue: 'agat-agat-process-update-v1-1',
  state: 'STOPPING'
}
2026-09-27T23:54:12.354Z [INFO] Worker state changed {
  sdkComponent: 'worker',
  taskQueue: 'agat-agat-process-update-v1-1',
  state: 'DRAINING'
}
2026-09-27T23:54:12.354Z [INFO] Worker state changed {
  sdkComponent: 'worker',
  taskQueue: 'agat-agat-process-update-v1-1',
  state: 'DRAINED'
}
2026-09-27T23:54:12.355Z [INFO] Worker state changed {
  sdkComponent: 'worker',
  taskQueue: 'agat-agat-process-update-v1-1',
  state: 'STOPPED'
}
replay ok · agat-process-update-v1.json · agatProcessWorkflow acknowledges processChangedV1 while waiting and completes after the update
/private/tmp/agat-temporal-rag-20260928/node_modules/protobufjs/ext/protojson.js:91
    return Error(name + ": " + what + ": " + JSON.stringify(value));
           ^

Error: .google.protobuf.Timestamp: expected timestamp string: {"seconds":"1790553187","nanos":270812680}
    at invalid (/private/tmp/agat-temporal-rag-20260928/node_modules/protobufjs/ext/protojson.js:91:12)
    at WKT_FROM..google.protobuf.Timestamp (/private/tmp/agat-temporal-rag-20260928/node_modules/protobufjs/ext/protojson.js:576:15)
    at readMessage (/private/tmp/agat-temporal-rag-20260928/node_modules/protobufjs/ext/protojson.js:354:16)
    at readSingular (/private/tmp/agat-temporal-rag-20260928/node_modules/protobufjs/ext/protojson.js:321:16)
    at readField (/private/tmp/agat-temporal-rag-20260928/node_modules/protobufjs/ext/protojson.js:316:12)
    at readMessage (/private/tmp/agat-temporal-rag-20260928/node_modules/protobufjs/ext/protojson.js:386:26)
    at readSingular (/private/tmp/agat-temporal-rag-20260928/node_modules/protobufjs/ext/protojson.js:321:16)
    at readField (/private/tmp/agat-temporal-rag-20260928/node_modules/protobufjs/ext/protojson.js:310:22)
    at readMessage (/private/tmp/agat-temporal-rag-20260928/node_modules/protobufjs/ext/protojson.js:386:26)
    at fromJson (/private/tmp/agat-temporal-rag-20260928/node_modules/protobufjs/ext/protojson.js:867:24)

Node.js v24.14.0
npm error Lifecycle script `replay` failed with error:
npm error code 1
npm error path /private/tmp/agat-temporal-rag-20260928/apps/temporal-worker
npm error workspace @agat/temporal-worker@1.7.0
npm error location /private/tmp/agat-temporal-rag-20260928/apps/temporal-worker
npm error command failed
npm error command sh -c node dist/replay-fixtures.js
npm error Lifecycle script `test` failed with error:
npm error code 1
npm error path /private/tmp/agat-temporal-rag-20260928/apps/temporal-worker
npm error workspace @agat/temporal-worker@1.7.0
npm error location /private/tmp/agat-temporal-rag-20260928/apps/temporal-worker
npm error command failed
npm error command sh -c npm run build && node --test test/*.test.mjs && npm run replay
