
> agat-platform@1.7.0 fleet:test-artifact-store
> bash scripts/test-s3-artifact-store.sh

#0 building with "desktop-linux" instance using docker driver

#1 [internal] load build definition from Dockerfile
#1 transferring dockerfile: 1.41kB done
#1 DONE 0.0s

#2 [internal] load metadata for docker.io/library/golang:1.27.1-bookworm@sha256:69a7b9788769bec032d238959b61854e9ae87f57be9029ec04e9885fabf99195
#2 ...

#3 [auth] library/golang:pull token for registry-1.docker.io
#3 DONE 0.0s

#2 [internal] load metadata for docker.io/library/golang:1.27.1-bookworm@sha256:69a7b9788769bec032d238959b61854e9ae87f57be9029ec04e9885fabf99195
#2 DONE 3.5s

#4 [internal] load .dockerignore
#4 transferring context: 2B 0.0s done
#4 DONE 0.0s

#5 [build 3/6] ADD --checksum=sha256:45521908307306e925c98d629e1c17d78c8b72b6ee242b1bfb1409f7d8ee5841 https://codeload.github.com/minio/minio/tar.gz/9e49d5e7a648f00e26f2246f4dc28e6b07f8c84a /tmp/minio.tar.gz
#5 DONE 0.0s

#6 [build 1/6] FROM docker.io/library/golang:1.27.1-bookworm@sha256:69a7b9788769bec032d238959b61854e9ae87f57be9029ec04e9885fabf99195
#6 resolve docker.io/library/golang:1.27.1-bookworm@sha256:69a7b9788769bec032d238959b61854e9ae87f57be9029ec04e9885fabf99195 0.0s done
#6 DONE 0.0s

#7 [stage-1 3/6] COPY --from=build /src/LICENSE /licenses/MinIO-LICENSE
#7 CACHED

#8 [build 5/6] RUN go mod download && go mod verify
#8 CACHED

#9 [build 3/6] ADD --checksum=sha256:45521908307306e925c98d629e1c17d78c8b72b6ee242b1bfb1409f7d8ee5841 https://codeload.github.com/minio/minio/tar.gz/9e49d5e7a648f00e26f2246f4dc28e6b07f8c84a /tmp/minio.tar.gz
#9 CACHED

#10 [build 4/6] RUN tar -xzf /tmp/minio.tar.gz --strip-components=1 -C /src
#10 CACHED

#11 [build 6/6] RUN go build -mod=readonly -trimpath -buildvcs=false -o /out/minio .     && mkdir -p /out/data /out/tmp
#11 CACHED

#12 [stage-1 1/6] COPY --from=build /out/minio /minio
#12 CACHED

#13 [stage-1 5/6] COPY --from=build --chown=1000:1000 /out/tmp /tmp
#13 CACHED

#14 [stage-1 2/6] COPY --from=build /etc/ssl/certs/ca-certificates.crt /etc/ssl/certs/ca-certificates.crt
#14 CACHED

#15 [build 2/6] WORKDIR /src
#15 CACHED

#16 [stage-1 4/6] COPY --from=build --chown=1000:1000 /out/data /data
#16 CACHED

#17 [stage-1 6/6] WORKDIR /data
#17 CACHED

#18 exporting to image
#18 exporting layers done
#18 exporting manifest sha256:6239e0883873a5674984bca73d2db5ad18f47affec41e9da6f1dc033a4bdee20 done
#18 exporting config sha256:e90eef96aacc9e458689953d4a8661924841d883219a8563a8f7dfc51ccef3dc done
#18 exporting attestation manifest sha256:f7ca603231192599ca566615e3ebb72bbaaeef222b426056be69638b69db3aeb 0.0s done
#18 exporting manifest list sha256:7756b4e9d68f5765738d41a3e511155398bb27658389329a7ea323de5a11e8db done
#18 naming to docker.io/library/agat-minio-integration:9e49d5e-go1.27.1-uid1000 done
#18 unpacking to docker.io/library/agat-minio-integration:9e49d5e-go1.27.1-uid1000 done
#18 DONE 0.1s

View build details: docker-desktop://dashboard/build/desktop-linux/desktop-linux/s0f0tt3uk7px31q2hsouwuxex
(node:13133) ExperimentalWarning: SQLite is an experimental feature and might change at any time
(Use `node --trace-warnings ...` to show where the warning was created)
▶ S3-compatible Artifact Store integration
  ✔ migrates BYTEA, verifies cross-replica cache, isolates outbox, deletes by version and survives restart (3933.679958ms)
✔ S3-compatible Artifact Store integration (3934.492459ms)
ℹ tests 1
ℹ suites 1
ℹ pass 1
ℹ fail 0
ℹ cancelled 0
ℹ skipped 0
ℹ todo 0
ℹ duration_ms 4603.870834
