Collecting annotated-doc==0.0.5 (from -r decision_runtime/requirements-mlx.txt (line 1))
  Downloading annotated_doc-0.0.5-py3-none-any.whl.metadata (6.5 kB)
Collecting anyio==4.15.1 (from -r decision_runtime/requirements-mlx.txt (line 2))
  Downloading anyio-4.15.1-py3-none-any.whl.metadata (4.7 kB)
Collecting certifi==2026.7.22 (from -r decision_runtime/requirements-mlx.txt (line 3))
  Downloading certifi-2026.7.22-py3-none-any.whl.metadata (2.5 kB)
Collecting click==8.5.0 (from -r decision_runtime/requirements-mlx.txt (line 4))
  Downloading click-8.5.0-py3-none-any.whl.metadata (2.6 kB)
Collecting filelock==4.0.1 (from -r decision_runtime/requirements-mlx.txt (line 5))
  Downloading filelock-4.0.1-py3-none-any.whl.metadata (2.0 kB)
Collecting fsspec==2026.9.0 (from -r decision_runtime/requirements-mlx.txt (line 6))
  Downloading fsspec-2026.9.0-py3-none-any.whl.metadata (10 kB)
Collecting h11==0.16.0 (from -r decision_runtime/requirements-mlx.txt (line 7))
  Downloading h11-0.16.0-py3-none-any.whl.metadata (8.3 kB)
Collecting hf-xet==1.6.0 (from -r decision_runtime/requirements-mlx.txt (line 8))
  Downloading hf_xet-1.6.0-cp38-abi3-macosx_11_0_arm64.whl.metadata (4.9 kB)
Collecting httpcore==1.0.9 (from -r decision_runtime/requirements-mlx.txt (line 9))
  Downloading httpcore-1.0.9-py3-none-any.whl.metadata (21 kB)
Collecting httpx==0.28.1 (from -r decision_runtime/requirements-mlx.txt (line 10))
  Downloading httpx-0.28.1-py3-none-any.whl.metadata (7.1 kB)
Collecting huggingface-hub==1.32.0 (from -r decision_runtime/requirements-mlx.txt (line 11))
  Downloading huggingface_hub-1.32.0-py3-none-any.whl.metadata (16 kB)
Collecting idna==3.20 (from -r decision_runtime/requirements-mlx.txt (line 12))
  Downloading idna-3.20-py3-none-any.whl.metadata (7.2 kB)
Collecting jinja2==3.1.6 (from -r decision_runtime/requirements-mlx.txt (line 13))
  Downloading jinja2-3.1.6-py3-none-any.whl.metadata (2.9 kB)
Collecting markdown-it-py==4.2.0 (from -r decision_runtime/requirements-mlx.txt (line 14))
  Downloading markdown_it_py-4.2.0-py3-none-any.whl.metadata (7.4 kB)
Collecting markupsafe==3.0.3 (from -r decision_runtime/requirements-mlx.txt (line 15))
  Downloading markupsafe-3.0.3-cp313-cp313-macosx_11_0_arm64.whl.metadata (2.7 kB)
Collecting mdurl==0.1.2 (from -r decision_runtime/requirements-mlx.txt (line 16))
  Downloading mdurl-0.1.2-py3-none-any.whl.metadata (1.6 kB)
Collecting mlx==0.32.2 (from -r decision_runtime/requirements-mlx.txt (line 17))
  Downloading mlx-0.32.2-cp313-cp313-macosx_26_0_arm64.whl.metadata (5.9 kB)
Collecting mlx-lm==0.31.3 (from -r decision_runtime/requirements-mlx.txt (line 18))
  Downloading mlx_lm-0.31.3-py3-none-any.whl.metadata (9.5 kB)
Collecting mlx-metal==0.32.2 (from -r decision_runtime/requirements-mlx.txt (line 19))
  Downloading mlx_metal-0.32.2-py3-none-macosx_26_0_arm64.whl.metadata (5.1 kB)
Collecting numpy==2.5.3 (from -r decision_runtime/requirements-mlx.txt (line 20))
  Downloading numpy-2.5.3-cp313-cp313-macosx_14_0_arm64.whl.metadata (6.6 kB)
Collecting packaging==26.3 (from -r decision_runtime/requirements-mlx.txt (line 21))
  Downloading packaging-26.3-py3-none-any.whl.metadata (3.5 kB)
Collecting protobuf==7.36.2 (from -r decision_runtime/requirements-mlx.txt (line 22))
  Downloading protobuf-7.36.2-cp310-abi3-macosx_10_9_universal2.whl.metadata (595 bytes)
Collecting pygments==2.21.0 (from -r decision_runtime/requirements-mlx.txt (line 23))
  Downloading pygments-2.21.0-py3-none-any.whl.metadata (2.5 kB)
Collecting pyyaml==6.0.3 (from -r decision_runtime/requirements-mlx.txt (line 24))
  Downloading pyyaml-6.0.3-cp313-cp313-macosx_11_0_arm64.whl.metadata (2.4 kB)
Collecting regex==2026.9.10 (from -r decision_runtime/requirements-mlx.txt (line 25))
  Downloading regex-2026.9.10-cp313-cp313-macosx_11_0_arm64.whl.metadata (40 kB)
Collecting rich==15.0.0 (from -r decision_runtime/requirements-mlx.txt (line 26))
  Downloading rich-15.0.0-py3-none-any.whl.metadata (18 kB)
Collecting safetensors==0.8.0 (from -r decision_runtime/requirements-mlx.txt (line 27))
  Downloading safetensors-0.8.0-cp310-abi3-macosx_11_0_arm64.whl.metadata (4.2 kB)
Collecting sentencepiece==0.2.2 (from -r decision_runtime/requirements-mlx.txt (line 28))
  Downloading sentencepiece-0.2.2-cp313-cp313-macosx_11_0_arm64.whl.metadata (33 kB)
Collecting shellingham==1.5.4 (from -r decision_runtime/requirements-mlx.txt (line 29))
  Downloading shellingham-1.5.4-py2.py3-none-any.whl.metadata (3.5 kB)
Collecting tokenizers==0.23.2 (from -r decision_runtime/requirements-mlx.txt (line 30))
  Downloading tokenizers-0.23.2-cp310-abi3-macosx_11_0_arm64.whl.metadata (9.8 kB)
Collecting tqdm==4.70.1 (from -r decision_runtime/requirements-mlx.txt (line 31))
  Downloading tqdm-4.70.1-py3-none-any.whl.metadata (57 kB)
Collecting transformers==5.17.0 (from -r decision_runtime/requirements-mlx.txt (line 32))
  Downloading transformers-5.17.0-py3-none-any.whl.metadata (32 kB)
Collecting typer==0.27.2 (from -r decision_runtime/requirements-mlx.txt (line 33))
  Downloading typer-0.27.2-py3-none-any.whl.metadata (16 kB)
Collecting typing-extensions==4.16.0 (from -r decision_runtime/requirements-mlx.txt (line 34))
  Downloading typing_extensions-4.16.0-py3-none-any.whl.metadata (3.3 kB)
Downloading annotated_doc-0.0.5-py3-none-any.whl (5.3 kB)
Downloading anyio-4.15.1-py3-none-any.whl (132 kB)
Downloading certifi-2026.7.22-py3-none-any.whl (136 kB)
Downloading click-8.5.0-py3-none-any.whl (125 kB)
Downloading filelock-4.0.1-py3-none-any.whl (106 kB)
Downloading fsspec-2026.9.0-py3-none-any.whl (221 kB)
Downloading h11-0.16.0-py3-none-any.whl (37 kB)
Downloading hf_xet-1.6.0-cp38-abi3-macosx_11_0_arm64.whl (3.9 MB)
   ━━━━━━━━━━━━━━━━━━━━━━━━━━━━━━━━━━━━━━━━ 3.9/3.9 MB 277.1 kB/s  0:00:13
Downloading httpcore-1.0.9-py3-none-any.whl (78 kB)
Downloading httpx-0.28.1-py3-none-any.whl (73 kB)
Downloading huggingface_hub-1.32.0-py3-none-any.whl (842 kB)
   ━━━━━━━━━━━━━━━━━━━━━━━━━━━━━━━━━━━━━━━━ 842.9/842.9 kB 400.7 kB/s  0:00:01
Downloading idna-3.20-py3-none-any.whl (69 kB)
Downloading jinja2-3.1.6-py3-none-any.whl (134 kB)
Downloading markdown_it_py-4.2.0-py3-none-any.whl (91 kB)
Downloading mdurl-0.1.2-py3-none-any.whl (10.0 kB)
Downloading markupsafe-3.0.3-cp313-cp313-macosx_11_0_arm64.whl (12 kB)
Downloading mlx-0.32.2-cp313-cp313-macosx_26_0_arm64.whl (619 kB)
   ━━━━━━━━━━━━━━━━━━━━━━━━━━━━━━━━━━━━━━━━ 619.4/619.4 kB 201.1 kB/s  0:00:03
Downloading mlx_lm-0.31.3-py3-none-any.whl (408 kB)
Downloading mlx_metal-0.32.2-py3-none-macosx_26_0_arm64.whl (64.4 MB)
   ━━━━━━━━━━━━━━━━━━━━━━━━━━━━━━━━━━━━━━━━ 64.4/64.4 MB 254.0 kB/s  0:03:53
Downloading numpy-2.5.3-cp313-cp313-macosx_14_0_arm64.whl (5.4 MB)
   ━━━━━━━━━━━━━━━━━━━━━━━━━━━━━━━━━━━━━━━━ 5.4/5.4 MB 831.9 kB/s  0:00:06
Downloading packaging-26.3-py3-none-any.whl (129 kB)
Downloading protobuf-7.36.2-cp310-abi3-macosx_10_9_universal2.whl (456 kB)
Downloading pygments-2.21.0-py3-none-any.whl (1.3 MB)
   ━━━━━━━━━━━━━━━━━━━━━━━━━━━━━━━━━━━━━━━━ 1.3/1.3 MB 579.0 kB/s  0:00:02
Downloading pyyaml-6.0.3-cp313-cp313-macosx_11_0_arm64.whl (173 kB)
Downloading regex-2026.9.10-cp313-cp313-macosx_11_0_arm64.whl (291 kB)
Downloading rich-15.0.0-py3-none-any.whl (310 kB)
Downloading safetensors-0.8.0-cp310-abi3-macosx_11_0_arm64.whl (484 kB)
Downloading sentencepiece-0.2.2-cp313-cp313-macosx_11_0_arm64.whl (1.3 MB)
   ━━━━━━━━━━━━━━━━━━━━━━━━━━━━━━━━━━━━━━━━ 1.3/1.3 MB 79.9 kB/s  0:00:14
Downloading shellingham-1.5.4-py2.py3-none-any.whl (9.8 kB)
Downloading tokenizers-0.23.2-cp310-abi3-macosx_11_0_arm64.whl (3.1 MB)
   ━━━━━━━━━━━━━━━━━━━━━━━━━━━━━━━━━━━━━━━━ 3.1/3.1 MB 203.6 kB/s  0:00:15
Downloading tqdm-4.70.1-py3-none-any.whl (80 kB)
Downloading transformers-5.17.0-py3-none-any.whl (12.3 MB)
   ━━━━━━━━━━━━━━━━━━━━━━━━━━━━━━━━━━━━━━━━ 12.3/12.3 MB 278.9 kB/s  0:00:49
Downloading typer-0.27.2-py3-none-any.whl (123 kB)
Downloading typing_extensions-4.16.0-py3-none-any.whl (45 kB)
Installing collected packages: typing-extensions, tqdm, shellingham, sentencepiece, safetensors, regex, pyyaml, pygments, protobuf, packaging, numpy, mlx-metal, mdurl, markupsafe, idna, hf-xet, h11, fsspec, filelock, click, certifi, annotated-doc, mlx, markdown-it-py, jinja2, httpcore, anyio, rich, httpx, typer, huggingface-hub, tokenizers, transformers, mlx-lm

Successfully installed annotated-doc-0.0.5 anyio-4.15.1 certifi-2026.7.22 click-8.5.0 filelock-4.0.1 fsspec-2026.9.0 h11-0.16.0 hf-xet-1.6.0 httpcore-1.0.9 httpx-0.28.1 huggingface-hub-1.32.0 idna-3.20 jinja2-3.1.6 markdown-it-py-4.2.0 markupsafe-3.0.3 mdurl-0.1.2 mlx-0.32.2 mlx-lm-0.31.3 mlx-metal-0.32.2 numpy-2.5.3 packaging-26.3 protobuf-7.36.2 pygments-2.21.0 pyyaml-6.0.3 regex-2026.9.10 rich-15.0.0 safetensors-0.8.0 sentencepiece-0.2.2 shellingham-1.5.4 tokenizers-0.23.2 tqdm-4.70.1 transformers-5.17.0 typer-0.27.2 typing-extensions-4.16.0
