backend_import_ms 48.71
Timeout (0:00:20)!
Thread 0x00000001f927a180 (most recent call first):
  File "/private/tmp/agat-temporal-rag-20260928/decision_runtime/model_store.py", line 18 in <lambda>
  File "/private/tmp/agat-temporal-rag-20260928/decision_runtime/model_store.py", line 18 in sha256_file
  File "/private/tmp/agat-temporal-rag-20260928/decision_runtime/model_store.py", line 67 in verify_manifest
  File "/private/tmp/agat-temporal-rag-20260928/decision_runtime/mlx_backend.py", line 48 in __init__
  File "<string>", line 7 in <module>
Timeout (0:00:20)!
Thread 0x00000001f927a180 (most recent call first):
  File "/private/tmp/agat-temporal-rag-20260928/decision_runtime/model_store.py", line 18 in <lambda>
  File "/private/tmp/agat-temporal-rag-20260928/decision_runtime/model_store.py", line 18 in sha256_file
  File "/private/tmp/agat-temporal-rag-20260928/decision_runtime/model_store.py", line 67 in verify_manifest
  File "/private/tmp/agat-temporal-rag-20260928/decision_runtime/mlx_backend.py", line 48 in __init__
  File "<string>", line 7 in <module>
Timeout (0:00:20)!
Thread 0x00000001f927a180 (most recent call first):
  File "/private/tmp/agat-temporal-rag-20260928/decision_runtime/model_store.py", line 18 in <lambda>
  File "/private/tmp/agat-temporal-rag-20260928/decision_runtime/model_store.py", line 18 in sha256_file
  File "/private/tmp/agat-temporal-rag-20260928/decision_runtime/model_store.py", line 67 in verify_manifest
  File "/private/tmp/agat-temporal-rag-20260928/decision_runtime/mlx_backend.py", line 48 in __init__
  File "<string>", line 7 in <module>
Timeout (0:00:20)!
Thread 0x00000001f927a180 (most recent call first):
  File "/private/tmp/agat-temporal-rag-20260928/decision_runtime/model_store.py", line 18 in <lambda>
  File "/private/tmp/agat-temporal-rag-20260928/decision_runtime/model_store.py", line 18 in sha256_file
  File "/private/tmp/agat-temporal-rag-20260928/decision_runtime/model_store.py", line 67 in verify_manifest
  File "/private/tmp/agat-temporal-rag-20260928/decision_runtime/mlx_backend.py", line 48 in __init__
  File "<string>", line 7 in <module>
