
> @agat/coordinator@1.7.0 build
> tsc -p tsconfig.json

(node:66909) ExperimentalWarning: SQLite is an experimental feature and might change at any time
(Use `node --trace-warnings ...` to show where the warning was created)
▶ PostgreSQL Fleet/HA integration
  ✔ reuses the response buffer across large, short, SQL-error and oversized responses (653.060083ms)
  ✔ ranks 10000 wide vectors through a 1 MiB bridge at the operator hard boundary (13582.847458ms)
  ✔ rejects commit after the request deadline, permits rollback and restores the SQL timeout (871.044041ms)
  ✔ applies the remaining request deadline to every cursor fetch and cleans up after SQL cancellation (405.356375ms)
  ✔ ranks all worker cursor batches against one snapshot while another connection updates the source (307.730584ms)
  ✔ applies an operator budget above 5000 to real PostgreSQL retrieval without worker override or partial writes (18116.742875ms)
  ✔ rejects expired retrieval leases before maintenance and accepts only the replacement lease across replicas (737.232875ms)
(node:66909) ExperimentalWarning: SQLite is an experimental feature and might change at any time
(Use `node --trace-warnings ...` to show where the warning was created)
(node:66909) ExperimentalWarning: SQLite is an experimental feature and might change at any time
(Use `node --trace-warnings ...` to show where the warning was created)
  ✔ isolates whole retrieval transactions across workers without duplicate markers or partial writes (1386.663792ms)
(node:66909) ExperimentalWarning: SQLite is an experimental feature and might change at any time
(Use `node --trace-warnings ...` to show where the warning was created)
  ✔ rolls back retrieval when its lease expires while writing knowledge_retrievals (6027.824625ms)
  ℹ After the expired write: 0 durable retrievals, 0 retrieval events
(node:66909) ExperimentalWarning: SQLite is an experimental feature and might change at any time
(Use `node --trace-warnings ...` to show where the warning was created)
  ✔ rolls back retrieval when its lease expires while writing events (5922.801209ms)
  ℹ After the expired write: 0 durable retrievals, 0 retrieval events
(node:66909) ExperimentalWarning: SQLite is an experimental feature and might change at any time
(Use `node --trace-warnings ...` to show where the warning was created)
  ✔ rejects a lease that expires while retrieval waits for its run lock (5913.334042ms)
(node:66909) ExperimentalWarning: SQLite is an experimental feature and might change at any time
(Use `node --trace-warnings ...` to show where the warning was created)
  ✔ rejects a lease cancelled by a transaction that retrieval had to wait for (739.910584ms)
(node:66909) ExperimentalWarning: SQLite is an experimental feature and might change at any time
(Use `node --trace-warnings ...` to show where the warning was created)
  ✔ rejects a lease that expires after validation while the knowledge index is blocked (5800.2935ms)
(node:66909) ExperimentalWarning: SQLite is an experimental feature and might change at any time
(Use `node --trace-warnings ...` to show where the warning was created)
  ✔ permits a concurrent lease renewal while retrieval is reading its index (757.263417ms)
(node:66909) ExperimentalWarning: SQLite is an experimental feature and might change at any time
(Use `node --trace-warnings ...` to show where the warning was created)
  ✔ starts isolated retrieval from coordinator main within its pool budget and fails readiness after a deadline (2525.314958ms)
(node:66909) ExperimentalWarning: SQLite is an experimental feature and might change at any time
(Use `node --trace-warnings ...` to show where the warning was created)
  ✔ enforces the retrieval deadline while main is blocked renewing the same stage (3190.126166ms)
(node:66909) ExperimentalWarning: SQLite is an experimental feature and might change at any time
(Use `node --trace-warnings ...` to show where the warning was created)
  ✔ fails closed when a committed retrieval loses its COMMIT acknowledgement (disconnect) (2290.123084ms)
  ℹ Successful COMMIT observed after 47 ms
(node:66909) ExperimentalWarning: SQLite is an experimental feature and might change at any time
(Use `node --trace-warnings ...` to show where the warning was created)
  ✔ fails closed when a committed retrieval loses its COMMIT acknowledgement (withhold) (3182.488166ms)
  ℹ Successful COMMIT observed after 41 ms
(node:66909) ExperimentalWarning: SQLite is an experimental feature and might change at any time
(Use `node --trace-warnings ...` to show where the warning was created)
  ✔ reports an uncertain sync COMMIT as operational failure and replaces its broken pooled connection (1272.73825ms)
(node:66909) ExperimentalWarning: SQLite is an experimental feature and might change at any time
(Use `node --trace-warnings ...` to show where the warning was created)
  ✔ rejects queued retrieval on SIGTERM, preserves active work and recovers without replay (6235.271041ms)
(node:66909) ExperimentalWarning: SQLite is an experimental feature and might change at any time
(Use `node --trace-warnings ...` to show where the warning was created)
  ✔ closes UI and A2A streams on SIGTERM without cancelling durable tasks and resumes events after restart (9587.1485ms)
  ✔ maintenance preserves a timely renewal while its stage row is locked (3869.188167ms)
  ℹ Renewal after maintenance: health=200, stage=running, expiryEvents=0
  ✔ maintenance preserves an admitted completion held past expiry by an event lock (6321.32075ms)
  ℹ Completion after maintenance: health=200, run=completed, expiryEvents=0
  ✔ maintenance reclaims an expired lease once across two coordinators (5360.619541ms)
  ℹ Two maintainers: healthy=2, expiryEvents=1
  ✔ checks current ownership before complete after a concurrent expiry over HTTP (6076.731292ms)
  ℹ complete/expiry: wait=stage read, HTTP 400, stage=running, artifacts=0
  ✔ checks current ownership before complete after a concurrent reassignment over HTTP (990.629291ms)
  ℹ complete/reassignment: wait=stage read, HTTP 400, stage=running, artifacts=0
  ✔ checks current ownership before complete after a concurrent renewal over HTTP (5906.091542ms)
  ℹ complete/renewal: wait=stage read, HTTP 200, stage=completed, artifacts=3
  ✔ checks current ownership before fail after a concurrent expiry over HTTP (5999.071833ms)
  ℹ fail/expiry: wait=stage read, HTTP 400, stage=running, artifacts=0
  ✔ checks current ownership before fail after a concurrent reassignment over HTTP (958.175ms)
  ℹ fail/reassignment: wait=stage read, HTTP 400, stage=running, artifacts=0
  ✔ checks current ownership before fail after a concurrent renewal over HTTP (6096.02875ms)
  ℹ fail/renewal: wait=stage read, HTTP 200, stage=queued, artifacts=0
  ✔ rejects shadow results when the lease expires during stage lock over HTTP (6130.656916ms)
  ℹ After expiry at stage lock: HTTP 400, observation=false, events=0
  ✔ rejects shadow results when the lease expires during event insert over HTTP (6161.1745ms)
  ℹ After expiry at event insert: HTTP 400, observation=false, events=0
  ✔ rejects shadow results when the lease expires during idempotent retry over HTTP (6182.159292ms)
  ℹ After expiry at idempotent retry: HTTP 400, observation=true, events=1
  ✔ persists one shadow observation across replicas and restart with tenant RLS and unchanged primary output (1111.186583ms)
  ✔ streams large valid RAG vectors, preserves cursor snapshots and rolls back failures across replicas (3679.722709ms)
  ✔ rejects a tenant connection that resolves to the system BYPASSRLS role (100.216875ms)
  ✔ keeps the runtime role DDL-free after a separate migration gate (312.557833ms)
  ✔ rejects a schema Job while a coordinator replica is active (297.390375ms)
  ✔ rejects runtime startup after out-of-band schema drift (160.803458ms)
  ✔ shares state between replicas, serializes project quota and enforces RLS (746.320167ms)
✔ PostgreSQL Fleet/HA integration (162198.356958ms)
ℹ tests 40
ℹ suites 1
ℹ pass 40
ℹ fail 0
ℹ cancelled 0
ℹ skipped 0
ℹ todo 0
ℹ duration_ms 163311.926791
