
> @agat/coordinator@1.7.0 build
> tsc -p tsconfig.json

(node:66125) ExperimentalWarning: SQLite is an experimental feature and might change at any time
(Use `node --trace-warnings ...` to show where the warning was created)
▶ PostgreSQL Fleet/HA integration
  ✔ maintenance preserves a timely renewal while its stage row is locked (3763.318458ms)
  ℹ Renewal after maintenance: health=200, stage=running, expiryEvents=0
  ✔ maintenance preserves an admitted completion held past expiry by an event lock (6227.099167ms)
  ℹ Completion after maintenance: health=200, run=completed, expiryEvents=0
  ✔ maintenance reclaims an expired lease once across two coordinators (4775.396833ms)
  ℹ Two maintainers: healthy=2, expiryEvents=1
✔ PostgreSQL Fleet/HA integration (16149.152334ms)
ℹ tests 3
ℹ suites 1
ℹ pass 3
ℹ fail 0
ℹ cancelled 0
ℹ skipped 0
ℹ todo 0
ℹ duration_ms 16512.54925
