
> agat-platform@1.7.0 test:temporal
> npm run test --workspace @agat/temporal-worker


> @agat/temporal-worker@1.7.0 test
> npm run build && node --test test/*.test.mjs && npm run replay


> @agat/temporal-worker@1.7.0 build
> tsc -p tsconfig.json && node dist/build-workflows.js

2026-09-28T01:56:01.457Z [INFO] asset workflow-bundle-bc0974f71ef176170d21.js 1.27 MiB [emitted] [immutable] (name: main)
runtime modules 1.34 KiB 4 modules
modules by path ../../node_modules/@temporalio/ 391 KiB
  modules by path ../../node_modules/@temporalio/common/lib/ 167 KiB 36 modules
  modules by path ../../node_modules/@temporalio/workflow/ 224 KiB 29 modules
modules by path ../../node_modules/nexus-rpc/lib/ 22.8 KiB 13 modules
modules by path ./src/ 9.82 KiB
  ./src/workflows-autogenerated-entrypoint.cjs 520 bytes [built] [code generated]
  ./src/workflows.ts 9.25 KiB [built] [code generated]
  ./src/contracts.ts 65 bytes [built] [code generated]
optional modules 30 bytes [optional]
  __temporal_custom_payload_converter (ignored) 15 bytes [optional] [built] [code generated]
  __temporal_custom_failure_converter (ignored) 15 bytes [optional] [built] [code generated]
../../node_modules/long/umd/index.js 49.8 KiB [built] [code generated]
../../node_modules/ms/dist/index.cjs 3.41 KiB [built] [code generated]
webpack 5.109.2 compiled successfully in 260 ms
2026-09-28T01:56:01.462Z [INFO] Workflow bundle created { size: '1.27MB' }
▶ Temporal worker production configuration
  ✔ keeps local development explicitly unversioned and insecure (0.933042ms)
  ✔ requires TLS, credentials and immutable versioning for Temporal Cloud (1.186458ms)
  ✔ rejects partial mTLS and unsafe production fallbacks (0.318208ms)
✔ Temporal worker production configuration (3.229042ms)
ℹ tests 3
ℹ suites 1
ℹ pass 3
ℹ fail 0
ℹ cancelled 0
ℹ skipped 0
ℹ todo 0
ℹ duration_ms 271.9785

> @agat/temporal-worker@1.7.0 replay
> node dist/replay-fixtures.js

2026-09-28T01:56:03.143Z [INFO] Worker state changed {
  sdkComponent: 'worker',
  taskQueue: 'agat-agat-parent-cancelled-cancellation-v1-0',
  state: 'RUNNING'
}
2026-09-28T01:56:03.323Z [INFO] Worker state changed {
  sdkComponent: 'worker',
  taskQueue: 'agat-agat-parent-cancelled-cancellation-v1-0',
  state: 'STOPPING'
}
2026-09-28T01:56:03.324Z [INFO] Worker state changed {
  sdkComponent: 'worker',
  taskQueue: 'agat-agat-parent-cancelled-cancellation-v1-0',
  state: 'DRAINING'
}
2026-09-28T01:56:03.324Z [INFO] Worker state changed {
  sdkComponent: 'worker',
  taskQueue: 'agat-agat-parent-cancelled-cancellation-v1-0',
  state: 'DRAINED'
}
2026-09-28T01:56:03.324Z [INFO] Worker state changed {
  sdkComponent: 'worker',
  taskQueue: 'agat-agat-parent-cancelled-cancellation-v1-0',
  state: 'STOPPED'
}
replay ok · agat-parent-cancelled-cancellation-v1.json · Lost cancellation HTTP reply; idempotent application cleanup before Temporal cancellation
2026-09-28T01:56:03.378Z [INFO] Worker state changed {
  sdkComponent: 'worker',
  taskQueue: 'agat-agat-parent-cancelled-compensation-v1-1',
  state: 'RUNNING'
}
2026-09-28T01:56:03.408Z [INFO] Worker state changed {
  sdkComponent: 'worker',
  taskQueue: 'agat-agat-parent-cancelled-compensation-v1-1',
  state: 'STOPPING'
}
2026-09-28T01:56:03.408Z [INFO] Worker state changed {
  sdkComponent: 'worker',
  taskQueue: 'agat-agat-parent-cancelled-compensation-v1-1',
  state: 'DRAINING'
}
2026-09-28T01:56:03.408Z [INFO] Worker state changed {
  sdkComponent: 'worker',
  taskQueue: 'agat-agat-parent-cancelled-compensation-v1-1',
  state: 'DRAINED'
}
2026-09-28T01:56:03.409Z [INFO] Worker state changed {
  sdkComponent: 'worker',
  taskQueue: 'agat-agat-parent-cancelled-compensation-v1-1',
  state: 'STOPPED'
}
replay ok · agat-parent-cancelled-compensation-v1.json · Compensation completes after cancellation commit and Temporal worker SIGKILL/restart
2026-09-28T01:56:03.483Z [INFO] Worker state changed {
  sdkComponent: 'worker',
  taskQueue: 'agat-agat-parent-cancelled-legacy-v1-2',
  state: 'RUNNING'
}
2026-09-28T01:56:03.518Z [INFO] Worker state changed {
  sdkComponent: 'worker',
  taskQueue: 'agat-agat-parent-cancelled-legacy-v1-2',
  state: 'STOPPING'
}
2026-09-28T01:56:03.518Z [INFO] Worker state changed {
  sdkComponent: 'worker',
  taskQueue: 'agat-agat-parent-cancelled-legacy-v1-2',
  state: 'DRAINING'
}
2026-09-28T01:56:03.518Z [INFO] Worker state changed {
  sdkComponent: 'worker',
  taskQueue: 'agat-agat-parent-cancelled-legacy-v1-2',
  state: 'DRAINED'
}
2026-09-28T01:56:03.518Z [INFO] Worker state changed {
  sdkComponent: 'worker',
  taskQueue: 'agat-agat-parent-cancelled-legacy-v1-2',
  state: 'STOPPED'
}
replay ok · agat-parent-cancelled-legacy-v1.json · Legacy cancellation before application cleanup patch; replay must retain the recorded command sequence
2026-09-28T01:56:03.546Z [INFO] Worker state changed {
  sdkComponent: 'worker',
  taskQueue: 'agat-agat-process-cancelled-cancellation-v1-3',
  state: 'RUNNING'
}
2026-09-28T01:56:03.661Z [INFO] Worker state changed {
  sdkComponent: 'worker',
  taskQueue: 'agat-agat-process-cancelled-cancellation-v1-3',
  state: 'STOPPING'
}
2026-09-28T01:56:03.662Z [INFO] Worker state changed {
  sdkComponent: 'worker',
  taskQueue: 'agat-agat-process-cancelled-cancellation-v1-3',
  state: 'DRAINING'
}
2026-09-28T01:56:03.665Z [INFO] Worker state changed {
  sdkComponent: 'worker',
  taskQueue: 'agat-agat-process-cancelled-cancellation-v1-3',
  state: 'DRAINED'
}
2026-09-28T01:56:03.665Z [INFO] Worker state changed {
  sdkComponent: 'worker',
  taskQueue: 'agat-agat-process-cancelled-cancellation-v1-3',
  state: 'STOPPED'
}
replay ok · agat-process-cancelled-cancellation-v1.json · Lost cancellation HTTP reply; idempotent application cleanup before Temporal cancellation
2026-09-28T01:56:03.713Z [INFO] Worker state changed {
  sdkComponent: 'worker',
  taskQueue: 'agat-agat-process-cancelled-compensation-v1-4',
  state: 'RUNNING'
}
2026-09-28T01:56:03.742Z [INFO] Worker state changed {
  sdkComponent: 'worker',
  taskQueue: 'agat-agat-process-cancelled-compensation-v1-4',
  state: 'STOPPING'
}
2026-09-28T01:56:03.742Z [INFO] Worker state changed {
  sdkComponent: 'worker',
  taskQueue: 'agat-agat-process-cancelled-compensation-v1-4',
  state: 'DRAINING'
}
2026-09-28T01:56:03.743Z [INFO] Worker state changed {
  sdkComponent: 'worker',
  taskQueue: 'agat-agat-process-cancelled-compensation-v1-4',
  state: 'DRAINED'
}
2026-09-28T01:56:03.743Z [INFO] Worker state changed {
  sdkComponent: 'worker',
  taskQueue: 'agat-agat-process-cancelled-compensation-v1-4',
  state: 'STOPPED'
}
replay ok · agat-process-cancelled-compensation-v1.json · Compensation completes after cancellation commit and Temporal worker SIGKILL/restart
2026-09-28T01:56:03.766Z [INFO] Worker state changed {
  sdkComponent: 'worker',
  taskQueue: 'agat-agat-process-cancelled-legacy-v1-5',
  state: 'RUNNING'
}
2026-09-28T01:56:03.800Z [INFO] Worker state changed {
  sdkComponent: 'worker',
  taskQueue: 'agat-agat-process-cancelled-legacy-v1-5',
  state: 'STOPPING'
}
2026-09-28T01:56:03.801Z [INFO] Worker state changed {
  sdkComponent: 'worker',
  taskQueue: 'agat-agat-process-cancelled-legacy-v1-5',
  state: 'DRAINING'
}
2026-09-28T01:56:03.802Z [INFO] Worker state changed {
  sdkComponent: 'worker',
  taskQueue: 'agat-agat-process-cancelled-legacy-v1-5',
  state: 'DRAINED'
}
2026-09-28T01:56:03.802Z [INFO] Worker state changed {
  sdkComponent: 'worker',
  taskQueue: 'agat-agat-process-cancelled-legacy-v1-5',
  state: 'STOPPED'
}
replay ok · agat-process-cancelled-legacy-v1.json · Legacy cancellation before application cleanup patch; replay must retain the recorded command sequence
2026-09-28T01:56:03.884Z [INFO] Worker state changed {
  sdkComponent: 'worker',
  taskQueue: 'agat-agat-process-completed-v1-6',
  state: 'RUNNING'
}
2026-09-28T01:56:03.928Z [INFO] Worker state changed {
  sdkComponent: 'worker',
  taskQueue: 'agat-agat-process-completed-v1-6',
  state: 'STOPPING'
}
2026-09-28T01:56:03.931Z [INFO] Worker state changed {
  sdkComponent: 'worker',
  taskQueue: 'agat-agat-process-completed-v1-6',
  state: 'DRAINING'
}
2026-09-28T01:56:03.931Z [INFO] Worker state changed {
  sdkComponent: 'worker',
  taskQueue: 'agat-agat-process-completed-v1-6',
  state: 'DRAINED'
}
2026-09-28T01:56:03.931Z [INFO] Worker state changed {
  sdkComponent: 'worker',
  taskQueue: 'agat-agat-process-completed-v1-6',
  state: 'STOPPED'
}
replay ok · agat-process-completed-v1.json · agatProcessWorkflow completes after a successful coordinator tick
2026-09-28T01:56:03.979Z [INFO] Worker state changed {
  sdkComponent: 'worker',
  taskQueue: 'agat-agat-process-update-v1-7',
  state: 'RUNNING'
}
2026-09-28T01:56:04.043Z [INFO] Worker state changed {
  sdkComponent: 'worker',
  taskQueue: 'agat-agat-process-update-v1-7',
  state: 'STOPPING'
}
2026-09-28T01:56:04.043Z [INFO] Worker state changed {
  sdkComponent: 'worker',
  taskQueue: 'agat-agat-process-update-v1-7',
  state: 'DRAINING'
}
2026-09-28T01:56:04.043Z [INFO] Worker state changed {
  sdkComponent: 'worker',
  taskQueue: 'agat-agat-process-update-v1-7',
  state: 'DRAINED'
}
2026-09-28T01:56:04.043Z [INFO] Worker state changed {
  sdkComponent: 'worker',
  taskQueue: 'agat-agat-process-update-v1-7',
  state: 'STOPPED'
}
replay ok · agat-process-update-v1.json · agatProcessWorkflow acknowledges processChangedV1 while waiting and completes after the update
2026-09-28T01:56:04.071Z [INFO] Worker state changed {
  sdkComponent: 'worker',
  taskQueue: 'agat-agat-rag-recovery-isolated-v1-8',
  state: 'RUNNING'
}
2026-09-28T01:56:04.149Z [INFO] Worker state changed {
  sdkComponent: 'worker',
  taskQueue: 'agat-agat-rag-recovery-isolated-v1-8',
  state: 'STOPPING'
}
2026-09-28T01:56:04.152Z [INFO] Worker state changed {
  sdkComponent: 'worker',
  taskQueue: 'agat-agat-rag-recovery-isolated-v1-8',
  state: 'DRAINING'
}
2026-09-28T01:56:04.152Z [INFO] Worker state changed {
  sdkComponent: 'worker',
  taskQueue: 'agat-agat-rag-recovery-isolated-v1-8',
  state: 'DRAINED'
}
2026-09-28T01:56:04.152Z [INFO] Worker state changed {
  sdkComponent: 'worker',
  taskQueue: 'agat-agat-rag-recovery-isolated-v1-8',
  state: 'STOPPED'
}
replay ok · agat-rag-recovery-isolated-v1.json · Real Temporal RAG isolated: Activity retry, durable timer, SIGKILL/restart, three primary stages with shadow/provenance
2026-09-28T01:56:04.237Z [INFO] Worker state changed {
  sdkComponent: 'worker',
  taskQueue: 'agat-agat-rag-recovery-session-v1-9',
  state: 'RUNNING'
}
2026-09-28T01:56:04.324Z [INFO] Worker state changed {
  sdkComponent: 'worker',
  taskQueue: 'agat-agat-rag-recovery-session-v1-9',
  state: 'STOPPING'
}
2026-09-28T01:56:04.324Z [INFO] Worker state changed {
  sdkComponent: 'worker',
  taskQueue: 'agat-agat-rag-recovery-session-v1-9',
  state: 'DRAINING'
}
2026-09-28T01:56:04.325Z [INFO] Worker state changed {
  sdkComponent: 'worker',
  taskQueue: 'agat-agat-rag-recovery-session-v1-9',
  state: 'DRAINED'
}
2026-09-28T01:56:04.325Z [INFO] Worker state changed {
  sdkComponent: 'worker',
  taskQueue: 'agat-agat-rag-recovery-session-v1-9',
  state: 'STOPPED'
}
replay ok · agat-rag-recovery-session-v1.json · Real Temporal RAG session: Activity retry, durable timer, SIGKILL/restart, three primary stages with shadow/provenance
2026-09-28T01:56:04.368Z [INFO] Worker state changed {
  sdkComponent: 'worker',
  taskQueue: 'agat-agat-scheduled-cancel-after-commit-compensating-v1-10',
  state: 'RUNNING'
}
2026-09-28T01:56:04.393Z [INFO] Worker state changed {
  sdkComponent: 'worker',
  taskQueue: 'agat-agat-scheduled-cancel-after-commit-compensating-v1-10',
  state: 'STOPPING'
}
2026-09-28T01:56:04.393Z [INFO] Worker state changed {
  sdkComponent: 'worker',
  taskQueue: 'agat-agat-scheduled-cancel-after-commit-compensating-v1-10',
  state: 'DRAINING'
}
2026-09-28T01:56:04.393Z [INFO] Worker state changed {
  sdkComponent: 'worker',
  taskQueue: 'agat-agat-scheduled-cancel-after-commit-compensating-v1-10',
  state: 'DRAINED'
}
2026-09-28T01:56:04.393Z [INFO] Worker state changed {
  sdkComponent: 'worker',
  taskQueue: 'agat-agat-scheduled-cancel-after-commit-compensating-v1-10',
  state: 'STOPPED'
}
replay ok · agat-scheduled-cancel-after-commit-compensating-v1.json · Scheduled creation cancellation intent at after-commit-compensating; lost cleanup reply and durable fencing
2026-09-28T01:56:04.441Z [INFO] Worker state changed {
  sdkComponent: 'worker',
  taskQueue: 'agat-agat-scheduled-cancel-after-commit-v1-11',
  state: 'RUNNING'
}
2026-09-28T01:56:04.463Z [INFO] Worker state changed {
  sdkComponent: 'worker',
  taskQueue: 'agat-agat-scheduled-cancel-after-commit-v1-11',
  state: 'STOPPING'
}
2026-09-28T01:56:04.463Z [INFO] Worker state changed {
  sdkComponent: 'worker',
  taskQueue: 'agat-agat-scheduled-cancel-after-commit-v1-11',
  state: 'DRAINING'
}
2026-09-28T01:56:04.463Z [INFO] Worker state changed {
  sdkComponent: 'worker',
  taskQueue: 'agat-agat-scheduled-cancel-after-commit-v1-11',
  state: 'DRAINED'
}
2026-09-28T01:56:04.463Z [INFO] Worker state changed {
  sdkComponent: 'worker',
  taskQueue: 'agat-agat-scheduled-cancel-after-commit-v1-11',
  state: 'STOPPED'
}
replay ok · agat-scheduled-cancel-after-commit-v1.json · Scheduled creation cancellation intent at after-commit; lost cleanup reply and durable fencing
2026-09-28T01:56:04.484Z [INFO] Worker state changed {
  sdkComponent: 'worker',
  taskQueue: 'agat-agat-scheduled-cancel-before-commit-v1-12',
  state: 'RUNNING'
}
2026-09-28T01:56:04.491Z [INFO] Worker state changed {
  sdkComponent: 'worker',
  taskQueue: 'agat-agat-scheduled-cancel-before-commit-v1-12',
  state: 'STOPPING'
}
2026-09-28T01:56:04.491Z [INFO] Worker state changed {
  sdkComponent: 'worker',
  taskQueue: 'agat-agat-scheduled-cancel-before-commit-v1-12',
  state: 'DRAINING'
}
2026-09-28T01:56:04.492Z [INFO] Worker state changed {
  sdkComponent: 'worker',
  taskQueue: 'agat-agat-scheduled-cancel-before-commit-v1-12',
  state: 'DRAINED'
}
2026-09-28T01:56:04.492Z [INFO] Worker state changed {
  sdkComponent: 'worker',
  taskQueue: 'agat-agat-scheduled-cancel-before-commit-v1-12',
  state: 'STOPPED'
}
replay ok · agat-scheduled-cancel-before-commit-v1.json · Scheduled creation cancellation intent at before-commit; lost cleanup reply and durable fencing
2026-09-28T01:56:04.509Z [INFO] Worker state changed {
  sdkComponent: 'worker',
  taskQueue: 'agat-agat-scheduled-cancel-legacy-after-commit-v1-13',
  state: 'RUNNING'
}
2026-09-28T01:56:04.541Z [INFO] Worker state changed {
  sdkComponent: 'worker',
  taskQueue: 'agat-agat-scheduled-cancel-legacy-after-commit-v1-13',
  state: 'STOPPING'
}
2026-09-28T01:56:04.541Z [INFO] Worker state changed {
  sdkComponent: 'worker',
  taskQueue: 'agat-agat-scheduled-cancel-legacy-after-commit-v1-13',
  state: 'DRAINING'
}
2026-09-28T01:56:04.541Z [INFO] Worker state changed {
  sdkComponent: 'worker',
  taskQueue: 'agat-agat-scheduled-cancel-legacy-after-commit-v1-13',
  state: 'DRAINED'
}
2026-09-28T01:56:04.541Z [INFO] Worker state changed {
  sdkComponent: 'worker',
  taskQueue: 'agat-agat-scheduled-cancel-legacy-after-commit-v1-13',
  state: 'STOPPED'
}
replay ok · agat-scheduled-cancel-legacy-after-commit-v1.json · Legacy scheduled parent cancelled before child creation; retain old command sequence on replay
2026-09-28T01:56:04.558Z [INFO] Worker state changed {
  sdkComponent: 'worker',
  taskQueue: 'agat-agat-scheduled-cancel-legacy-before-commit-v1-14',
  state: 'RUNNING'
}
2026-09-28T01:56:04.565Z [INFO] Worker state changed {
  sdkComponent: 'worker',
  taskQueue: 'agat-agat-scheduled-cancel-legacy-before-commit-v1-14',
  state: 'STOPPING'
}
2026-09-28T01:56:04.565Z [INFO] Worker state changed {
  sdkComponent: 'worker',
  taskQueue: 'agat-agat-scheduled-cancel-legacy-before-commit-v1-14',
  state: 'DRAINING'
}
2026-09-28T01:56:04.565Z [INFO] Worker state changed {
  sdkComponent: 'worker',
  taskQueue: 'agat-agat-scheduled-cancel-legacy-before-commit-v1-14',
  state: 'DRAINED'
}
2026-09-28T01:56:04.565Z [INFO] Worker state changed {
  sdkComponent: 'worker',
  taskQueue: 'agat-agat-scheduled-cancel-legacy-before-commit-v1-14',
  state: 'STOPPED'
}
replay ok · agat-scheduled-cancel-legacy-before-commit-v1.json · Legacy scheduled parent cancelled before child creation; retain old command sequence on replay
2026-09-28T01:56:04.595Z [INFO] Worker state changed {
  sdkComponent: 'worker',
  taskQueue: 'agat-agat-scheduled-durable-retry-v1-15',
  state: 'RUNNING'
}
2026-09-28T01:56:04.608Z [INFO] Worker state changed {
  sdkComponent: 'worker',
  taskQueue: 'agat-agat-scheduled-durable-retry-v1-15',
  state: 'STOPPING'
}
2026-09-28T01:56:04.608Z [INFO] Worker state changed {
  sdkComponent: 'worker',
  taskQueue: 'agat-agat-scheduled-durable-retry-v1-15',
  state: 'DRAINING'
}
2026-09-28T01:56:04.608Z [INFO] Worker state changed {
  sdkComponent: 'worker',
  taskQueue: 'agat-agat-scheduled-durable-retry-v1-15',
  state: 'DRAINED'
}
2026-09-28T01:56:04.608Z [INFO] Worker state changed {
  sdkComponent: 'worker',
  taskQueue: 'agat-agat-scheduled-durable-retry-v1-15',
  state: 'STOPPED'
}
replay ok · agat-scheduled-durable-retry-v1.json · Real Temporal scheduled parent: the first create commits but loses its acknowledgement, twelve transient failures span 120 seconds, and the thirteenth attempt at 135 seconds recovers the same instance and starts one completed child. Durable retry patch, real intervals, SDK 1.24.0.
2026-09-28T01:56:04.637Z [INFO] Worker state changed {
  sdkComponent: 'worker',
  taskQueue: 'agat-agat-scheduled-owner-recovery-v1-16',
  state: 'RUNNING'
}
2026-09-28T01:56:04.679Z [INFO] Worker state changed {
  sdkComponent: 'worker',
  taskQueue: 'agat-agat-scheduled-owner-recovery-v1-16',
  state: 'STOPPING'
}
2026-09-28T01:56:04.679Z [INFO] Worker state changed {
  sdkComponent: 'worker',
  taskQueue: 'agat-agat-scheduled-owner-recovery-v1-16',
  state: 'DRAINING'
}
2026-09-28T01:56:04.679Z [INFO] Worker state changed {
  sdkComponent: 'worker',
  taskQueue: 'agat-agat-scheduled-owner-recovery-v1-16',
  state: 'DRAINED'
}
2026-09-28T01:56:04.680Z [INFO] Worker state changed {
  sdkComponent: 'worker',
  taskQueue: 'agat-agat-scheduled-owner-recovery-v1-16',
  state: 'STOPPED'
}
replay ok · agat-scheduled-owner-recovery-v1.json · Real scheduled parent after lost start acknowledgement and two coordinator SIGKILL/restarts, before and after child start; preserves parent linkage and one child run. Client identities normalized.
2026-09-28T01:56:04.695Z [INFO] Worker state changed {
  sdkComponent: 'worker',
  taskQueue: 'agat-agat-scheduled-parent-child-v1-17',
  state: 'RUNNING'
}
2026-09-28T01:56:04.703Z [INFO] Worker state changed {
  sdkComponent: 'worker',
  taskQueue: 'agat-agat-scheduled-parent-child-v1-17',
  state: 'STOPPING'
}
2026-09-28T01:56:04.703Z [INFO] Worker state changed {
  sdkComponent: 'worker',
  taskQueue: 'agat-agat-scheduled-parent-child-v1-17',
  state: 'DRAINING'
}
2026-09-28T01:56:04.704Z [INFO] Worker state changed {
  sdkComponent: 'worker',
  taskQueue: 'agat-agat-scheduled-parent-child-v1-17',
  state: 'DRAINED'
}
2026-09-28T01:56:04.704Z [INFO] Worker state changed {
  sdkComponent: 'worker',
  taskQueue: 'agat-agat-scheduled-parent-child-v1-17',
  state: 'STOPPED'
}
replay ok · agat-scheduled-parent-child-v1.json · agatScheduledProcessWorkflow creates an instance and completes through a child agatProcessWorkflow
2026-09-28T01:56:04.717Z [INFO] Worker state changed {
  sdkComponent: 'worker',
  taskQueue: 'agat-agat-scheduled-retry-exhausted-legacy-v1-18',
  state: 'RUNNING'
}
2026-09-28T01:56:04.727Z [INFO] Worker state changed {
  sdkComponent: 'worker',
  taskQueue: 'agat-agat-scheduled-retry-exhausted-legacy-v1-18',
  state: 'STOPPING'
}
2026-09-28T01:56:04.727Z [INFO] Worker state changed {
  sdkComponent: 'worker',
  taskQueue: 'agat-agat-scheduled-retry-exhausted-legacy-v1-18',
  state: 'DRAINING'
}
2026-09-28T01:56:04.728Z [INFO] Worker state changed {
  sdkComponent: 'worker',
  taskQueue: 'agat-agat-scheduled-retry-exhausted-legacy-v1-18',
  state: 'DRAINED'
}
2026-09-28T01:56:04.728Z [INFO] Worker state changed {
  sdkComponent: 'worker',
  taskQueue: 'agat-agat-scheduled-retry-exhausted-legacy-v1-18',
  state: 'STOPPED'
}
replay ok · agat-scheduled-retry-exhausted-legacy-v1.json · Legacy scheduled-start exhausts eight retries after committed create; replay retains the recorded failure
2026-09-28T01:56:04.744Z [INFO] Worker state changed {
  sdkComponent: 'worker',
  taskQueue: 'agat-agat-scheduled-start-retry-v1-19',
  state: 'RUNNING'
}
2026-09-28T01:56:04.772Z [INFO] Worker state changed {
  sdkComponent: 'worker',
  taskQueue: 'agat-agat-scheduled-start-retry-v1-19',
  state: 'STOPPING'
}
2026-09-28T01:56:04.773Z [INFO] Worker state changed {
  sdkComponent: 'worker',
  taskQueue: 'agat-agat-scheduled-start-retry-v1-19',
  state: 'DRAINING'
}
2026-09-28T01:56:04.773Z [INFO] Worker state changed {
  sdkComponent: 'worker',
  taskQueue: 'agat-agat-scheduled-start-retry-v1-19',
  state: 'DRAINED'
}
2026-09-28T01:56:04.804Z [INFO] Worker state changed {
  sdkComponent: 'worker',
  taskQueue: 'agat-agat-scheduled-start-retry-v1-19',
  state: 'STOPPED'
}
replay ok · agat-scheduled-start-retry-v1.json · Real scheduled-start lost HTTP acknowledgement: Activity attempt 2 reuses one instance and starts one child workflow. Client identity normalized for the fixture.
