test_accepts_valid_utf8_json_at_the_exact_byte_limit (__main__.EmbeddingHttpLimitTests.test_accepts_valid_utf8_json_at_the_exact_byte_limit) ... ok
test_error_prefix_does_not_wait_for_an_unfinished_body (__main__.EmbeddingHttpLimitTests.test_error_prefix_does_not_wait_for_an_unfinished_body) ...
  test_error_prefix_does_not_wait_for_an_unfinished_body (__main__.EmbeddingHttpLimitTests.test_error_prefix_does_not_wait_for_an_unfinished_body) (chunked=False) ... ERROR
/opt/homebrew/Cellar/python@3.14/3.14.3_1/Frameworks/Python.framework/Versions/3.14/lib/python3.14/tempfile.py:484: ResourceWarning: Implicitly cleaning up <HTTPError 500: 'Internal Server Error'>
  _warnings.warn(self.warn_message, ResourceWarning)
  test_error_prefix_does_not_wait_for_an_unfinished_body (__main__.EmbeddingHttpLimitTests.test_error_prefix_does_not_wait_for_an_unfinished_body) (chunked=True) ... ERROR
test_full_supported_batch_fits_the_production_limit (__main__.EmbeddingHttpLimitTests.test_full_supported_batch_fits_the_production_limit) ... ok
test_measures_response_bytes_before_utf8_decoding (__main__.EmbeddingHttpLimitTests.test_measures_response_bytes_before_utf8_decoding) ... FAIL
test_rejects_chunked_response_without_relying_on_content_length (__main__.EmbeddingHttpLimitTests.test_rejects_chunked_response_without_relying_on_content_length) ... FAIL
test_rejects_fixed_length_response_one_byte_over_the_limit (__main__.EmbeddingHttpLimitTests.test_rejects_fixed_length_response_one_byte_over_the_limit) ... FAIL
test_worker_reports_oversize_as_failure_without_completing_the_lease (__main__.EmbeddingHttpLimitTests.test_worker_reports_oversize_as_failure_without_completing_the_lease) ... FAIL

======================================================================
ERROR: test_error_prefix_does_not_wait_for_an_unfinished_body (__main__.EmbeddingHttpLimitTests.test_error_prefix_does_not_wait_for_an_unfinished_body) (chunked=False)
----------------------------------------------------------------------
Traceback (most recent call last):
  File "/tmp/test_embedding_http_limits.py", line 123, in test_error_prefix_does_not_wait_for_an_unfinished_body
    future.result(timeout=2)
    ~~~~~~~~~~~~~^^^^^^^^^^^
  File "/opt/homebrew/Cellar/python@3.14/3.14.3_1/Frameworks/Python.framework/Versions/3.14/lib/python3.14/concurrent/futures/_base.py", line 452, in result
    raise TimeoutError()
TimeoutError

======================================================================
ERROR: test_error_prefix_does_not_wait_for_an_unfinished_body (__main__.EmbeddingHttpLimitTests.test_error_prefix_does_not_wait_for_an_unfinished_body) (chunked=True)
----------------------------------------------------------------------
Traceback (most recent call last):
  File "/tmp/test_embedding_http_limits.py", line 123, in test_error_prefix_does_not_wait_for_an_unfinished_body
    future.result(timeout=2)
    ~~~~~~~~~~~~~^^^^^^^^^^^
  File "/opt/homebrew/Cellar/python@3.14/3.14.3_1/Frameworks/Python.framework/Versions/3.14/lib/python3.14/concurrent/futures/_base.py", line 452, in result
    raise TimeoutError()
TimeoutError

======================================================================
FAIL: test_measures_response_bytes_before_utf8_decoding (__main__.EmbeddingHttpLimitTests.test_measures_response_bytes_before_utf8_decoding)
----------------------------------------------------------------------
Traceback (most recent call last):
  File "/tmp/test_embedding_http_limits.py", line 112, in test_measures_response_bytes_before_utf8_decoding
    with self.assertRaisesRegex(RuntimeError, "response exceeds"):
         ~~~~~~~~~~~~~~~~~~~~~~^^^^^^^^^^^^^^^^^^^^^^^^^^^^^^^^^^
AssertionError: RuntimeError not raised

======================================================================
FAIL: test_rejects_chunked_response_without_relying_on_content_length (__main__.EmbeddingHttpLimitTests.test_rejects_chunked_response_without_relying_on_content_length)
----------------------------------------------------------------------
Traceback (most recent call last):
  File "/tmp/test_embedding_http_limits.py", line 105, in test_rejects_chunked_response_without_relying_on_content_length
    with self.assertRaisesRegex(RuntimeError, "response exceeds"):
         ~~~~~~~~~~~~~~~~~~~~~~^^^^^^^^^^^^^^^^^^^^^^^^^^^^^^^^^^
AssertionError: RuntimeError not raised

======================================================================
FAIL: test_rejects_fixed_length_response_one_byte_over_the_limit (__main__.EmbeddingHttpLimitTests.test_rejects_fixed_length_response_one_byte_over_the_limit)
----------------------------------------------------------------------
Traceback (most recent call last):
  File "/tmp/test_embedding_http_limits.py", line 99, in test_rejects_fixed_length_response_one_byte_over_the_limit
    with self.assertRaisesRegex(RuntimeError, "response exceeds"):
         ~~~~~~~~~~~~~~~~~~~~~~^^^^^^^^^^^^^^^^^^^^^^^^^^^^^^^^^^
AssertionError: RuntimeError not raised

======================================================================
FAIL: test_worker_reports_oversize_as_failure_without_completing_the_lease (__main__.EmbeddingHttpLimitTests.test_worker_reports_oversize_as_failure_without_completing_the_lease)
----------------------------------------------------------------------
Traceback (most recent call last):
  File "/tmp/test_embedding_http_limits.py", line 145, in test_worker_reports_oversize_as_failure_without_completing_the_lease
    coordinator.knowledge_complete.assert_not_called()
    ~~~~~~~~~~~~~~~~~~~~~~~~~~~~~~~~~~~~~~~~~~~~~~~~^^
  File "/opt/homebrew/Cellar/python@3.14/3.14.3_1/Frameworks/Python.framework/Versions/3.14/lib/python3.14/unittest/mock.py", line 946, in assert_not_called
    raise AssertionError(msg)
AssertionError: Expected 'knowledge_complete' to not have been called. Called 1 times.
Calls: [call('lease', [{'chunkId': 'chunk', 'embedding': [1.0, 0.0]}])].

----------------------------------------------------------------------
Ran 7 tests in 7.751s

FAILED (failures=4, errors=2)
