
> @agat/coordinator@1.7.0 build
> tsc -p tsconfig.json

(node:59001) ExperimentalWarning: SQLite is an experimental feature and might change at any time
(Use `node --trace-warnings ...` to show where the warning was created)
▶ PostgreSQL Fleet/HA integration
  ✔ real Python embedding worker bounds model HTTP and recovers on a new lease (oversized-success) (1238.7135ms)
  ℹ oversized-success: model calls=2, failed lease HTTP 200, replacement completion HTTP 200, failures=1, only replacement vector saved, both renewers exited
  ✔ real Python embedding worker bounds model HTTP and recovers on a new lease (unfinished-error) (1347.178792ms)
  ℹ unfinished-error: model calls=2, failed lease HTTP 200, replacement completion HTTP 200, failures=1, only replacement vector saved, both renewers exited
  ✔ real Python embedding worker suppresses obsolete replies after renewal rejects ownership during model HTTP (45994.1395ms)
  ℹ Renewal HTTP 404; obsolete terminal HTTP attempts=none; model calls=1
  ✔ real Python embedding worker releases its slot and renewer after lost COMMIT acknowledgement (disconnect) (1668.334584ms)
  ℹ Python 3.14.3/disconnect: completion HTTP 503/200/200, 34 exact vectors, 3 events, 3 renewers exited, no live worker threads
  ✔ real Python embedding worker releases its slot and renewer after lost COMMIT acknowledgement (withhold) (2600.992833ms)
  ℹ Python 3.14.3/withhold: completion HTTP 503/200/200, 34 exact vectors, 3 events, 3 renewers exited, no live worker threads
✔ PostgreSQL Fleet/HA integration (54394.4465ms)
ℹ tests 5
ℹ suites 1
ℹ pass 5
ℹ fail 0
ℹ cancelled 0
ℹ skipped 0
ℹ todo 0
ℹ duration_ms 54919.529916
