
> agat-platform@1.7.0 fleet:test-temporal-postgres-rag
> bash scripts/test-temporal-postgres-rag.sh


> @agat/coordinator@1.7.0 build
> tsc -p tsconfig.json

(node:11477) ExperimentalWarning: SQLite is an experimental feature and might change at any time
(Use `node --trace-warnings ...` to show where the warning was created)
{"schemaVersion":30,"contractId":"agat-scheduled-cancellation-intent-v30","admissionReportSha256":"42e99425834a95d89abc6bf477019f8a1384b5ab873346b3542af3063c992a69","admissionOperations":1556,"admissionP99Ms":1.936}

> @agat/coordinator@1.7.0 build
> tsc -p tsconfig.json


> @agat/temporal-worker@1.7.0 build
> tsc -p tsconfig.json && node dist/build-workflows.js

2026-09-28T03:05:33.117Z [INFO] asset workflow-bundle-1c766690c6be022b3607.js 1.28 MiB [emitted] [immutable] (name: main)
runtime modules 1.34 KiB 4 modules
modules by path ../../node_modules/@temporalio/ 391 KiB
  modules by path ../../node_modules/@temporalio/common/lib/ 167 KiB 36 modules
  modules by path ../../node_modules/@temporalio/workflow/ 224 KiB 29 modules
modules by path ../../node_modules/nexus-rpc/lib/ 22.8 KiB 13 modules
modules by path ./src/ 10.4 KiB
  ./src/workflows-autogenerated-entrypoint.cjs 520 bytes [built] [code generated]
  ./src/workflows.ts 9.84 KiB [built] [code generated]
  ./src/contracts.ts 65 bytes [built] [code generated]
optional modules 30 bytes [optional]
  __temporal_custom_payload_converter (ignored) 15 bytes [optional] [built] [code generated]
  __temporal_custom_failure_converter (ignored) 15 bytes [optional] [built] [code generated]
../../node_modules/long/umd/index.js 49.8 KiB [built] [code generated]
../../node_modules/ms/dist/index.cjs 3.41 KiB [built] [code generated]
webpack 5.109.2 compiled successfully in 411 ms
2026-09-28T03:05:33.123Z [INFO] Workflow bundle created { size: '1.28MB' }
(node:11628) ExperimentalWarning: SQLite is an experimental feature and might change at any time
(Use `node --trace-warnings ...` to show where the warning was created)
✔ apps/coordinator/test/temporal-cancellation.integration.test.ts (2202.252917ms)
(node:11629) ExperimentalWarning: SQLite is an experimental feature and might change at any time
(Use `node --trace-warnings ...` to show where the warning was created)
✔ apps/coordinator/test/temporal-process-retry.integration.test.ts (2064.273083ms)
(node:11630) ExperimentalWarning: SQLite is an experimental feature and might change at any time
(Use `node --trace-warnings ...` to show where the warning was created)
2026-09-28T03:05:56.789Z [INFO] Worker state changed {
  sdkComponent: 'worker',
  taskQueue: 'fake_replay_queue-0',
  state: 'RUNNING'
}
2026-09-28T03:05:56.863Z [INFO] Worker state changed {
  sdkComponent: 'worker',
  taskQueue: 'fake_replay_queue-0',
  state: 'STOPPING'
}
2026-09-28T03:05:56.863Z [INFO] Worker state changed {
  sdkComponent: 'worker',
  taskQueue: 'fake_replay_queue-0',
  state: 'DRAINING'
}
2026-09-28T03:05:56.863Z [INFO] Worker state changed {
  sdkComponent: 'worker',
  taskQueue: 'fake_replay_queue-0',
  state: 'DRAINED'
}
2026-09-28T03:05:56.863Z [INFO] Worker state changed {
  sdkComponent: 'worker',
  taskQueue: 'fake_replay_queue-0',
  state: 'STOPPED'
}
✔ Temporal RAG postgresql/isolated/recover: retries a lost tick reply, restores a killed worker and replays without model calls (20908.369292ms)
2026-09-28T03:06:23.825Z [INFO] Worker state changed {
  sdkComponent: 'worker',
  taskQueue: 'fake_replay_queue-1',
  state: 'RUNNING'
}
2026-09-28T03:06:23.851Z [INFO] Worker state changed {
  sdkComponent: 'worker',
  taskQueue: 'fake_replay_queue-1',
  state: 'STOPPING'
}
2026-09-28T03:06:23.851Z [INFO] Worker state changed {
  sdkComponent: 'worker',
  taskQueue: 'fake_replay_queue-1',
  state: 'DRAINING'
}
2026-09-28T03:06:23.851Z [INFO] Worker state changed {
  sdkComponent: 'worker',
  taskQueue: 'fake_replay_queue-1',
  state: 'DRAINED'
}
2026-09-28T03:06:23.851Z [INFO] Worker state changed {
  sdkComponent: 'worker',
  taskQueue: 'fake_replay_queue-1',
  state: 'STOPPED'
}
✔ Temporal RAG postgresql/isolated/cancel: cancels an active primary call and rejects its late output (26925.178875ms)
2026-09-28T03:07:17.174Z [INFO] Worker state changed {
  sdkComponent: 'worker',
  taskQueue: 'fake_replay_queue-2',
  state: 'RUNNING'
}
2026-09-28T03:07:17.204Z [INFO] Worker state changed {
  sdkComponent: 'worker',
  taskQueue: 'fake_replay_queue-2',
  state: 'STOPPING'
}
2026-09-28T03:07:17.204Z [INFO] Worker state changed {
  sdkComponent: 'worker',
  taskQueue: 'fake_replay_queue-2',
  state: 'DRAINING'
}
2026-09-28T03:07:17.204Z [INFO] Worker state changed {
  sdkComponent: 'worker',
  taskQueue: 'fake_replay_queue-2',
  state: 'DRAINED'
}
2026-09-28T03:07:17.204Z [INFO] Worker state changed {
  sdkComponent: 'worker',
  taskQueue: 'fake_replay_queue-2',
  state: 'STOPPED'
}
✔ Temporal RAG postgresql/isolated/interrupt: interrupts blocked primary HTTP after lease rejection and reuses the worker slot (59779.499542ms)
2026-09-28T03:08:17.238Z [INFO] Worker state changed {
  sdkComponent: 'worker',
  taskQueue: 'fake_replay_queue-3',
  state: 'RUNNING'
}
2026-09-28T03:08:17.256Z [INFO] Worker state changed {
  sdkComponent: 'worker',
  taskQueue: 'fake_replay_queue-3',
  state: 'STOPPING'
}
2026-09-28T03:08:17.256Z [INFO] Worker state changed {
  sdkComponent: 'worker',
  taskQueue: 'fake_replay_queue-3',
  state: 'DRAINING'
}
2026-09-28T03:08:17.256Z [INFO] Worker state changed {
  sdkComponent: 'worker',
  taskQueue: 'fake_replay_queue-3',
  state: 'DRAINED'
}
2026-09-28T03:08:17.256Z [INFO] Worker state changed {
  sdkComponent: 'worker',
  taskQueue: 'fake_replay_queue-3',
  state: 'STOPPED'
}
✔ Temporal RAG postgresql/isolated/query-interrupt: interrupts blocked query embedding HTTP after lease rejection and reuses the worker slot (60100.018583ms)
2026-09-28T03:08:42.848Z [INFO] Worker state changed {
  sdkComponent: 'worker',
  taskQueue: 'fake_replay_queue-4',
  state: 'RUNNING'
}
2026-09-28T03:08:42.873Z [INFO] Worker state changed {
  sdkComponent: 'worker',
  taskQueue: 'fake_replay_queue-4',
  state: 'STOPPING'
}
2026-09-28T03:08:42.873Z [INFO] Worker state changed {
  sdkComponent: 'worker',
  taskQueue: 'fake_replay_queue-4',
  state: 'DRAINING'
}
2026-09-28T03:08:42.874Z [INFO] Worker state changed {
  sdkComponent: 'worker',
  taskQueue: 'fake_replay_queue-4',
  state: 'DRAINED'
}
2026-09-28T03:08:42.874Z [INFO] Worker state changed {
  sdkComponent: 'worker',
  taskQueue: 'fake_replay_queue-4',
  state: 'STOPPED'
}
✔ Temporal RAG postgresql/session/recover: retries a lost tick reply, restores a killed worker and replays without model calls (19157.757167ms)
2026-09-28T03:09:02.486Z [INFO] Worker state changed {
  sdkComponent: 'worker',
  taskQueue: 'fake_replay_queue-5',
  state: 'RUNNING'
}
2026-09-28T03:09:02.506Z [INFO] Worker state changed {
  sdkComponent: 'worker',
  taskQueue: 'fake_replay_queue-5',
  state: 'STOPPING'
}
2026-09-28T03:09:02.506Z [INFO] Worker state changed {
  sdkComponent: 'worker',
  taskQueue: 'fake_replay_queue-5',
  state: 'DRAINING'
}
2026-09-28T03:09:02.507Z [INFO] Worker state changed {
  sdkComponent: 'worker',
  taskQueue: 'fake_replay_queue-5',
  state: 'DRAINED'
}
2026-09-28T03:09:02.507Z [INFO] Worker state changed {
  sdkComponent: 'worker',
  taskQueue: 'fake_replay_queue-5',
  state: 'STOPPED'
}
✔ Temporal RAG postgresql/session/cancel: cancels an active primary call and rejects its late output (19632.153583ms)
2026-09-28T03:09:55.877Z [INFO] Worker state changed {
  sdkComponent: 'worker',
  taskQueue: 'fake_replay_queue-6',
  state: 'RUNNING'
}
2026-09-28T03:09:55.898Z [INFO] Worker state changed {
  sdkComponent: 'worker',
  taskQueue: 'fake_replay_queue-6',
  state: 'STOPPING'
}
2026-09-28T03:09:55.898Z [INFO] Worker state changed {
  sdkComponent: 'worker',
  taskQueue: 'fake_replay_queue-6',
  state: 'DRAINING'
}
2026-09-28T03:09:55.898Z [INFO] Worker state changed {
  sdkComponent: 'worker',
  taskQueue: 'fake_replay_queue-6',
  state: 'DRAINED'
}
2026-09-28T03:09:55.898Z [INFO] Worker state changed {
  sdkComponent: 'worker',
  taskQueue: 'fake_replay_queue-6',
  state: 'STOPPED'
}
✔ Temporal RAG postgresql/session/interrupt: interrupts blocked primary HTTP after lease rejection and reuses the worker slot (59525.574292ms)
2026-09-28T03:10:55.170Z [INFO] Worker state changed {
  sdkComponent: 'worker',
  taskQueue: 'fake_replay_queue-7',
  state: 'RUNNING'
}
2026-09-28T03:10:55.193Z [INFO] Worker state changed {
  sdkComponent: 'worker',
  taskQueue: 'fake_replay_queue-7',
  state: 'STOPPING'
}
2026-09-28T03:10:55.194Z [INFO] Worker state changed {
  sdkComponent: 'worker',
  taskQueue: 'fake_replay_queue-7',
  state: 'DRAINING'
}
2026-09-28T03:10:55.194Z [INFO] Worker state changed {
  sdkComponent: 'worker',
  taskQueue: 'fake_replay_queue-7',
  state: 'DRAINED'
}
2026-09-28T03:10:55.194Z [INFO] Worker state changed {
  sdkComponent: 'worker',
  taskQueue: 'fake_replay_queue-7',
  state: 'STOPPED'
}
✔ Temporal RAG postgresql/session/query-interrupt: interrupts blocked query embedding HTTP after lease rejection and reuses the worker slot (59525.636584ms)
(node:11631) ExperimentalWarning: SQLite is an experimental feature and might change at any time
(Use `node --trace-warnings ...` to show where the warning was created)
✔ apps/coordinator/test/temporal-scheduled-cancellation.integration.test.ts (2175.019208ms)
(node:11632) ExperimentalWarning: SQLite is an experimental feature and might change at any time
(Use `node --trace-warnings ...` to show where the warning was created)
✔ apps/coordinator/test/temporal-scheduled-reconciliation.integration.test.ts (2195.7415ms)
(node:11633) ExperimentalWarning: SQLite is an experimental feature and might change at any time
(Use `node --trace-warnings ...` to show where the warning was created)
✔ apps/coordinator/test/temporal-scheduled-retry.integration.test.ts (2083.435125ms)
(node:11634) ExperimentalWarning: SQLite is an experimental feature and might change at any time
(Use `node --trace-warnings ...` to show where the warning was created)
✔ apps/coordinator/test/temporal-scheduled-start.integration.test.ts (2226.679584ms)
ℹ tests 14
ℹ suites 0
ℹ pass 14
ℹ fail 0
ℹ cancelled 0
ℹ skipped 0
ℹ todo 0
ℹ duration_ms 327638.179709
