
> agat-platform@1.7.0 fleet:test-temporal-rag
> bash scripts/test-temporal-rag.sh


> @agat/coordinator@1.7.0 build
> tsc -p tsconfig.json


> @agat/temporal-worker@1.7.0 build
> tsc -p tsconfig.json && node dist/build-workflows.js

2026-09-28T03:05:27.347Z [INFO] asset workflow-bundle-1c766690c6be022b3607.js 1.28 MiB [emitted] [immutable] (name: main)
runtime modules 1.34 KiB 4 modules
modules by path ../../node_modules/@temporalio/ 391 KiB
  modules by path ../../node_modules/@temporalio/common/lib/ 167 KiB 36 modules
  modules by path ../../node_modules/@temporalio/workflow/ 224 KiB 29 modules
modules by path ../../node_modules/nexus-rpc/lib/ 22.8 KiB 13 modules
modules by path ./src/ 10.4 KiB
  ./src/workflows-autogenerated-entrypoint.cjs 520 bytes [built] [code generated]
  ./src/workflows.ts 9.84 KiB [built] [code generated]
  ./src/contracts.ts 65 bytes [built] [code generated]
optional modules 30 bytes [optional]
  __temporal_custom_payload_converter (ignored) 15 bytes [optional] [built] [code generated]
  __temporal_custom_failure_converter (ignored) 15 bytes [optional] [built] [code generated]
../../node_modules/long/umd/index.js 49.8 KiB [built] [code generated]
../../node_modules/ms/dist/index.cjs 3.41 KiB [built] [code generated]
webpack 5.109.2 compiled successfully in 252 ms
2026-09-28T03:05:27.350Z [INFO] Workflow bundle created { size: '1.28MB' }
(node:11493) ExperimentalWarning: SQLite is an experimental feature and might change at any time
(Use `node --trace-warnings ...` to show where the warning was created)
2026-09-28T03:05:34.271Z [INFO] Worker state changed {
  sdkComponent: 'worker',
  taskQueue: 'fake_replay_queue-0',
  state: 'RUNNING'
}
2026-09-28T03:05:34.445Z [INFO] Worker state changed {
  sdkComponent: 'worker',
  taskQueue: 'fake_replay_queue-0',
  state: 'STOPPING'
}
2026-09-28T03:05:34.445Z [INFO] Worker state changed {
  sdkComponent: 'worker',
  taskQueue: 'fake_replay_queue-0',
  state: 'DRAINING'
}
2026-09-28T03:05:34.446Z [INFO] Worker state changed {
  sdkComponent: 'worker',
  taskQueue: 'fake_replay_queue-0',
  state: 'DRAINED'
}
2026-09-28T03:05:34.447Z [INFO] Worker state changed {
  sdkComponent: 'worker',
  taskQueue: 'fake_replay_queue-0',
  state: 'STOPPED'
}
2026-09-28T03:05:34.488Z [INFO] Worker state changed {
  sdkComponent: 'worker',
  taskQueue: 'fake_replay_queue-1',
  state: 'RUNNING'
}
2026-09-28T03:05:34.744Z [INFO] Worker state changed {
  sdkComponent: 'worker',
  taskQueue: 'fake_replay_queue-1',
  state: 'STOPPING'
}
2026-09-28T03:05:34.744Z [INFO] Worker state changed {
  sdkComponent: 'worker',
  taskQueue: 'fake_replay_queue-1',
  state: 'DRAINING'
}
2026-09-28T03:05:34.751Z [INFO] Worker state changed {
  sdkComponent: 'worker',
  taskQueue: 'fake_replay_queue-1',
  state: 'DRAINED'
}
2026-09-28T03:05:34.751Z [INFO] Worker state changed {
  sdkComponent: 'worker',
  taskQueue: 'fake_replay_queue-1',
  state: 'STOPPED'
}
✔ Temporal parent cancellation settles application state (4831.035916ms)
2026-09-28T03:05:53.039Z [INFO] Worker state changed {
  sdkComponent: 'worker',
  taskQueue: 'fake_replay_queue-2',
  state: 'RUNNING'
}
2026-09-28T03:05:53.054Z [INFO] Worker state changed {
  sdkComponent: 'worker',
  taskQueue: 'fake_replay_queue-2',
  state: 'STOPPING'
}
2026-09-28T03:05:53.054Z [INFO] Worker state changed {
  sdkComponent: 'worker',
  taskQueue: 'fake_replay_queue-2',
  state: 'DRAINING'
}
2026-09-28T03:05:53.054Z [INFO] Worker state changed {
  sdkComponent: 'worker',
  taskQueue: 'fake_replay_queue-2',
  state: 'DRAINED'
}
2026-09-28T03:05:53.054Z [INFO] Worker state changed {
  sdkComponent: 'worker',
  taskQueue: 'fake_replay_queue-2',
  state: 'STOPPED'
}
2026-09-28T03:05:53.066Z [INFO] Worker state changed {
  sdkComponent: 'worker',
  taskQueue: 'fake_replay_queue-3',
  state: 'RUNNING'
}
2026-09-28T03:05:53.083Z [INFO] Worker state changed {
  sdkComponent: 'worker',
  taskQueue: 'fake_replay_queue-3',
  state: 'STOPPING'
}
2026-09-28T03:05:53.083Z [INFO] Worker state changed {
  sdkComponent: 'worker',
  taskQueue: 'fake_replay_queue-3',
  state: 'DRAINING'
}
2026-09-28T03:05:53.084Z [INFO] Worker state changed {
  sdkComponent: 'worker',
  taskQueue: 'fake_replay_queue-3',
  state: 'DRAINED'
}
2026-09-28T03:05:53.084Z [INFO] Worker state changed {
  sdkComponent: 'worker',
  taskQueue: 'fake_replay_queue-3',
  state: 'STOPPED'
}
✔ Temporal parent cancellation settles application state after compensation and worker restart (18209.301292ms)
(node:11494) ExperimentalWarning: SQLite is an experimental feature and might change at any time
(Use `node --trace-warnings ...` to show where the warning was created)
2026-09-28T03:07:48.306Z [INFO] Worker state changed {
  sdkComponent: 'worker',
  taskQueue: 'fake_replay_queue-0',
  state: 'RUNNING'
}
2026-09-28T03:07:48.338Z [INFO] Worker state changed {
  sdkComponent: 'worker',
  taskQueue: 'fake_replay_queue-0',
  state: 'STOPPING'
}
2026-09-28T03:07:48.338Z [INFO] Worker state changed {
  sdkComponent: 'worker',
  taskQueue: 'fake_replay_queue-0',
  state: 'DRAINING'
}
2026-09-28T03:07:48.338Z [INFO] Worker state changed {
  sdkComponent: 'worker',
  taskQueue: 'fake_replay_queue-0',
  state: 'DRAINED'
}
2026-09-28T03:07:48.338Z [INFO] Worker state changed {
  sdkComponent: 'worker',
  taskQueue: 'fake_replay_queue-0',
  state: 'STOPPED'
}
2026-09-28T03:07:48.352Z [INFO] Worker state changed {
  sdkComponent: 'worker',
  taskQueue: 'fake_replay_queue-1',
  state: 'RUNNING'
}
2026-09-28T03:07:48.368Z [INFO] Worker state changed {
  sdkComponent: 'worker',
  taskQueue: 'fake_replay_queue-1',
  state: 'STOPPING'
}
2026-09-28T03:07:48.368Z [INFO] Worker state changed {
  sdkComponent: 'worker',
  taskQueue: 'fake_replay_queue-1',
  state: 'DRAINING'
}
2026-09-28T03:07:48.368Z [INFO] Worker state changed {
  sdkComponent: 'worker',
  taskQueue: 'fake_replay_queue-1',
  state: 'DRAINED'
}
2026-09-28T03:07:48.368Z [INFO] Worker state changed {
  sdkComponent: 'worker',
  taskQueue: 'fake_replay_queue-1',
  state: 'STOPPED'
}
✔ Temporal process tick survives a long outage with recover (138472.391667ms)
2026-09-28T03:07:54.897Z [INFO] Worker state changed {
  sdkComponent: 'worker',
  taskQueue: 'fake_replay_queue-2',
  state: 'RUNNING'
}
2026-09-28T03:07:54.912Z [INFO] Worker state changed {
  sdkComponent: 'worker',
  taskQueue: 'fake_replay_queue-2',
  state: 'STOPPING'
}
2026-09-28T03:07:54.912Z [INFO] Worker state changed {
  sdkComponent: 'worker',
  taskQueue: 'fake_replay_queue-2',
  state: 'DRAINING'
}
2026-09-28T03:07:54.912Z [INFO] Worker state changed {
  sdkComponent: 'worker',
  taskQueue: 'fake_replay_queue-2',
  state: 'DRAINED'
}
2026-09-28T03:07:54.912Z [INFO] Worker state changed {
  sdkComponent: 'worker',
  taskQueue: 'fake_replay_queue-2',
  state: 'STOPPED'
}
2026-09-28T03:07:54.927Z [INFO] Worker state changed {
  sdkComponent: 'worker',
  taskQueue: 'fake_replay_queue-3',
  state: 'RUNNING'
}
2026-09-28T03:07:54.938Z [INFO] Worker state changed {
  sdkComponent: 'worker',
  taskQueue: 'fake_replay_queue-3',
  state: 'STOPPING'
}
2026-09-28T03:07:54.938Z [INFO] Worker state changed {
  sdkComponent: 'worker',
  taskQueue: 'fake_replay_queue-3',
  state: 'DRAINING'
}
2026-09-28T03:07:54.938Z [INFO] Worker state changed {
  sdkComponent: 'worker',
  taskQueue: 'fake_replay_queue-3',
  state: 'DRAINED'
}
2026-09-28T03:07:54.938Z [INFO] Worker state changed {
  sdkComponent: 'worker',
  taskQueue: 'fake_replay_queue-3',
  state: 'STOPPED'
}
✔ Temporal process tick survives a long outage with cancel (6438.980833ms)
(node:11495) ExperimentalWarning: SQLite is an experimental feature and might change at any time
(Use `node --trace-warnings ...` to show where the warning was created)
2026-09-28T03:05:50.104Z [INFO] Worker state changed {
  sdkComponent: 'worker',
  taskQueue: 'fake_replay_queue-0',
  state: 'RUNNING'
}
2026-09-28T03:05:50.161Z [INFO] Worker state changed {
  sdkComponent: 'worker',
  taskQueue: 'fake_replay_queue-0',
  state: 'STOPPING'
}
2026-09-28T03:05:50.161Z [INFO] Worker state changed {
  sdkComponent: 'worker',
  taskQueue: 'fake_replay_queue-0',
  state: 'DRAINING'
}
2026-09-28T03:05:50.162Z [INFO] Worker state changed {
  sdkComponent: 'worker',
  taskQueue: 'fake_replay_queue-0',
  state: 'DRAINED'
}
2026-09-28T03:05:50.162Z [INFO] Worker state changed {
  sdkComponent: 'worker',
  taskQueue: 'fake_replay_queue-0',
  state: 'STOPPED'
}
✔ Temporal RAG sqlite/isolated/recover: retries a lost tick reply, restores a killed worker and replays without model calls (20150.433625ms)
2026-09-28T03:06:09.475Z [INFO] Worker state changed {
  sdkComponent: 'worker',
  taskQueue: 'fake_replay_queue-1',
  state: 'RUNNING'
}
2026-09-28T03:06:09.619Z [INFO] Worker state changed {
  sdkComponent: 'worker',
  taskQueue: 'fake_replay_queue-1',
  state: 'STOPPING'
}
2026-09-28T03:06:09.620Z [INFO] Worker state changed {
  sdkComponent: 'worker',
  taskQueue: 'fake_replay_queue-1',
  state: 'DRAINING'
}
2026-09-28T03:06:09.620Z [INFO] Worker state changed {
  sdkComponent: 'worker',
  taskQueue: 'fake_replay_queue-1',
  state: 'DRAINED'
}
2026-09-28T03:06:09.620Z [INFO] Worker state changed {
  sdkComponent: 'worker',
  taskQueue: 'fake_replay_queue-1',
  state: 'STOPPED'
}
✔ Temporal RAG sqlite/isolated/cancel: cancels an active primary call and rejects its late output (19552.11575ms)
2026-09-28T03:07:02.397Z [INFO] Worker state changed {
  sdkComponent: 'worker',
  taskQueue: 'fake_replay_queue-2',
  state: 'RUNNING'
}
2026-09-28T03:07:02.425Z [INFO] Worker state changed {
  sdkComponent: 'worker',
  taskQueue: 'fake_replay_queue-2',
  state: 'STOPPING'
}
2026-09-28T03:07:02.425Z [INFO] Worker state changed {
  sdkComponent: 'worker',
  taskQueue: 'fake_replay_queue-2',
  state: 'DRAINING'
}
2026-09-28T03:07:02.425Z [INFO] Worker state changed {
  sdkComponent: 'worker',
  taskQueue: 'fake_replay_queue-2',
  state: 'DRAINED'
}
2026-09-28T03:07:02.425Z [INFO] Worker state changed {
  sdkComponent: 'worker',
  taskQueue: 'fake_replay_queue-2',
  state: 'STOPPED'
}
✔ Temporal RAG sqlite/isolated/interrupt: interrupts blocked primary HTTP after lease rejection and reuses the worker slot (58372.981709ms)
2026-09-28T03:08:00.154Z [INFO] Worker state changed {
  sdkComponent: 'worker',
  taskQueue: 'fake_replay_queue-3',
  state: 'RUNNING'
}
2026-09-28T03:08:00.187Z [INFO] Worker state changed {
  sdkComponent: 'worker',
  taskQueue: 'fake_replay_queue-3',
  state: 'STOPPING'
}
2026-09-28T03:08:00.187Z [INFO] Worker state changed {
  sdkComponent: 'worker',
  taskQueue: 'fake_replay_queue-3',
  state: 'DRAINING'
}
2026-09-28T03:08:00.187Z [INFO] Worker state changed {
  sdkComponent: 'worker',
  taskQueue: 'fake_replay_queue-3',
  state: 'DRAINED'
}
2026-09-28T03:08:00.187Z [INFO] Worker state changed {
  sdkComponent: 'worker',
  taskQueue: 'fake_replay_queue-3',
  state: 'STOPPED'
}
✔ Temporal RAG sqlite/isolated/query-interrupt: interrupts blocked query embedding HTTP after lease rejection and reuses the worker slot (57731.051833ms)
2026-09-28T03:08:23.739Z [INFO] Worker state changed {
  sdkComponent: 'worker',
  taskQueue: 'fake_replay_queue-4',
  state: 'RUNNING'
}
2026-09-28T03:08:23.764Z [INFO] Worker state changed {
  sdkComponent: 'worker',
  taskQueue: 'fake_replay_queue-4',
  state: 'STOPPING'
}
2026-09-28T03:08:23.765Z [INFO] Worker state changed {
  sdkComponent: 'worker',
  taskQueue: 'fake_replay_queue-4',
  state: 'DRAINING'
}
2026-09-28T03:08:23.765Z [INFO] Worker state changed {
  sdkComponent: 'worker',
  taskQueue: 'fake_replay_queue-4',
  state: 'DRAINED'
}
2026-09-28T03:08:23.765Z [INFO] Worker state changed {
  sdkComponent: 'worker',
  taskQueue: 'fake_replay_queue-4',
  state: 'STOPPED'
}
✔ Temporal RAG sqlite/session/recover: retries a lost tick reply, restores a killed worker and replays without model calls (17929.553417ms)
2026-09-28T03:08:42.372Z [INFO] Worker state changed {
  sdkComponent: 'worker',
  taskQueue: 'fake_replay_queue-5',
  state: 'RUNNING'
}
2026-09-28T03:08:42.394Z [INFO] Worker state changed {
  sdkComponent: 'worker',
  taskQueue: 'fake_replay_queue-5',
  state: 'STOPPING'
}
2026-09-28T03:08:42.395Z [INFO] Worker state changed {
  sdkComponent: 'worker',
  taskQueue: 'fake_replay_queue-5',
  state: 'DRAINING'
}
2026-09-28T03:08:42.395Z [INFO] Worker state changed {
  sdkComponent: 'worker',
  taskQueue: 'fake_replay_queue-5',
  state: 'DRAINED'
}
2026-09-28T03:08:42.395Z [INFO] Worker state changed {
  sdkComponent: 'worker',
  taskQueue: 'fake_replay_queue-5',
  state: 'STOPPED'
}
✔ Temporal RAG sqlite/session/cancel: cancels an active primary call and rejects its late output (18642.629417ms)
2026-09-28T03:09:34.458Z [INFO] Worker state changed {
  sdkComponent: 'worker',
  taskQueue: 'fake_replay_queue-6',
  state: 'RUNNING'
}
2026-09-28T03:09:34.483Z [INFO] Worker state changed {
  sdkComponent: 'worker',
  taskQueue: 'fake_replay_queue-6',
  state: 'STOPPING'
}
2026-09-28T03:09:34.483Z [INFO] Worker state changed {
  sdkComponent: 'worker',
  taskQueue: 'fake_replay_queue-6',
  state: 'DRAINING'
}
2026-09-28T03:09:34.483Z [INFO] Worker state changed {
  sdkComponent: 'worker',
  taskQueue: 'fake_replay_queue-6',
  state: 'DRAINED'
}
2026-09-28T03:09:34.483Z [INFO] Worker state changed {
  sdkComponent: 'worker',
  taskQueue: 'fake_replay_queue-6',
  state: 'STOPPED'
}
✔ Temporal RAG sqlite/session/interrupt: interrupts blocked primary HTTP after lease rejection and reuses the worker slot (57739.584709ms)
2026-09-28T03:10:32.189Z [INFO] Worker state changed {
  sdkComponent: 'worker',
  taskQueue: 'fake_replay_queue-7',
  state: 'RUNNING'
}
2026-09-28T03:10:32.211Z [INFO] Worker state changed {
  sdkComponent: 'worker',
  taskQueue: 'fake_replay_queue-7',
  state: 'STOPPING'
}
2026-09-28T03:10:32.211Z [INFO] Worker state changed {
  sdkComponent: 'worker',
  taskQueue: 'fake_replay_queue-7',
  state: 'DRAINING'
}
2026-09-28T03:10:32.211Z [INFO] Worker state changed {
  sdkComponent: 'worker',
  taskQueue: 'fake_replay_queue-7',
  state: 'DRAINED'
}
2026-09-28T03:10:32.211Z [INFO] Worker state changed {
  sdkComponent: 'worker',
  taskQueue: 'fake_replay_queue-7',
  state: 'STOPPED'
}
✔ Temporal RAG sqlite/session/query-interrupt: interrupts blocked query embedding HTTP after lease rejection and reuses the worker slot (57699.115542ms)
(node:11496) ExperimentalWarning: SQLite is an experimental feature and might change at any time
(Use `node --trace-warnings ...` to show where the warning was created)
2026-09-28T03:05:33.931Z [INFO] Worker state changed {
  sdkComponent: 'worker',
  taskQueue: 'fake_replay_queue-0',
  state: 'RUNNING'
}
2026-09-28T03:05:34.292Z [INFO] Worker state changed {
  sdkComponent: 'worker',
  taskQueue: 'fake_replay_queue-0',
  state: 'STOPPING'
}
2026-09-28T03:05:34.292Z [INFO] Worker state changed {
  sdkComponent: 'worker',
  taskQueue: 'fake_replay_queue-0',
  state: 'DRAINING'
}
2026-09-28T03:05:34.303Z [INFO] Worker state changed {
  sdkComponent: 'worker',
  taskQueue: 'fake_replay_queue-0',
  state: 'DRAINED'
}
2026-09-28T03:05:34.303Z [INFO] Worker state changed {
  sdkComponent: 'worker',
  taskQueue: 'fake_replay_queue-0',
  state: 'STOPPED'
}
✔ Temporal scheduled cancellation fences creation before-commit (4390.938625ms)
2026-09-28T03:05:37.732Z [INFO] Worker state changed {
  sdkComponent: 'worker',
  taskQueue: 'fake_replay_queue-1',
  state: 'RUNNING'
}
2026-09-28T03:05:37.741Z [INFO] Worker state changed {
  sdkComponent: 'worker',
  taskQueue: 'fake_replay_queue-1',
  state: 'STOPPING'
}
2026-09-28T03:05:37.741Z [INFO] Worker state changed {
  sdkComponent: 'worker',
  taskQueue: 'fake_replay_queue-1',
  state: 'DRAINING'
}
2026-09-28T03:05:37.742Z [INFO] Worker state changed {
  sdkComponent: 'worker',
  taskQueue: 'fake_replay_queue-1',
  state: 'DRAINED'
}
2026-09-28T03:05:37.742Z [INFO] Worker state changed {
  sdkComponent: 'worker',
  taskQueue: 'fake_replay_queue-1',
  state: 'STOPPED'
}
✔ Temporal scheduled cancellation fences creation after-commit (3296.550541ms)
2026-09-28T03:06:40.524Z [INFO] Worker state changed {
  sdkComponent: 'worker',
  taskQueue: 'fake_replay_queue-2',
  state: 'RUNNING'
}
2026-09-28T03:06:40.551Z [INFO] Worker state changed {
  sdkComponent: 'worker',
  taskQueue: 'fake_replay_queue-2',
  state: 'STOPPING'
}
2026-09-28T03:06:40.551Z [INFO] Worker state changed {
  sdkComponent: 'worker',
  taskQueue: 'fake_replay_queue-2',
  state: 'DRAINING'
}
2026-09-28T03:06:40.551Z [INFO] Worker state changed {
  sdkComponent: 'worker',
  taskQueue: 'fake_replay_queue-2',
  state: 'DRAINED'
}
2026-09-28T03:06:40.551Z [INFO] Worker state changed {
  sdkComponent: 'worker',
  taskQueue: 'fake_replay_queue-2',
  state: 'STOPPED'
}
✔ Temporal scheduled cancellation fences creation after-commit-compensating (62829.554875ms)
(node:11497) ExperimentalWarning: SQLite is an experimental feature and might change at any time
(Use `node --trace-warnings ...` to show where the warning was created)
2026-09-28T03:05:35.697Z [INFO] Worker state changed {
  sdkComponent: 'worker',
  taskQueue: 'fake_replay_queue-0',
  state: 'RUNNING'
}
2026-09-28T03:05:35.871Z [INFO] Worker state changed {
  sdkComponent: 'worker',
  taskQueue: 'fake_replay_queue-0',
  state: 'STOPPING'
}
2026-09-28T03:05:35.872Z [INFO] Worker state changed {
  sdkComponent: 'worker',
  taskQueue: 'fake_replay_queue-0',
  state: 'DRAINING'
}
2026-09-28T03:05:35.893Z [INFO] Worker state changed {
  sdkComponent: 'worker',
  taskQueue: 'fake_replay_queue-0',
  state: 'DRAINED'
}
2026-09-28T03:05:35.893Z [INFO] Worker state changed {
  sdkComponent: 'worker',
  taskQueue: 'fake_replay_queue-0',
  state: 'STOPPED'
}
✔ Temporal scheduled child keeps its parent ownership across coordinator restart before and after child start (6073.892625ms)
(node:11498) ExperimentalWarning: SQLite is an experimental feature and might change at any time
(Use `node --trace-warnings ...` to show where the warning was created)
2026-09-28T03:07:48.374Z [INFO] Worker state changed {
  sdkComponent: 'worker',
  taskQueue: 'fake_replay_queue-0',
  state: 'RUNNING'
}
2026-09-28T03:07:48.408Z [INFO] Worker state changed {
  sdkComponent: 'worker',
  taskQueue: 'fake_replay_queue-0',
  state: 'STOPPING'
}
2026-09-28T03:07:48.408Z [INFO] Worker state changed {
  sdkComponent: 'worker',
  taskQueue: 'fake_replay_queue-0',
  state: 'DRAINING'
}
2026-09-28T03:07:48.409Z [INFO] Worker state changed {
  sdkComponent: 'worker',
  taskQueue: 'fake_replay_queue-0',
  state: 'DRAINED'
}
2026-09-28T03:07:48.409Z [INFO] Worker state changed {
  sdkComponent: 'worker',
  taskQueue: 'fake_replay_queue-0',
  state: 'STOPPED'
}
✔ Temporal scheduled-start retains a committed instance through an outage beyond its former retry budget (138594.113042ms)
(node:11499) ExperimentalWarning: SQLite is an experimental feature and might change at any time
(Use `node --trace-warnings ...` to show where the warning was created)
2026-09-28T03:05:34.082Z [INFO] Worker state changed {
  sdkComponent: 'worker',
  taskQueue: 'fake_replay_queue-0',
  state: 'RUNNING'
}
2026-09-28T03:05:34.415Z [INFO] Worker state changed {
  sdkComponent: 'worker',
  taskQueue: 'fake_replay_queue-0',
  state: 'STOPPING'
}
2026-09-28T03:05:34.415Z [INFO] Worker state changed {
  sdkComponent: 'worker',
  taskQueue: 'fake_replay_queue-0',
  state: 'DRAINING'
}
2026-09-28T03:05:34.428Z [INFO] Worker state changed {
  sdkComponent: 'worker',
  taskQueue: 'fake_replay_queue-0',
  state: 'DRAINED'
}
2026-09-28T03:05:34.429Z [INFO] Worker state changed {
  sdkComponent: 'worker',
  taskQueue: 'fake_replay_queue-0',
  state: 'STOPPED'
}
✔ Temporal scheduled-start retries a lost response with one durable instance and independent subsequent occurrences (6320.066459ms)
ℹ tests 18
ℹ suites 0
ℹ pass 18
ℹ fail 0
ℹ cancelled 0
ℹ skipped 0
ℹ todo 0
ℹ duration_ms 309109.936916
