[WebServer] (node:25505) Warning: The 'NO_COLOR' env is ignored due to the 'FORCE_COLOR' env being set.
[WebServer] (Use `node --trace-warnings ...` to show where the warning was created)
[WebServer] (node:25506) Warning: The 'NO_COLOR' env is ignored due to the 'FORCE_COLOR' env being set.
[WebServer] (Use `node --trace-warnings ...` to show where the warning was created)
[WebServer] (node:25506) ExperimentalWarning: SQLite is an experimental feature and might change at any time

Running 4 tests using 1 worker

(node:25526) Warning: The 'NO_COLOR' env is ignored due to the 'FORCE_COLOR' env being set.
(Use `node --trace-warnings ...` to show where the warning was created)
  ✘  1 [chromium] › tests/browser/decision-shadow-editor.spec.mjs:59:1 › configure and publish Boolean shadow, cancel safely and retain the primary path when disabled (1ms)
(node:25527) Warning: The 'NO_COLOR' env is ignored due to the 'FORCE_COLOR' env being set.
(Use `node --trace-warnings ...` to show where the warning was created)
  ✘  2 [chromium] › tests/browser/decision-shadow-editor.spec.mjs:122:1 › edit Score and Choice candidates, preserve order and prevent invalid local drafts (1ms)
(node:25528) Warning: The 'NO_COLOR' env is ignored due to the 'FORCE_COLOR' env being set.
(Use `node --trace-warnings ...` to show where the warning was created)
  ✘  3 [mobile-chromium] › tests/browser/decision-shadow-editor.spec.mjs:59:1 › configure and publish Boolean shadow, cancel safely and retain the primary path when disabled (1ms)
(node:25529) Warning: The 'NO_COLOR' env is ignored due to the 'FORCE_COLOR' env being set.
(Use `node --trace-warnings ...` to show where the warning was created)
  ✘  4 [mobile-chromium] › tests/browser/decision-shadow-editor.spec.mjs:122:1 › edit Score and Choice candidates, preserve order and prevent invalid local drafts (0ms)


  1) [chromium] › tests/browser/decision-shadow-editor.spec.mjs:59:1 › configure and publish Boolean shadow, cancel safely and retain the primary path when disabled

    Error: browserType.launch: Executable doesn't exist at /Users/mdavliatshin/Library/Caches/ms-playwright/chromium_headless_shell-1243/chrome-headless-shell-mac-arm64/chrome-headless-shell
    ╔════════════════════════════════════════════════════════════╗
    ║ Looks like Playwright was just installed or updated.       ║
    ║ Please run the following command to download new browsers: ║
    ║                                                            ║
    ║     npx playwright install                                 ║
    ║                                                            ║
    ║ <3 Playwright Team                                         ║
    ╚════════════════════════════════════════════════════════════╝

    Error Context: test-results/decision-shadow-editor-con-64d80--primary-path-when-disabled-chromium/error-context.md

    attachment #2: trace (application/zip) ─────────────────────────────────────────────────────────
    test-results/decision-shadow-editor-con-64d80--primary-path-when-disabled-chromium/trace.zip
    Usage:

        npx playwright show-trace test-results/decision-shadow-editor-con-64d80--primary-path-when-disabled-chromium/trace.zip

    ────────────────────────────────────────────────────────────────────────────────────────────────

  2) [chromium] › tests/browser/decision-shadow-editor.spec.mjs:122:1 › edit Score and Choice candidates, preserve order and prevent invalid local drafts

    Error: browserType.launch: Executable doesn't exist at /Users/mdavliatshin/Library/Caches/ms-playwright/chromium_headless_shell-1243/chrome-headless-shell-mac-arm64/chrome-headless-shell
    ╔════════════════════════════════════════════════════════════╗
    ║ Looks like Playwright was just installed or updated.       ║
    ║ Please run the following command to download new browsers: ║
    ║                                                            ║
    ║     npx playwright install                                 ║
    ║                                                            ║
    ║ <3 Playwright Team                                         ║
    ╚════════════════════════════════════════════════════════════╝

    Error Context: test-results/decision-shadow-editor-edi-61f7b-revent-invalid-local-drafts-chromium/error-context.md

    attachment #2: trace (application/zip) ─────────────────────────────────────────────────────────
    test-results/decision-shadow-editor-edi-61f7b-revent-invalid-local-drafts-chromium/trace.zip
    Usage:

        npx playwright show-trace test-results/decision-shadow-editor-edi-61f7b-revent-invalid-local-drafts-chromium/trace.zip

    ────────────────────────────────────────────────────────────────────────────────────────────────

  3) [mobile-chromium] › tests/browser/decision-shadow-editor.spec.mjs:59:1 › configure and publish Boolean shadow, cancel safely and retain the primary path when disabled

    Error: browserType.launch: Executable doesn't exist at /Users/mdavliatshin/Library/Caches/ms-playwright/chromium_headless_shell-1243/chrome-headless-shell-mac-arm64/chrome-headless-shell
    ╔════════════════════════════════════════════════════════════╗
    ║ Looks like Playwright was just installed or updated.       ║
    ║ Please run the following command to download new browsers: ║
    ║                                                            ║
    ║     npx playwright install                                 ║
    ║                                                            ║
    ║ <3 Playwright Team                                         ║
    ╚════════════════════════════════════════════════════════════╝

    Error Context: test-results/decision-shadow-editor-con-64d80--primary-path-when-disabled-mobile-chromium/error-context.md

    attachment #2: trace (application/zip) ─────────────────────────────────────────────────────────
    test-results/decision-shadow-editor-con-64d80--primary-path-when-disabled-mobile-chromium/trace.zip
    Usage:

        npx playwright show-trace test-results/decision-shadow-editor-con-64d80--primary-path-when-disabled-mobile-chromium/trace.zip

    ────────────────────────────────────────────────────────────────────────────────────────────────

  4) [mobile-chromium] › tests/browser/decision-shadow-editor.spec.mjs:122:1 › edit Score and Choice candidates, preserve order and prevent invalid local drafts

    Error: browserType.launch: Executable doesn't exist at /Users/mdavliatshin/Library/Caches/ms-playwright/chromium_headless_shell-1243/chrome-headless-shell-mac-arm64/chrome-headless-shell
    ╔════════════════════════════════════════════════════════════╗
    ║ Looks like Playwright was just installed or updated.       ║
    ║ Please run the following command to download new browsers: ║
    ║                                                            ║
    ║     npx playwright install                                 ║
    ║                                                            ║
    ║ <3 Playwright Team                                         ║
    ╚════════════════════════════════════════════════════════════╝

    Error Context: test-results/decision-shadow-editor-edi-61f7b-revent-invalid-local-drafts-mobile-chromium/error-context.md

    attachment #2: trace (application/zip) ─────────────────────────────────────────────────────────
    test-results/decision-shadow-editor-edi-61f7b-revent-invalid-local-drafts-mobile-chromium/trace.zip
    Usage:

        npx playwright show-trace test-results/decision-shadow-editor-edi-61f7b-revent-invalid-local-drafts-mobile-chromium/trace.zip

    ────────────────────────────────────────────────────────────────────────────────────────────────

  4 failed
    [chromium] › tests/browser/decision-shadow-editor.spec.mjs:59:1 › configure and publish Boolean shadow, cancel safely and retain the primary path when disabled
    [chromium] › tests/browser/decision-shadow-editor.spec.mjs:122:1 › edit Score and Choice candidates, preserve order and prevent invalid local drafts
    [mobile-chromium] › tests/browser/decision-shadow-editor.spec.mjs:59:1 › configure and publish Boolean shadow, cancel safely and retain the primary path when disabled
    [mobile-chromium] › tests/browser/decision-shadow-editor.spec.mjs:122:1 › edit Score and Choice candidates, preserve order and prevent invalid local drafts
