[WebServer] (node:31917) Warning: The 'NO_COLOR' env is ignored due to the 'FORCE_COLOR' env being set.
[WebServer] (Use `node --trace-warnings ...` to show where the warning was created)
[WebServer] (node:31918) Warning: The 'NO_COLOR' env is ignored due to the 'FORCE_COLOR' env being set.
[WebServer] (Use `node --trace-warnings ...` to show where the warning was created)
[WebServer] (node:31918) ExperimentalWarning: SQLite is an experimental feature and might change at any time

Running 12 tests using 1 worker

(node:31938) Warning: The 'NO_COLOR' env is ignored due to the 'FORCE_COLOR' env being set.
(Use `node --trace-warnings ...` to show where the warning was created)
  ✓   1 [chromium] › tests/browser/decision-observations.spec.mjs:3:1 › inspect shadow observations without changing the primary result (2.6s)
  ✓   2 [chromium] › tests/browser/decision-shadow-editor.spec.mjs:61:1 › configure and publish Boolean shadow, cancel safely and retain the primary path when disabled (6.1s)
  ✓   3 [chromium] › tests/browser/decision-shadow-editor.spec.mjs:124:1 › edit Score and Choice candidates, preserve order and prevent invalid local drafts (6.9s)
  ✓   4 [chromium] › tests/browser/first-run.spec.mjs:3:1 › create an agent, launch a task and see the persisted result (1.8s)
  ✓   5 [chromium] › tests/browser/knowledge-citations.spec.mjs:3:1 › grouped citations open each exact source fragment without changing the report (2.1s)
  ✓   6 [chromium] › tests/browser/process-forms-loops.spec.mjs:5:1 › build a human form and loop, validate input, repeat and finish with persisted answers (2.4s)
(node:32167) Warning: The 'NO_COLOR' env is ignored due to the 'FORCE_COLOR' env being set.
(Use `node --trace-warnings ...` to show where the warning was created)
  ✓   7 [mobile-chromium] › tests/browser/decision-observations.spec.mjs:3:1 › inspect shadow observations without changing the primary result (2.8s)
  ✓   8 [mobile-chromium] › tests/browser/decision-shadow-editor.spec.mjs:61:1 › configure and publish Boolean shadow, cancel safely and retain the primary path when disabled (6.3s)
  ✓   9 [mobile-chromium] › tests/browser/decision-shadow-editor.spec.mjs:124:1 › edit Score and Choice candidates, preserve order and prevent invalid local drafts (6.6s)
  ✓  10 [mobile-chromium] › tests/browser/first-run.spec.mjs:3:1 › create an agent, launch a task and see the persisted result (2.1s)
  ✓  11 [mobile-chromium] › tests/browser/knowledge-citations.spec.mjs:3:1 › grouped citations open each exact source fragment without changing the report (2.1s)
  ✓  12 [mobile-chromium] › tests/browser/process-forms-loops.spec.mjs:5:1 › build a human form and loop, validate input, repeat and finish with persisted answers (3.4s)

  12 passed (47.8s)
