[WebServer] (node:27695) Warning: The 'NO_COLOR' env is ignored due to the 'FORCE_COLOR' env being set.
[WebServer] (Use `node --trace-warnings ...` to show where the warning was created)
[WebServer] (node:27696) Warning: The 'NO_COLOR' env is ignored due to the 'FORCE_COLOR' env being set.
[WebServer] (Use `node --trace-warnings ...` to show where the warning was created)
[WebServer] (node:27696) ExperimentalWarning: SQLite is an experimental feature and might change at any time

Running 12 tests using 1 worker

(node:27723) Warning: The 'NO_COLOR' env is ignored due to the 'FORCE_COLOR' env being set.
(Use `node --trace-warnings ...` to show where the warning was created)
  ✓   1 [chromium] › tests/browser/decision-observations.spec.mjs:3:1 › inspect shadow observations without changing the primary result (2.6s)
  ✓   2 [chromium] › tests/browser/decision-shadow-editor.spec.mjs:59:1 › configure and publish Boolean shadow, cancel safely and retain the primary path when disabled (6.2s)
  ✘   3 [chromium] › tests/browser/decision-shadow-editor.spec.mjs:122:1 › edit Score and Choice candidates, preserve order and prevent invalid local drafts (16.3s)
(node:28191) Warning: The 'NO_COLOR' env is ignored due to the 'FORCE_COLOR' env being set.
(Use `node --trace-warnings ...` to show where the warning was created)
  ✓   4 [chromium] › tests/browser/first-run.spec.mjs:3:1 › create an agent, launch a task and see the persisted result (3.0s)
  ✓   5 [chromium] › tests/browser/knowledge-citations.spec.mjs:3:1 › grouped citations open each exact source fragment without changing the report (2.0s)
  ✓   6 [chromium] › tests/browser/process-forms-loops.spec.mjs:5:1 › build a human form and loop, validate input, repeat and finish with persisted answers (2.5s)
(node:28321) Warning: The 'NO_COLOR' env is ignored due to the 'FORCE_COLOR' env being set.
(Use `node --trace-warnings ...` to show where the warning was created)
  ✓   7 [mobile-chromium] › tests/browser/decision-observations.spec.mjs:3:1 › inspect shadow observations without changing the primary result (2.6s)
  ✓   8 [mobile-chromium] › tests/browser/decision-shadow-editor.spec.mjs:59:1 › configure and publish Boolean shadow, cancel safely and retain the primary path when disabled (6.3s)
  ✘   9 [mobile-chromium] › tests/browser/decision-shadow-editor.spec.mjs:122:1 › edit Score and Choice candidates, preserve order and prevent invalid local drafts (16.6s)
(node:28526) Warning: The 'NO_COLOR' env is ignored due to the 'FORCE_COLOR' env being set.
(Use `node --trace-warnings ...` to show where the warning was created)
  ✓  10 [mobile-chromium] › tests/browser/first-run.spec.mjs:3:1 › create an agent, launch a task and see the persisted result (1.6s)
  ✓  11 [mobile-chromium] › tests/browser/knowledge-citations.spec.mjs:3:1 › grouped citations open each exact source fragment without changing the report (2.0s)
  ✓  12 [mobile-chromium] › tests/browser/process-forms-loops.spec.mjs:5:1 › build a human form and loop, validate input, repeat and finish with persisted answers (3.4s)


  1) [chromium] › tests/browser/decision-shadow-editor.spec.mjs:122:1 › edit Score and Choice candidates, preserve order and prevent invalid local drafts

    TimeoutError: locator.click: Timeout 10000ms exceeded.
    Call log:
      - waiting for getByRole('button', { name: 'Опубликовать', exact: true })


      52 | async function publish(page, request, f, version) {
      53 |   await f.inspector.getByRole("button", { name: "Закрыть настройки", exact: true }).click();
    > 54 |   await page.getByRole("button", { name: "Опубликовать", exact: true }).click();
         |                                                                         ^
      55 |   await expect.poll(async () => (await f.read()).publishedVersion).toBe(version);
      56 |   await page.goto(`/#processes?processId=${f.process.id}&nodeId=agent`);
      57 | }
        at publish (/Users/mdavliatshin/Developer/Agat-recovery-20260927/tests/browser/decision-shadow-editor.spec.mjs:54:73)
        at /Users/mdavliatshin/Developer/Agat-recovery-20260927/tests/browser/decision-shadow-editor.spec.mjs:165:3

    attachment #1: screenshot (image/png) ──────────────────────────────────────────────────────────
    test-results/decision-shadow-editor-edi-61f7b-revent-invalid-local-drafts-chromium/test-failed-1.png
    ────────────────────────────────────────────────────────────────────────────────────────────────

    attachment #2: video (video/webm) ──────────────────────────────────────────────────────────────
    test-results/decision-shadow-editor-edi-61f7b-revent-invalid-local-drafts-chromium/video.webm
    ────────────────────────────────────────────────────────────────────────────────────────────────

    Error Context: test-results/decision-shadow-editor-edi-61f7b-revent-invalid-local-drafts-chromium/error-context.md

    attachment #4: trace (application/zip) ─────────────────────────────────────────────────────────
    test-results/decision-shadow-editor-edi-61f7b-revent-invalid-local-drafts-chromium/trace.zip
    Usage:

        npx playwright show-trace test-results/decision-shadow-editor-edi-61f7b-revent-invalid-local-drafts-chromium/trace.zip

    ────────────────────────────────────────────────────────────────────────────────────────────────

  2) [mobile-chromium] › tests/browser/decision-shadow-editor.spec.mjs:122:1 › edit Score and Choice candidates, preserve order and prevent invalid local drafts

    TimeoutError: locator.click: Timeout 10000ms exceeded.
    Call log:
      - waiting for getByRole('button', { name: 'Опубликовать', exact: true })


      52 | async function publish(page, request, f, version) {
      53 |   await f.inspector.getByRole("button", { name: "Закрыть настройки", exact: true }).click();
    > 54 |   await page.getByRole("button", { name: "Опубликовать", exact: true }).click();
         |                                                                         ^
      55 |   await expect.poll(async () => (await f.read()).publishedVersion).toBe(version);
      56 |   await page.goto(`/#processes?processId=${f.process.id}&nodeId=agent`);
      57 | }
        at publish (/Users/mdavliatshin/Developer/Agat-recovery-20260927/tests/browser/decision-shadow-editor.spec.mjs:54:73)
        at /Users/mdavliatshin/Developer/Agat-recovery-20260927/tests/browser/decision-shadow-editor.spec.mjs:165:3

    attachment #1: screenshot (image/png) ──────────────────────────────────────────────────────────
    test-results/decision-shadow-editor-edi-61f7b-revent-invalid-local-drafts-mobile-chromium/test-failed-1.png
    ────────────────────────────────────────────────────────────────────────────────────────────────

    attachment #2: video (video/webm) ──────────────────────────────────────────────────────────────
    test-results/decision-shadow-editor-edi-61f7b-revent-invalid-local-drafts-mobile-chromium/video.webm
    ────────────────────────────────────────────────────────────────────────────────────────────────

    Error Context: test-results/decision-shadow-editor-edi-61f7b-revent-invalid-local-drafts-mobile-chromium/error-context.md

    attachment #4: trace (application/zip) ─────────────────────────────────────────────────────────
    test-results/decision-shadow-editor-edi-61f7b-revent-invalid-local-drafts-mobile-chromium/trace.zip
    Usage:

        npx playwright show-trace test-results/decision-shadow-editor-edi-61f7b-revent-invalid-local-drafts-mobile-chromium/trace.zip

    ────────────────────────────────────────────────────────────────────────────────────────────────

  2 failed
    [chromium] › tests/browser/decision-shadow-editor.spec.mjs:122:1 › edit Score and Choice candidates, preserve order and prevent invalid local drafts
    [mobile-chromium] › tests/browser/decision-shadow-editor.spec.mjs:122:1 › edit Score and Choice candidates, preserve order and prevent invalid local drafts
  10 passed (1.2m)
