
> @agat/web@1.7.0 build
> npm run typecheck && vite build


> @agat/web@1.7.0 typecheck
> tsc --noEmit -p tsconfig.app.json --pretty false && tsc --noEmit -p tsconfig.node.json --pretty false

vite v8.3.0 building client environment for production...
transforming...
✓ 246 modules transformed.
rendering chunks...
computing gzip size...
dist/index.html                          0.90 kB │ gzip:   0.51 kB
dist/assets/index-DMK93Zde.css         295.18 kB │ gzip:  48.64 kB
dist/assets/ModelsPage-DftYrN78.js       9.69 kB │ gzip:   3.40 kB │ map:    23.51 kB
dist/assets/Icon-Bh2MhoZl.js            13.78 kB │ gzip:   4.72 kB │ map:    40.69 kB
dist/assets/FleetPage-u7hoiztk.js       17.89 kB │ gzip:   5.15 kB │ map:    41.81 kB
dist/assets/KnowledgePage-BAUt1s4-.js   24.56 kB │ gzip:   6.97 kB │ map:    55.76 kB
dist/assets/McpPage-Dnt8EKkC.js         28.87 kB │ gzip:   8.52 kB │ map:    65.41 kB
dist/assets/EvalsPage-DRl_q3xw.js       30.60 kB │ gzip:   7.62 kB │ map:    74.73 kB
dist/assets/A2APage-DmKKjKh8.js         37.78 kB │ gzip:   8.70 kB │ map:    82.97 kB
dist/assets/ProcessesPage-CGhbQsnu.js  294.70 kB │ gzip:  87.82 kB │ map: 1,043.11 kB
dist/assets/index-ygkQ_nbi.js          475.17 kB │ gzip: 134.63 kB │ map: 1,497.93 kB

✓ built in 384ms
