
> @agat/coordinator@1.7.0 build
> tsc -p tsconfig.json

(node:60372) ExperimentalWarning: SQLite is an experimental feature and might change at any time
(Use `node --trace-warnings ...` to show where the warning was created)
▶ PostgreSQL Fleet/HA integration
  ✔ reuses the response buffer across large, short, SQL-error and oversized responses (202.818917ms)
  ✔ ranks 10000 wide vectors through a 1 MiB bridge at the operator hard boundary (9447.885708ms)
  ✔ rejects commit after the request deadline, permits rollback and restores the SQL timeout (829.93ms)
  ✔ applies the remaining request deadline to every cursor fetch and cleans up after SQL cancellation (367.131667ms)
  ✔ ranks all worker cursor batches against one snapshot while another connection updates the source (216.15625ms)
  ✔ applies an operator budget above 5000 to real PostgreSQL retrieval without worker override or partial writes (13450.031667ms)
  ✔ rejects expired retrieval leases before maintenance and accepts only the replacement lease across replicas (630.730375ms)
(node:60372) ExperimentalWarning: SQLite is an experimental feature and might change at any time
(Use `node --trace-warnings ...` to show where the warning was created)
(node:60372) ExperimentalWarning: SQLite is an experimental feature and might change at any time
(Use `node --trace-warnings ...` to show where the warning was created)
  ✔ isolates whole retrieval transactions across workers without duplicate markers or partial writes (1204.101042ms)
(node:60372) ExperimentalWarning: SQLite is an experimental feature and might change at any time
(Use `node --trace-warnings ...` to show where the warning was created)
  ✔ rolls back retrieval when its lease expires while writing knowledge_retrievals (5886.518125ms)
  ℹ After the expired write: 0 durable retrievals, 0 retrieval events
(node:60372) ExperimentalWarning: SQLite is an experimental feature and might change at any time
(Use `node --trace-warnings ...` to show where the warning was created)
  ✔ rolls back retrieval when its lease expires while writing events (5859.039542ms)
  ℹ After the expired write: 0 durable retrievals, 0 retrieval events
(node:60372) ExperimentalWarning: SQLite is an experimental feature and might change at any time
(Use `node --trace-warnings ...` to show where the warning was created)
  ✔ rejects a lease that expires while retrieval waits for its run lock (5847.404917ms)
(node:60372) ExperimentalWarning: SQLite is an experimental feature and might change at any time
(Use `node --trace-warnings ...` to show where the warning was created)
  ✔ rejects a lease cancelled by a transaction that retrieval had to wait for (772.936834ms)
(node:60372) ExperimentalWarning: SQLite is an experimental feature and might change at any time
(Use `node --trace-warnings ...` to show where the warning was created)
  ✔ rejects a lease that expires after validation while the knowledge index is blocked (5867.007625ms)
(node:60372) ExperimentalWarning: SQLite is an experimental feature and might change at any time
(Use `node --trace-warnings ...` to show where the warning was created)
  ✔ permits a concurrent lease renewal while retrieval is reading its index (746.214958ms)
(node:60372) ExperimentalWarning: SQLite is an experimental feature and might change at any time
(Use `node --trace-warnings ...` to show where the warning was created)
  ✔ starts isolated retrieval from coordinator main within its pool budget and fails readiness after a deadline (2481.572417ms)
(node:60372) ExperimentalWarning: SQLite is an experimental feature and might change at any time
(Use `node --trace-warnings ...` to show where the warning was created)
  ✔ enforces the retrieval deadline while main is blocked renewing the same stage (3730.311583ms)
(node:60372) ExperimentalWarning: SQLite is an experimental feature and might change at any time
(Use `node --trace-warnings ...` to show where the warning was created)
  ✔ fails closed when a committed retrieval loses its COMMIT acknowledgement (disconnect) (6054.195458ms)
  ℹ Successful COMMIT observed after 170 ms
(node:60372) ExperimentalWarning: SQLite is an experimental feature and might change at any time
(Use `node --trace-warnings ...` to show where the warning was created)
  ✔ fails closed when a committed retrieval loses its COMMIT acknowledgement (withhold) (6424.044625ms)
  ℹ Successful COMMIT observed after 132 ms
(node:60372) ExperimentalWarning: SQLite is an experimental feature and might change at any time
(Use `node --trace-warnings ...` to show where the warning was created)
  ✔ reports an uncertain sync COMMIT as operational failure and replaces its broken pooled connection (1347.423375ms)
(node:60372) ExperimentalWarning: SQLite is an experimental feature and might change at any time
(Use `node --trace-warnings ...` to show where the warning was created)
  ✔ rejects queued retrieval on SIGTERM, preserves active work and recovers without replay (6228.248542ms)
(node:60372) ExperimentalWarning: SQLite is an experimental feature and might change at any time
(Use `node --trace-warnings ...` to show where the warning was created)
  ✔ closes UI and A2A streams on SIGTERM without cancelling durable tasks and resumes events after restart (9466.026917ms)
  ✔ checks current ownership before complete after a concurrent expiry over HTTP (5997.538166ms)
  ℹ complete/expiry: wait=stage read, HTTP 400, stage=running, artifacts=0
  ✔ checks current ownership before complete after a concurrent reassignment over HTTP (878.496334ms)
  ℹ complete/reassignment: wait=stage read, HTTP 400, stage=running, artifacts=0
  ✔ checks current ownership before complete after a concurrent renewal over HTTP (5959.470958ms)
  ℹ complete/renewal: wait=stage read, HTTP 200, stage=completed, artifacts=3
  ✔ checks current ownership before fail after a concurrent expiry over HTTP (6114.680375ms)
  ℹ fail/expiry: wait=stage read, HTTP 400, stage=running, artifacts=0
  ✔ checks current ownership before fail after a concurrent reassignment over HTTP (952.53525ms)
  ℹ fail/reassignment: wait=stage read, HTTP 400, stage=running, artifacts=0
  ✔ checks current ownership before fail after a concurrent renewal over HTTP (5946.8915ms)
  ℹ fail/renewal: wait=stage read, HTTP 200, stage=queued, artifacts=0
  ✔ rejects shadow results when the lease expires during stage lock over HTTP (6144.044916ms)
  ℹ After expiry at stage lock: HTTP 400, observation=false, events=0
  ✔ rejects shadow results when the lease expires during event insert over HTTP (6093.407417ms)
  ℹ After expiry at event insert: HTTP 400, observation=false, events=0
  ✔ rejects shadow results when the lease expires during idempotent retry over HTTP (6201.57275ms)
  ℹ After expiry at idempotent retry: HTTP 400, observation=true, events=1
  ✔ persists one shadow observation across replicas and restart with tenant RLS and unchanged primary output (1087.641916ms)
  ✔ streams large valid RAG vectors, preserves cursor snapshots and rolls back failures across replicas (3756.33375ms)
  ✔ rejects a tenant connection that resolves to the system BYPASSRLS role (94.291ms)
  ✔ keeps the runtime role DDL-free after a separate migration gate (302.290583ms)
  ✔ rejects a schema Job while a coordinator replica is active (279.3035ms)
  ✔ rejects runtime startup after out-of-band schema drift (172.452416ms)
  ✔ shares state between replicas, serializes project quota and enforces RLS (864.209166ms)
✔ PostgreSQL Fleet/HA integration (139321.172209ms)
ℹ tests 37
ℹ suites 1
ℹ pass 37
ℹ fail 0
ℹ cancelled 0
ℹ skipped 0
ℹ todo 0
ℹ duration_ms 139695.787417
