> @agat/coordinator@1.7.0 build
> tsc -p tsconfig.json

(node:12318) ExperimentalWarning: SQLite is an experimental feature and might change at any time
(Use `node --trace-warnings ...` to show where the warning was created)
(node:12318) ExperimentalWarning: SQLite is an experimental feature and might change at any time
(Use `node --trace-warnings ...` to show where the warning was created)
▶ PostgreSQL Fleet/HA integration
  ✔ rolls back retrieval when its lease expires while writing knowledge_retrievals (6005.085875ms)
  ℹ After the expired write: 0 durable retrievals, 0 retrieval events
(node:12318) ExperimentalWarning: SQLite is an experimental feature and might change at any time
(Use `node --trace-warnings ...` to show where the warning was created)
  ✔ rolls back retrieval when its lease expires while writing events (6031.804333ms)
  ℹ After the expired write: 0 durable retrievals, 0 retrieval events
✔ PostgreSQL Fleet/HA integration (13579.228875ms)
ℹ tests 2
ℹ suites 1
ℹ pass 2
ℹ fail 0
ℹ cancelled 0
ℹ skipped 0
ℹ todo 0
ℹ duration_ms 13965.969375
