test_abba_idle_window_and_warmup_cannot_change_after_measurement (test_embedding_idle_model_verifier.IdleModelEvidenceTests.test_abba_idle_window_and_warmup_cannot_change_after_measurement) ... ok
test_closed_resources_and_maintenance_are_required (test_embedding_idle_model_verifier.IdleModelEvidenceTests.test_closed_resources_and_maintenance_are_required) ... ok
test_fake_idle_memory_or_missing_reap_cannot_hide_live_helpers (test_embedding_idle_model_verifier.IdleModelEvidenceTests.test_fake_idle_memory_or_missing_reap_cannot_hide_live_helpers) ... ok
test_finite_components_with_overflowing_norm_are_rejected (test_embedding_idle_model_verifier.IdleModelEvidenceTests.test_finite_components_with_overflowing_norm_are_rejected) ... FAIL
test_full_vectors_and_real_ownership_replay_exactly (test_embedding_idle_model_verifier.IdleModelEvidenceTests.test_full_vectors_and_real_ownership_replay_exactly) ... ok
test_missing_or_wrong_vector_in_either_burst_fails (test_embedding_idle_model_verifier.IdleModelEvidenceTests.test_missing_or_wrong_vector_in_either_burst_fails) ... ok
test_rehashed_vector_change_still_fails_paired_comparison (test_embedding_idle_model_verifier.IdleModelEvidenceTests.test_rehashed_vector_change_still_fails_paired_comparison) ... ok
test_restart_must_use_new_pid_and_guard_binding (test_embedding_idle_model_verifier.IdleModelEvidenceTests.test_restart_must_use_new_pid_and_guard_binding) ... ok
test_source_model_endpoint_and_tolerances_are_pinned (test_embedding_idle_model_verifier.IdleModelEvidenceTests.test_source_model_endpoint_and_tolerances_are_pinned) ... ok
test_transport_interval_and_birth_must_belong_to_actual_call (test_embedding_idle_model_verifier.IdleModelEvidenceTests.test_transport_interval_and_birth_must_belong_to_actual_call) ... ok
test_unloaded_owned_server_and_complete_observation_are_required (test_embedding_idle_model_verifier.IdleModelEvidenceTests.test_unloaded_owned_server_and_complete_observation_are_required) ... ok

======================================================================
FAIL: test_finite_components_with_overflowing_norm_are_rejected (test_embedding_idle_model_verifier.IdleModelEvidenceTests.test_finite_components_with_overflowing_norm_are_rejected)
----------------------------------------------------------------------
Traceback (most recent call last):
  File "/Users/mdavliatshin/Developer/Agat-recovery-20260927/scripts/test/test_embedding_idle_model_verifier.py", line 85, in test_finite_components_with_overflowing_norm_are_rejected
    self.rejects(corrupt)
    ~~~~~~~~~~~~^^^^^^^^^
  File "/Users/mdavliatshin/Developer/Agat-recovery-20260927/scripts/test/test_embedding_idle_model_verifier.py", line 35, in rejects
    with self.assertRaises((AssertionError, KeyError, ValueError)):
         ~~~~~~~~~~~~~~~~~^^^^^^^^^^^^^^^^^^^^^^^^^^^^^^^^^^^^^^^^
AssertionError: (<class 'AssertionError'>, <class 'KeyError'>, <class 'ValueError'>) not raised

----------------------------------------------------------------------
Ran 11 tests in 4.186s

FAILED (failures=1)
