
> agat-platform@1.7.0 test:temporal
> npm run test --workspace @agat/temporal-worker


> @agat/temporal-worker@1.7.0 test
> npm run build && node --test test/*.test.mjs && npm run replay


> @agat/temporal-worker@1.7.0 build
> tsc -p tsconfig.json && node dist/build-workflows.js

2026-09-28T01:15:44.447Z [INFO] asset workflow-bundle-edcf871c1b5be6f888ca.js 1.26 MiB [emitted] [immutable] (name: main)
runtime modules 1.34 KiB 4 modules
modules by path ../../node_modules/@temporalio/ 391 KiB
  modules by path ../../node_modules/@temporalio/common/lib/ 167 KiB 36 modules
  modules by path ../../node_modules/@temporalio/workflow/ 224 KiB 29 modules
modules by path ../../node_modules/nexus-rpc/lib/ 22.8 KiB 13 modules
modules by path ./src/ 5.47 KiB
  ./src/workflows-autogenerated-entrypoint.cjs 520 bytes [built] [code generated]
  ./src/workflows.ts 4.96 KiB [built] [code generated]
optional modules 30 bytes [optional]
  __temporal_custom_payload_converter (ignored) 15 bytes [optional] [built] [code generated]
  __temporal_custom_failure_converter (ignored) 15 bytes [optional] [built] [code generated]
../../node_modules/long/umd/index.js 49.8 KiB [built] [code generated]
../../node_modules/ms/dist/index.cjs 3.41 KiB [built] [code generated]
webpack 5.109.2 compiled successfully in 275 ms
2026-09-28T01:15:44.450Z [INFO] Workflow bundle created { size: '1.26MB' }
▶ Temporal worker production configuration
  ✔ keeps local development explicitly unversioned and insecure (1.003ms)
  ✔ requires TLS, credentials and immutable versioning for Temporal Cloud (1.21275ms)
  ✔ rejects partial mTLS and unsafe production fallbacks (0.321917ms)
✔ Temporal worker production configuration (3.344125ms)
ℹ tests 3
ℹ suites 1
ℹ pass 3
ℹ fail 0
ℹ cancelled 0
ℹ skipped 0
ℹ todo 0
ℹ duration_ms 106.768417

> @agat/temporal-worker@1.7.0 replay
> node dist/replay-fixtures.js

2026-09-28T01:15:45.116Z [INFO] Worker state changed {
  sdkComponent: 'worker',
  taskQueue: 'agat-agat-parent-cancelled-legacy-v1-0',
  state: 'RUNNING'
}
2026-09-28T01:15:45.163Z [INFO] Worker state changed {
  sdkComponent: 'worker',
  taskQueue: 'agat-agat-parent-cancelled-legacy-v1-0',
  state: 'STOPPING'
}
2026-09-28T01:15:45.163Z [INFO] Worker state changed {
  sdkComponent: 'worker',
  taskQueue: 'agat-agat-parent-cancelled-legacy-v1-0',
  state: 'DRAINING'
}
2026-09-28T01:15:45.164Z [INFO] Worker state changed {
  sdkComponent: 'worker',
  taskQueue: 'agat-agat-parent-cancelled-legacy-v1-0',
  state: 'DRAINED'
}
2026-09-28T01:15:45.164Z [INFO] Worker state changed {
  sdkComponent: 'worker',
  taskQueue: 'agat-agat-parent-cancelled-legacy-v1-0',
  state: 'STOPPED'
}
replay ok · agat-parent-cancelled-legacy-v1.json · Legacy cancellation before application cleanup patch; replay must retain the recorded command sequence
2026-09-28T01:15:45.177Z [INFO] Worker state changed {
  sdkComponent: 'worker',
  taskQueue: 'agat-agat-process-cancelled-legacy-v1-1',
  state: 'RUNNING'
}
2026-09-28T01:15:45.189Z [INFO] Worker state changed {
  sdkComponent: 'worker',
  taskQueue: 'agat-agat-process-cancelled-legacy-v1-1',
  state: 'STOPPING'
}
2026-09-28T01:15:45.189Z [INFO] Worker state changed {
  sdkComponent: 'worker',
  taskQueue: 'agat-agat-process-cancelled-legacy-v1-1',
  state: 'DRAINING'
}
2026-09-28T01:15:45.189Z [INFO] Worker state changed {
  sdkComponent: 'worker',
  taskQueue: 'agat-agat-process-cancelled-legacy-v1-1',
  state: 'DRAINED'
}
2026-09-28T01:15:45.189Z [INFO] Worker state changed {
  sdkComponent: 'worker',
  taskQueue: 'agat-agat-process-cancelled-legacy-v1-1',
  state: 'STOPPED'
}
replay ok · agat-process-cancelled-legacy-v1.json · Legacy cancellation before application cleanup patch; replay must retain the recorded command sequence
2026-09-28T01:15:45.201Z [INFO] Worker state changed {
  sdkComponent: 'worker',
  taskQueue: 'agat-agat-process-completed-v1-2',
  state: 'RUNNING'
}
2026-09-28T01:15:45.207Z [INFO] Worker state changed {
  sdkComponent: 'worker',
  taskQueue: 'agat-agat-process-completed-v1-2',
  state: 'STOPPING'
}
2026-09-28T01:15:45.207Z [INFO] Worker state changed {
  sdkComponent: 'worker',
  taskQueue: 'agat-agat-process-completed-v1-2',
  state: 'DRAINING'
}
2026-09-28T01:15:45.207Z [INFO] Worker state changed {
  sdkComponent: 'worker',
  taskQueue: 'agat-agat-process-completed-v1-2',
  state: 'DRAINED'
}
2026-09-28T01:15:45.207Z [INFO] Worker state changed {
  sdkComponent: 'worker',
  taskQueue: 'agat-agat-process-completed-v1-2',
  state: 'STOPPED'
}
replay ok · agat-process-completed-v1.json · agatProcessWorkflow completes after a successful coordinator tick
2026-09-28T01:15:45.219Z [INFO] Worker state changed {
  sdkComponent: 'worker',
  taskQueue: 'agat-agat-process-update-v1-3',
  state: 'RUNNING'
}
2026-09-28T01:15:45.230Z [INFO] Worker state changed {
  sdkComponent: 'worker',
  taskQueue: 'agat-agat-process-update-v1-3',
  state: 'STOPPING'
}
2026-09-28T01:15:45.230Z [INFO] Worker state changed {
  sdkComponent: 'worker',
  taskQueue: 'agat-agat-process-update-v1-3',
  state: 'DRAINING'
}
2026-09-28T01:15:45.230Z [INFO] Worker state changed {
  sdkComponent: 'worker',
  taskQueue: 'agat-agat-process-update-v1-3',
  state: 'DRAINED'
}
2026-09-28T01:15:45.230Z [INFO] Worker state changed {
  sdkComponent: 'worker',
  taskQueue: 'agat-agat-process-update-v1-3',
  state: 'STOPPED'
}
replay ok · agat-process-update-v1.json · agatProcessWorkflow acknowledges processChangedV1 while waiting and completes after the update
2026-09-28T01:15:45.246Z [INFO] Worker state changed {
  sdkComponent: 'worker',
  taskQueue: 'agat-agat-rag-recovery-isolated-v1-4',
  state: 'RUNNING'
}
2026-09-28T01:15:45.269Z [INFO] Worker state changed {
  sdkComponent: 'worker',
  taskQueue: 'agat-agat-rag-recovery-isolated-v1-4',
  state: 'STOPPING'
}
2026-09-28T01:15:45.270Z [INFO] Worker state changed {
  sdkComponent: 'worker',
  taskQueue: 'agat-agat-rag-recovery-isolated-v1-4',
  state: 'DRAINING'
}
2026-09-28T01:15:45.270Z [INFO] Worker state changed {
  sdkComponent: 'worker',
  taskQueue: 'agat-agat-rag-recovery-isolated-v1-4',
  state: 'DRAINED'
}
2026-09-28T01:15:45.270Z [INFO] Worker state changed {
  sdkComponent: 'worker',
  taskQueue: 'agat-agat-rag-recovery-isolated-v1-4',
  state: 'STOPPED'
}
replay ok · agat-rag-recovery-isolated-v1.json · Real Temporal RAG isolated: Activity retry, durable timer, SIGKILL/restart, three primary stages with shadow/provenance
2026-09-28T01:15:45.282Z [INFO] Worker state changed {
  sdkComponent: 'worker',
  taskQueue: 'agat-agat-rag-recovery-session-v1-5',
  state: 'RUNNING'
}
2026-09-28T01:15:45.299Z [INFO] Worker state changed {
  sdkComponent: 'worker',
  taskQueue: 'agat-agat-rag-recovery-session-v1-5',
  state: 'STOPPING'
}
2026-09-28T01:15:45.299Z [INFO] Worker state changed {
  sdkComponent: 'worker',
  taskQueue: 'agat-agat-rag-recovery-session-v1-5',
  state: 'DRAINING'
}
2026-09-28T01:15:45.299Z [INFO] Worker state changed {
  sdkComponent: 'worker',
  taskQueue: 'agat-agat-rag-recovery-session-v1-5',
  state: 'DRAINED'
}
2026-09-28T01:15:45.299Z [INFO] Worker state changed {
  sdkComponent: 'worker',
  taskQueue: 'agat-agat-rag-recovery-session-v1-5',
  state: 'STOPPED'
}
replay ok · agat-rag-recovery-session-v1.json · Real Temporal RAG session: Activity retry, durable timer, SIGKILL/restart, three primary stages with shadow/provenance
2026-09-28T01:15:45.312Z [INFO] Worker state changed {
  sdkComponent: 'worker',
  taskQueue: 'agat-agat-scheduled-owner-recovery-v1-6',
  state: 'RUNNING'
}
2026-09-28T01:15:45.320Z [INFO] Worker state changed {
  sdkComponent: 'worker',
  taskQueue: 'agat-agat-scheduled-owner-recovery-v1-6',
  state: 'STOPPING'
}
2026-09-28T01:15:45.321Z [INFO] Worker state changed {
  sdkComponent: 'worker',
  taskQueue: 'agat-agat-scheduled-owner-recovery-v1-6',
  state: 'DRAINING'
}
2026-09-28T01:15:45.321Z [INFO] Worker state changed {
  sdkComponent: 'worker',
  taskQueue: 'agat-agat-scheduled-owner-recovery-v1-6',
  state: 'DRAINED'
}
2026-09-28T01:15:45.321Z [INFO] Worker state changed {
  sdkComponent: 'worker',
  taskQueue: 'agat-agat-scheduled-owner-recovery-v1-6',
  state: 'STOPPED'
}
replay ok · agat-scheduled-owner-recovery-v1.json · Real scheduled parent after lost start acknowledgement and two coordinator SIGKILL/restarts, before and after child start; preserves parent linkage and one child run. Client identities normalized.
2026-09-28T01:15:45.334Z [INFO] Worker state changed {
  sdkComponent: 'worker',
  taskQueue: 'agat-agat-scheduled-parent-child-v1-7',
  state: 'RUNNING'
}
2026-09-28T01:15:45.341Z [INFO] Worker state changed {
  sdkComponent: 'worker',
  taskQueue: 'agat-agat-scheduled-parent-child-v1-7',
  state: 'STOPPING'
}
2026-09-28T01:15:45.341Z [INFO] Worker state changed {
  sdkComponent: 'worker',
  taskQueue: 'agat-agat-scheduled-parent-child-v1-7',
  state: 'DRAINING'
}
2026-09-28T01:15:45.341Z [INFO] Worker state changed {
  sdkComponent: 'worker',
  taskQueue: 'agat-agat-scheduled-parent-child-v1-7',
  state: 'DRAINED'
}
2026-09-28T01:15:45.341Z [INFO] Worker state changed {
  sdkComponent: 'worker',
  taskQueue: 'agat-agat-scheduled-parent-child-v1-7',
  state: 'STOPPED'
}
replay ok · agat-scheduled-parent-child-v1.json · agatScheduledProcessWorkflow creates an instance and completes through a child agatProcessWorkflow
2026-09-28T01:15:45.356Z [INFO] Worker state changed {
  sdkComponent: 'worker',
  taskQueue: 'agat-agat-scheduled-start-retry-v1-8',
  state: 'RUNNING'
}
2026-09-28T01:15:45.363Z [INFO] Worker state changed {
  sdkComponent: 'worker',
  taskQueue: 'agat-agat-scheduled-start-retry-v1-8',
  state: 'STOPPING'
}
2026-09-28T01:15:45.363Z [INFO] Worker state changed {
  sdkComponent: 'worker',
  taskQueue: 'agat-agat-scheduled-start-retry-v1-8',
  state: 'DRAINING'
}
2026-09-28T01:15:45.363Z [INFO] Worker state changed {
  sdkComponent: 'worker',
  taskQueue: 'agat-agat-scheduled-start-retry-v1-8',
  state: 'DRAINED'
}
2026-09-28T01:15:45.363Z [INFO] Worker state changed {
  sdkComponent: 'worker',
  taskQueue: 'agat-agat-scheduled-start-retry-v1-8',
  state: 'STOPPED'
}
replay ok · agat-scheduled-start-retry-v1.json · Real scheduled-start lost HTTP acknowledgement: Activity attempt 2 reuses one instance and starts one child workflow. Client identity normalized for the fixture.
