
> @agat/coordinator@1.7.0 build
> tsc -p tsconfig.json

(node:58170) ExperimentalWarning: SQLite is an experimental feature and might change at any time
(Use `node --trace-warnings ...` to show where the warning was created)
▶ PostgreSQL Fleet/HA integration
  ✔ real Python embedding worker drains active model HTTP on SIGTERM and resumes pending work (renew-complete, isolated) (46818.661375ms)
  ℹ renew-complete/isolated: SIGTERM stopped admission; active terminal HTTP 200 after signal; real renewal HTTP 204 during drain; restart preserved settled data and completed only pending leases; all helper pipes/renewers closed
  ✔ real Python embedding worker drains active model HTTP on SIGTERM and resumes pending work (deadline, isolated) (4945.252292ms)
  ℹ deadline/isolated: SIGTERM stopped admission; active terminal HTTP 200 after signal; deadline killed and reaped helper; restart preserved settled data and completed only pending leases; all helper pipes/renewers closed
  ✔ real Python embedding worker drains active model HTTP on SIGTERM and resumes pending work (renew-complete, session) (46764.555083ms)
  ℹ renew-complete/session: SIGTERM stopped admission; active terminal HTTP 200 after signal; real renewal HTTP 204 during drain; restart preserved settled data and completed only pending leases; all helper pipes/renewers closed
  ✔ real Python embedding worker drains active model HTTP on SIGTERM and resumes pending work (deadline, session) (4794.559416ms)
  ℹ deadline/session: SIGTERM stopped admission; active terminal HTTP 200 after signal; deadline killed and reaped helper; restart preserved settled data and completed only pending leases; all helper pipes/renewers closed
✔ PostgreSQL Fleet/HA integration (104777.037542ms)
ℹ tests 4
ℹ suites 1
ℹ pass 4
ℹ fail 0
ℹ cancelled 0
ℹ skipped 0
ℹ todo 0
ℹ duration_ms 105183.706709
