(node:35431) ExperimentalWarning: SQLite is an experimental feature and might change at any time
(Use `node --trace-warnings ...` to show where the warning was created)
✔ disabled shadow is a read-only notice and cannot block or qualify the primary scenario (51.587917ms)
✔ readiness uses the same Choice/Boolean/Score capability contract as actual leases (418.395084ms)
✔ partial capability is explicit; shadow does not steer dispatch away from the primary worker (36.597167ms)
✔ ineligible and stale capable workers cannot make shadow readiness look available (160.017541ms)
✔ model-router selection controls which capability is relevant without changing the primary route (45.012ms)
✔ no free worker remains queueable; shadow adds advice, never a new blocker (38.945709ms)
✔ notices follow the published pin, include nested steps and do not leak across projects (36.029042ms)
(node:35432) ExperimentalWarning: SQLite is an experimental feature and might change at any time
(Use `node --trace-warnings ...` to show where the warning was created)
✔ preflight HTTP is project-scoped and read-only; start returns actionable conflicts and preserves the reviewed pin (101.520125ms)
(node:35433) ExperimentalWarning: SQLite is an experimental feature and might change at any time
(Use `node --trace-warnings ...` to show where the warning was created)
✔ template preview, saved draft, queueable, runnable and verified are distinct; blockers have exact recovery targets (53.346667ms)
✔ start uses the reviewed version even after another publication and rejects missing or invalid pins (36.943041ms)
✔ runtime profile and all specialist models must be available on the same worker (37.930291ms)
✔ selected knowledge waits for complete embeddings and retrieval support on the agent worker (41.715792ms)
✔ required tool catalog, gateway, policies and credential scopes are checked without exposing secrets (41.022ms)
✔ availability is rechecked on start; busy workers remain queueable (36.704167ms)
✔ required isolated tools wait for sandbox availability and container network enforcement (66.654625ms)
✔ trigger readiness distinguishes manual, disabled runtime, missing/paused schedule and project-owned start webhook (37.709791ms)
✔ verification requires a full completed scenario, survives a worker outage and is invalidated by agent or version changes (42.485ms)
✔ trigger preflight checks the knowledge actually configured for scheduled and webhook starts (34.530917ms)
✔ required tools survive save, publication, project-template copy and schema validation (40.815375ms)
✔ expired scopes are precise blockers, not exceptions; an unrelated expired credential does not block a scenario (36.724333ms)
✔ human rejection and unfinished approval cannot verify a scenario; completed approval can (44.85325ms)
✔ verification is bound to the actual trigger; latest-version triggers reject older pins (41.897333ms)
ℹ tests 22
ℹ suites 0
ℹ pass 22
ℹ fail 0
ℹ cancelled 0
ℹ skipped 0
ℹ todo 0
ℹ duration_ms 1310.448333
