
> @agat/coordinator@1.7.0 build
> tsc -p tsconfig.json

(node:73911) ExperimentalWarning: SQLite is an experimental feature and might change at any time
(Use `node --trace-warnings ...` to show where the warning was created)
▶ PostgreSQL Fleet/HA integration
  ✖ embedding renew respects expiry while waiting for job ownership over HTTP (5829.940166ms)
  ℹ Embedding renew/expiry: HTTP 204, job=running, document=indexing, indexed=0, events=0
  ✔ embedding renew respects reassignment while waiting for job ownership over HTTP (773.920416ms)
  ℹ Embedding renew/reassignment: HTTP 404, job=running, document=indexing, indexed=0, events=0
  ✔ embedding renew respects renewal while waiting for job ownership over HTTP (5771.659917ms)
  ℹ Embedding renew/renewal: HTTP 204, job=running, document=indexing, indexed=0, events=0
  ✖ embedding complete respects expiry while waiting for job ownership over HTTP (5761.871834ms)
  ℹ Embedding complete/expiry: HTTP 200, job=completed, document=ready, indexed=1, events=1
  ✖ embedding complete respects reassignment while waiting for job ownership over HTTP (784.16675ms)
  ℹ Embedding complete/reassignment: HTTP 200, job=completed, document=ready, indexed=1, events=1
  ✔ embedding complete respects renewal while waiting for job ownership over HTTP (5755.344959ms)
  ℹ Embedding complete/renewal: HTTP 200, job=completed, document=ready, indexed=1, events=1
  ✖ embedding fail respects expiry while waiting for job ownership over HTTP (5788.692625ms)
  ℹ Embedding fail/expiry: HTTP 200, job=pending, document=pending, indexed=0, events=1
  ✖ embedding fail respects reassignment while waiting for job ownership over HTTP (721.688041ms)
  ℹ Embedding fail/reassignment: HTTP 200, job=pending, document=pending, indexed=0, events=1
  ✔ embedding fail respects renewal while waiting for job ownership over HTTP (5792.915916ms)
  ℹ Embedding fail/renewal: HTTP 200, job=pending, document=pending, indexed=0, events=1
  ✖ embedding complete rolls back when an event lock outlasts its lease over HTTP (5815.008875ms)
  ℹ Embedding complete/event lock: HTTP 200, indexed=1, events=1
  ✖ embedding fail rolls back when an event lock outlasts its lease over HTTP (5783.299958ms)
  ℹ Embedding fail/event lock: HTTP 200, indexed=0, events=1
✖ PostgreSQL Fleet/HA integration (50066.712958ms)
ℹ tests 11
ℹ suites 1
ℹ pass 4
ℹ fail 7
ℹ cancelled 0
ℹ skipped 0
ℹ todo 0
ℹ duration_ms 50612.1365

✖ failing tests:

test at apps/coordinator/test/fleet-ha-postgres.integration.test.ts:19:20735
✖ embedding renew respects expiry while waiting for job ownership over HTTP (5829.940166ms)
  AssertionError [ERR_ASSERTION]: Expected values to be strictly equal:

  204 !== 404

      at <anonymous> (/Users/mdavliatshin/Developer/Agat-recovery-20260927/apps/coordinator/test/fleet-ha-postgres.integration.test.ts:1081:20)
      at process.processTicksAndRejections (node:internal/process/task_queues:104:5)
      at async TestContext.<anonymous> (/Users/mdavliatshin/Developer/Agat-recovery-20260927/apps/coordinator/test/fleet-ha-postgres.integration.test.ts:1060:9)
      at async Test.run (node:internal/test_runner/test:1125:7)
      at async Promise.all (index 21)
      at async Suite.run (node:internal/test_runner/test:1533:7)
      at async startSubtestAfterBootstrap (node:internal/test_runner/harness:358:3) {
    generatedMessage: true,
    code: 'ERR_ASSERTION',
    actual: 204,
    expected: 404,
    operator: 'strictEqual',
    diff: 'simple'
  }

test at apps/coordinator/test/fleet-ha-postgres.integration.test.ts:19:20735
✖ embedding complete respects expiry while waiting for job ownership over HTTP (5761.871834ms)
  AssertionError [ERR_ASSERTION]: Expected values to be strictly equal:

  200 !== 400

      at <anonymous> (/Users/mdavliatshin/Developer/Agat-recovery-20260927/apps/coordinator/test/fleet-ha-postgres.integration.test.ts:1081:20)
      at process.processTicksAndRejections (node:internal/process/task_queues:104:5)
      at async TestContext.<anonymous> (/Users/mdavliatshin/Developer/Agat-recovery-20260927/apps/coordinator/test/fleet-ha-postgres.integration.test.ts:1060:9)
      at async Test.run (node:internal/test_runner/test:1125:7)
      at async Suite.processPendingSubtests (node:internal/test_runner/test:787:7) {
    generatedMessage: true,
    code: 'ERR_ASSERTION',
    actual: 200,
    expected: 400,
    operator: 'strictEqual',
    diff: 'simple'
  }

test at apps/coordinator/test/fleet-ha-postgres.integration.test.ts:19:20735
✖ embedding complete respects reassignment while waiting for job ownership over HTTP (784.16675ms)
  AssertionError [ERR_ASSERTION]: Expected values to be strictly equal:

  200 !== 400

      at <anonymous> (/Users/mdavliatshin/Developer/Agat-recovery-20260927/apps/coordinator/test/fleet-ha-postgres.integration.test.ts:1081:20)
      at process.processTicksAndRejections (node:internal/process/task_queues:104:5)
      at async TestContext.<anonymous> (/Users/mdavliatshin/Developer/Agat-recovery-20260927/apps/coordinator/test/fleet-ha-postgres.integration.test.ts:1060:9)
      at async Test.run (node:internal/test_runner/test:1125:7)
      at async Suite.processPendingSubtests (node:internal/test_runner/test:787:7) {
    generatedMessage: true,
    code: 'ERR_ASSERTION',
    actual: 200,
    expected: 400,
    operator: 'strictEqual',
    diff: 'simple'
  }

test at apps/coordinator/test/fleet-ha-postgres.integration.test.ts:19:20735
✖ embedding fail respects expiry while waiting for job ownership over HTTP (5788.692625ms)
  AssertionError [ERR_ASSERTION]: Expected values to be strictly equal:

  200 !== 400

      at <anonymous> (/Users/mdavliatshin/Developer/Agat-recovery-20260927/apps/coordinator/test/fleet-ha-postgres.integration.test.ts:1081:20)
      at process.processTicksAndRejections (node:internal/process/task_queues:104:5)
      at async TestContext.<anonymous> (/Users/mdavliatshin/Developer/Agat-recovery-20260927/apps/coordinator/test/fleet-ha-postgres.integration.test.ts:1060:9)
      at async Test.run (node:internal/test_runner/test:1125:7)
      at async Suite.processPendingSubtests (node:internal/test_runner/test:787:7) {
    generatedMessage: true,
    code: 'ERR_ASSERTION',
    actual: 200,
    expected: 400,
    operator: 'strictEqual',
    diff: 'simple'
  }

test at apps/coordinator/test/fleet-ha-postgres.integration.test.ts:19:20735
✖ embedding fail respects reassignment while waiting for job ownership over HTTP (721.688041ms)
  AssertionError [ERR_ASSERTION]: Expected values to be strictly equal:

  200 !== 400

      at <anonymous> (/Users/mdavliatshin/Developer/Agat-recovery-20260927/apps/coordinator/test/fleet-ha-postgres.integration.test.ts:1081:20)
      at process.processTicksAndRejections (node:internal/process/task_queues:104:5)
      at async TestContext.<anonymous> (/Users/mdavliatshin/Developer/Agat-recovery-20260927/apps/coordinator/test/fleet-ha-postgres.integration.test.ts:1060:9)
      at async Test.run (node:internal/test_runner/test:1125:7)
      at async Suite.processPendingSubtests (node:internal/test_runner/test:787:7) {
    generatedMessage: true,
    code: 'ERR_ASSERTION',
    actual: 200,
    expected: 400,
    operator: 'strictEqual',
    diff: 'simple'
  }

test at apps/coordinator/test/fleet-ha-postgres.integration.test.ts:20:1826
✖ embedding complete rolls back when an event lock outlasts its lease over HTTP (5815.008875ms)
  AssertionError [ERR_ASSERTION]: Expected values to be strictly equal:

  200 !== 400

      at <anonymous> (/Users/mdavliatshin/Developer/Agat-recovery-20260927/apps/coordinator/test/fleet-ha-postgres.integration.test.ts:1117:18)
      at process.processTicksAndRejections (node:internal/process/task_queues:104:5)
      at async TestContext.<anonymous> (/Users/mdavliatshin/Developer/Agat-recovery-20260927/apps/coordinator/test/fleet-ha-postgres.integration.test.ts:1104:7)
      at async Test.run (node:internal/test_runner/test:1125:7)
      at async Suite.processPendingSubtests (node:internal/test_runner/test:787:7) {
    generatedMessage: true,
    code: 'ERR_ASSERTION',
    actual: 200,
    expected: 400,
    operator: 'strictEqual',
    diff: 'simple'
  }

test at apps/coordinator/test/fleet-ha-postgres.integration.test.ts:20:1826
✖ embedding fail rolls back when an event lock outlasts its lease over HTTP (5783.299958ms)
  AssertionError [ERR_ASSERTION]: Expected values to be strictly equal:

  200 !== 400

      at <anonymous> (/Users/mdavliatshin/Developer/Agat-recovery-20260927/apps/coordinator/test/fleet-ha-postgres.integration.test.ts:1117:18)
      at process.processTicksAndRejections (node:internal/process/task_queues:104:5)
      at async TestContext.<anonymous> (/Users/mdavliatshin/Developer/Agat-recovery-20260927/apps/coordinator/test/fleet-ha-postgres.integration.test.ts:1104:7)
      at async Test.run (node:internal/test_runner/test:1125:7)
      at async Suite.processPendingSubtests (node:internal/test_runner/test:787:7) {
    generatedMessage: true,
    code: 'ERR_ASSERTION',
    actual: 200,
    expected: 400,
    operator: 'strictEqual',
    diff: 'simple'
  }
