
> @agat/coordinator@1.7.0 build
> tsc -p tsconfig.json

(node:74696) ExperimentalWarning: SQLite is an experimental feature and might change at any time
(Use `node --trace-warnings ...` to show where the warning was created)
▶ PostgreSQL Fleet/HA integration
  ✖ embedding maintenance preserves a renewal that holds its job row past the old expiry (4355.489833ms)
  ℹ Embedding maintenance/renewal: health=timeout, job=pending, document=pending, failures=1
  ✖ embedding maintenance stays responsive while a late completion rolls back across coordinators (7773.700666ms)
  ℹ Embedding maintenance/completion: HTTP 200, health=timeout, job=completed, document=pending, indexed=1, events=1
✖ PostgreSQL Fleet/HA integration (13571.679458ms)
ℹ tests 2
ℹ suites 1
ℹ pass 0
ℹ fail 2
ℹ cancelled 0
ℹ skipped 0
ℹ todo 0
ℹ duration_ms 14115.640208

✖ failing tests:

test at apps/coordinator/test/fleet-ha-postgres.integration.test.ts:20:2920
✖ embedding maintenance preserves a renewal that holds its job row past the old expiry (4355.489833ms)
  AssertionError [ERR_ASSERTION]: Expected values to be strictly equal:
  + actual - expected

  + 'pending'
  - 'running'

      at <anonymous> (/Users/mdavliatshin/Developer/Agat-recovery-20260927/apps/coordinator/test/fleet-ha-postgres.integration.test.ts:1154:16)
      at process.processTicksAndRejections (node:internal/process/task_queues:104:5)
      at async TestContext.<anonymous> (/Users/mdavliatshin/Developer/Agat-recovery-20260927/apps/coordinator/test/fleet-ha-postgres.integration.test.ts:1141:5)
      at async Test.run (node:internal/test_runner/test:1125:7)
      at async Promise.all (index 32)
      at async Suite.run (node:internal/test_runner/test:1533:7)
      at async startSubtestAfterBootstrap (node:internal/test_runner/harness:358:3) {
    generatedMessage: true,
    code: 'ERR_ASSERTION',
    actual: 'pending',
    expected: 'running',
    operator: 'strictEqual',
    diff: 'simple'
  }

test at apps/coordinator/test/fleet-ha-postgres.integration.test.ts:21:905
✖ embedding maintenance stays responsive while a late completion rolls back across coordinators (7773.700666ms)
  AssertionError [ERR_ASSERTION]: Expected values to be strictly equal:

  200 !== 400

      at <anonymous> (/Users/mdavliatshin/Developer/Agat-recovery-20260927/apps/coordinator/test/fleet-ha-postgres.integration.test.ts:1178:16)
      at process.processTicksAndRejections (node:internal/process/task_queues:104:5)
      at async TestContext.<anonymous> (/Users/mdavliatshin/Developer/Agat-recovery-20260927/apps/coordinator/test/fleet-ha-postgres.integration.test.ts:1163:5)
      at async Test.run (node:internal/test_runner/test:1125:7)
      at async Suite.processPendingSubtests (node:internal/test_runner/test:787:7) {
    generatedMessage: true,
    code: 'ERR_ASSERTION',
    actual: 200,
    expected: 400,
    operator: 'strictEqual',
    diff: 'simple'
  }
