(node:75604) ExperimentalWarning: SQLite is an experimental feature and might change at any time
(Use `node --trace-warnings ...` to show where the warning was created)
✔ embedding renew rejects an invalid lease (before request) without changing the index (48.186375ms)
ℹ renew/before request: accepted=false, job=running, document=indexing
✔ embedding renew rejects an invalid lease (invalid expiry) without changing the index (34.145792ms)
ℹ renew/invalid expiry: accepted=false, job=running, document=indexing
✔ embedding complete rejects an invalid lease (before request) without changing the index (38.154ms)
ℹ complete/before request: accepted=false, job=running, document=indexing
✔ embedding complete rejects an invalid lease (invalid expiry) without changing the index (32.465916ms)
ℹ complete/invalid expiry: accepted=false, job=running, document=indexing
✔ embedding complete rejects an invalid lease (during job read) without changing the index (32.899875ms)
ℹ complete/during job read: accepted=false, job=running, document=indexing
✔ embedding fail rejects an invalid lease (before request) without changing the index (31.402292ms)
ℹ fail/before request: accepted=false, job=running, document=indexing
✔ embedding fail rejects an invalid lease (invalid expiry) without changing the index (32.279459ms)
ℹ fail/invalid expiry: accepted=false, job=running, document=indexing
✔ embedding fail rejects an invalid lease (during job read) without changing the index (34.525833ms)
ℹ fail/during job read: accepted=false, job=running, document=indexing
✔ embedding complete rolls back its index and event if persistence outlasts the lease (32.797834ms)
✔ embedding fail rolls back its index and event if persistence outlasts the lease (33.930041ms)
✔ embedding maintenance rolls back retry if the document update fails (32.825792ms)
✔ embedding maintenance rolls back terminal failure if the document update fails (30.672209ms)
(node:75605) ExperimentalWarning: SQLite is an experimental feature and might change at any time
(Use `node --trace-warnings ...` to show where the warning was created)
✔ expired retrieval leases fail before maintenance and stay invalid after reassignment (55.866958ms)
✔ SQLite rechecks lease expiry after consuming candidates and rolls back before storing sources (37.99025ms)
✔ SQLite rolls back retrieval and its event when the lease expires during event persistence (36.055083ms)
✔ wrong retrieval model or query dimensions fail explicitly without a success trace, and a corrected query succeeds (33.017792ms)
✔ every selected collection is validated and one incompatible query rolls the whole retrieval back (36.869416ms)
✔ a selected empty optional collection remains a valid empty search, but not for the wrong model (32.451084ms)
✔ damaged stored vectors are reported as an index error instead of discarded as missing evidence (34.597833ms)
(node:75606) ExperimentalWarning: SQLite is an experimental feature and might change at any time
(Use `node --trace-warnings ...` to show where the warning was created)
▶ local knowledge and memory
  ✔ indexes locally, retrieves with provenance and records an auditable trace (57.376542ms)
  ✔ enforces project snapshots and embedding dimensions (37.717375ms)
  ✔ accounts embedding work in the same global scheduler budget (38.804833ms)
  ✔ chunks at readable boundaries and rejects unsafe vectors (0.25ms)
✔ local knowledge and memory (134.79275ms)
(node:75607) ExperimentalWarning: SQLite is an experimental feature and might change at any time
(Use `node --trace-warnings ...` to show where the warning was created)
✔ complete rejects an invalid lease at admission (before request) before state or artifact writes (64.409ms)
ℹ After complete (before request): stage=running, artifacts=0
✔ complete rejects an invalid lease at admission (during stage read) before state or artifact writes (46.224417ms)
ℹ After complete (during stage read): stage=running, artifacts=0
✔ complete rejects an invalid lease at admission (invalid expiry) before state or artifact writes (43.229708ms)
ℹ After complete (invalid expiry): stage=running, artifacts=0
✔ fail rejects an invalid lease at admission (before request) before state or artifact writes (37.948792ms)
ℹ After fail (before request): stage=running, artifacts=0
✔ fail rejects an invalid lease at admission (during stage read) before state or artifact writes (38.714875ms)
ℹ After fail (during stage read): stage=running, artifacts=0
✔ fail rejects an invalid lease at admission (invalid expiry) before state or artifact writes (38.658458ms)
ℹ After fail (invalid expiry): stage=running, artifacts=0
✔ maintenance rolls back stage and run changes if its retry event cannot persist (38.014042ms)
✔ maintenance rolls back stage and run changes if its failure event cannot persist (34.036416ms)
ℹ tests 31
ℹ suites 1
ℹ pass 31
ℹ fail 0
ℹ cancelled 0
ℹ skipped 0
ℹ todo 0
ℹ duration_ms 1089.123875
