
> @agat/coordinator@1.7.0 build
> tsc -p tsconfig.json

(node:47075) ExperimentalWarning: SQLite is an experimental feature and might change at any time
(Use `node --trace-warnings ...` to show where the warning was created)
▶ PostgreSQL Fleet/HA integration
  ✖ rejects shadow results when the lease expires during stage lock over HTTP (5846.951084ms)
  ℹ After expiry at stage lock: HTTP 200, observation=true, events=1
  ✖ rejects shadow results when the lease expires during event insert over HTTP (5900.058167ms)
  ℹ After expiry at event insert: HTTP 200, observation=true, events=1
  ✖ rejects shadow results when the lease expires during idempotent retry over HTTP (5834.481292ms)
  ℹ After expiry at idempotent retry: HTTP 200, observation=true, events=1
✖ PostgreSQL Fleet/HA integration (18940.419291ms)
ℹ tests 3
ℹ suites 1
ℹ pass 0
ℹ fail 3
ℹ cancelled 0
ℹ skipped 0
ℹ todo 0
ℹ duration_ms 19339.452125

✖ failing tests:

test at apps/coordinator/test/fleet-ha-postgres.integration.test.ts:19:20704
✖ rejects shadow results when the lease expires during stage lock over HTTP (5846.951084ms)
  AssertionError [ERR_ASSERTION]: An expired lease must not acknowledge a shadow observation

  200 !== 400

      at <anonymous> (/Users/mdavliatshin/Developer/Agat-recovery-20260927/apps/coordinator/test/fleet-ha-postgres.integration.test.ts:1011:18)
      at process.processTicksAndRejections (node:internal/process/task_queues:104:5)
      at async TestContext.<anonymous> (/Users/mdavliatshin/Developer/Agat-recovery-20260927/apps/coordinator/test/fleet-ha-postgres.integration.test.ts:944:7)
      at async Test.run (node:internal/test_runner/test:1125:7)
      at async Promise.all (index 21)
      at async Suite.run (node:internal/test_runner/test:1533:7)
      at async startSubtestAfterBootstrap (node:internal/test_runner/harness:358:3) {
    generatedMessage: false,
    code: 'ERR_ASSERTION',
    actual: 200,
    expected: 400,
    operator: 'strictEqual',
    diff: 'simple'
  }

test at apps/coordinator/test/fleet-ha-postgres.integration.test.ts:19:20704
✖ rejects shadow results when the lease expires during event insert over HTTP (5900.058167ms)
  AssertionError [ERR_ASSERTION]: An expired lease must not acknowledge a shadow observation

  200 !== 400

      at <anonymous> (/Users/mdavliatshin/Developer/Agat-recovery-20260927/apps/coordinator/test/fleet-ha-postgres.integration.test.ts:1011:18)
      at process.processTicksAndRejections (node:internal/process/task_queues:104:5)
      at async TestContext.<anonymous> (/Users/mdavliatshin/Developer/Agat-recovery-20260927/apps/coordinator/test/fleet-ha-postgres.integration.test.ts:944:7)
      at async Test.run (node:internal/test_runner/test:1125:7)
      at async Suite.processPendingSubtests (node:internal/test_runner/test:787:7) {
    generatedMessage: false,
    code: 'ERR_ASSERTION',
    actual: 200,
    expected: 400,
    operator: 'strictEqual',
    diff: 'simple'
  }

test at apps/coordinator/test/fleet-ha-postgres.integration.test.ts:19:20704
✖ rejects shadow results when the lease expires during idempotent retry over HTTP (5834.481292ms)
  AssertionError [ERR_ASSERTION]: An expired lease must not acknowledge a shadow observation

  200 !== 400

      at <anonymous> (/Users/mdavliatshin/Developer/Agat-recovery-20260927/apps/coordinator/test/fleet-ha-postgres.integration.test.ts:1011:18)
      at process.processTicksAndRejections (node:internal/process/task_queues:104:5)
      at async TestContext.<anonymous> (/Users/mdavliatshin/Developer/Agat-recovery-20260927/apps/coordinator/test/fleet-ha-postgres.integration.test.ts:944:7)
      at async Test.run (node:internal/test_runner/test:1125:7)
      at async Suite.processPendingSubtests (node:internal/test_runner/test:787:7) {
    generatedMessage: false,
    code: 'ERR_ASSERTION',
    actual: 200,
    expected: 400,
    operator: 'strictEqual',
    diff: 'simple'
  }
