
> @agat/coordinator@1.7.0 build
> tsc -p tsconfig.json

(node:49700) ExperimentalWarning: SQLite is an experimental feature and might change at any time
(Use `node --trace-warnings ...` to show where the warning was created)
▶ PostgreSQL Fleet/HA integration
  ✔ reuses the response buffer across large, short, SQL-error and oversized responses (230.32ms)
  ✔ ranks 10000 wide vectors through a 1 MiB bridge at the operator hard boundary (8292.994ms)
  ✔ rejects commit after the request deadline, permits rollback and restores the SQL timeout (838.406709ms)
  ✔ applies the remaining request deadline to every cursor fetch and cleans up after SQL cancellation (392.031709ms)
  ✔ ranks all worker cursor batches against one snapshot while another connection updates the source (222.949584ms)
  ✔ applies an operator budget above 5000 to real PostgreSQL retrieval without worker override or partial writes (12693.237625ms)
  ✔ rejects expired retrieval leases before maintenance and accepts only the replacement lease across replicas (654.010333ms)
(node:49700) ExperimentalWarning: SQLite is an experimental feature and might change at any time
(Use `node --trace-warnings ...` to show where the warning was created)
(node:49700) ExperimentalWarning: SQLite is an experimental feature and might change at any time
(Use `node --trace-warnings ...` to show where the warning was created)
  ✔ isolates whole retrieval transactions across workers without duplicate markers or partial writes (1349.260458ms)
(node:49700) ExperimentalWarning: SQLite is an experimental feature and might change at any time
(Use `node --trace-warnings ...` to show where the warning was created)
  ✔ rolls back retrieval when its lease expires while writing knowledge_retrievals (5915.050125ms)
  ℹ After the expired write: 0 durable retrievals, 0 retrieval events
(node:49700) ExperimentalWarning: SQLite is an experimental feature and might change at any time
(Use `node --trace-warnings ...` to show where the warning was created)
  ✔ rolls back retrieval when its lease expires while writing events (5894.57675ms)
  ℹ After the expired write: 0 durable retrievals, 0 retrieval events
(node:49700) ExperimentalWarning: SQLite is an experimental feature and might change at any time
(Use `node --trace-warnings ...` to show where the warning was created)
  ✔ rejects a lease that expires while retrieval waits for its run lock (5955.72125ms)
(node:49700) ExperimentalWarning: SQLite is an experimental feature and might change at any time
(Use `node --trace-warnings ...` to show where the warning was created)
  ✔ rejects a lease cancelled by a transaction that retrieval had to wait for (913.663917ms)
(node:49700) ExperimentalWarning: SQLite is an experimental feature and might change at any time
(Use `node --trace-warnings ...` to show where the warning was created)
  ✔ rejects a lease that expires after validation while the knowledge index is blocked (5816.781458ms)
(node:49700) ExperimentalWarning: SQLite is an experimental feature and might change at any time
(Use `node --trace-warnings ...` to show where the warning was created)
  ✔ permits a concurrent lease renewal while retrieval is reading its index (785.989875ms)
(node:49700) ExperimentalWarning: SQLite is an experimental feature and might change at any time
(Use `node --trace-warnings ...` to show where the warning was created)
  ✔ starts isolated retrieval from coordinator main within its pool budget and fails readiness after a deadline (2548.752958ms)
(node:49700) ExperimentalWarning: SQLite is an experimental feature and might change at any time
(Use `node --trace-warnings ...` to show where the warning was created)
  ✔ enforces the retrieval deadline while main is blocked renewing the same stage (3231.011583ms)
(node:49700) ExperimentalWarning: SQLite is an experimental feature and might change at any time
(Use `node --trace-warnings ...` to show where the warning was created)
  ✔ fails closed when a committed retrieval loses its COMMIT acknowledgement (disconnect) (2212.149ms)
  ℹ Successful COMMIT observed after 41 ms
(node:49700) ExperimentalWarning: SQLite is an experimental feature and might change at any time
(Use `node --trace-warnings ...` to show where the warning was created)
  ✔ fails closed when a committed retrieval loses its COMMIT acknowledgement (withhold) (3181.584708ms)
  ℹ Successful COMMIT observed after 40 ms
(node:49700) ExperimentalWarning: SQLite is an experimental feature and might change at any time
(Use `node --trace-warnings ...` to show where the warning was created)
  ✔ reports an uncertain sync COMMIT as operational failure and replaces its broken pooled connection (1397.59175ms)
(node:49700) ExperimentalWarning: SQLite is an experimental feature and might change at any time
(Use `node --trace-warnings ...` to show where the warning was created)
  ✔ rejects queued retrieval on SIGTERM, preserves active work and recovers without replay (6390.036333ms)
(node:49700) ExperimentalWarning: SQLite is an experimental feature and might change at any time
(Use `node --trace-warnings ...` to show where the warning was created)
  ✔ closes UI and A2A streams on SIGTERM without cancelling durable tasks and resumes events after restart (10373.426334ms)
  ✔ rejects shadow results when the lease expires during stage lock over HTTP (6401.1125ms)
  ℹ After expiry at stage lock: HTTP 400, observation=false, events=0
  ✔ rejects shadow results when the lease expires during event insert over HTTP (6483.877791ms)
  ℹ After expiry at event insert: HTTP 400, observation=false, events=0
  ✔ rejects shadow results when the lease expires during idempotent retry over HTTP (6425.892541ms)
  ℹ After expiry at idempotent retry: HTTP 400, observation=true, events=1
  ✔ persists one shadow observation across replicas and restart with tenant RLS and unchanged primary output (1605.08225ms)
  ✔ streams large valid RAG vectors, preserves cursor snapshots and rolls back failures across replicas (5288.98075ms)
  ✔ rejects a tenant connection that resolves to the system BYPASSRLS role (111.590333ms)
  ✔ keeps the runtime role DDL-free after a separate migration gate (319.512291ms)
  ✔ rejects a schema Job while a coordinator replica is active (310.259542ms)
  ✔ rejects runtime startup after out-of-band schema drift (200.463542ms)
  ✔ shares state between replicas, serializes project quota and enforces RLS (1187.44625ms)
✔ PostgreSQL Fleet/HA integration (110303.187333ms)
ℹ tests 31
ℹ suites 1
ℹ pass 31
ℹ fail 0
ℹ cancelled 0
ℹ skipped 0
ℹ todo 0
ℹ duration_ms 110945.898917
