(node:48150) ExperimentalWarning: SQLite is an experimental feature and might change at any time
(Use `node --trace-warnings ...` to show where the warning was created)
✔ real Python worker carries a pinned decision through lease, loopback inference and coordinator HTTP (769.265708ms)
(node:48151) ExperimentalWarning: SQLite is an experimental feature and might change at any time
(Use `node --trace-warnings ...` to show where the warning was created)
✔ Python and TypeScript agree on Unicode request identity and Boolean false (57.118041ms)
✔ coordinator recomputes abstention and rejects identity, probability, candidate and policy tampering (202.573666ms)
✔ isolated inference timeout and unavailable errors stay bound to the lease and preserve primary fallback (55.687583ms)
✔ process publication rejects invalid contracts and routing mode (2.1635ms)
✔ Score uses the same binary64 fingerprint across Python and JavaScript numeric encodings (335.396334ms)
✔ Score validates the weighted mean, numeric zero, abstention and fingerprint version (213.843542ms)
✔ legacy runtime profiles and Choice/Boolean input fingerprints remain accepted (47.589292ms)
✔ Score requires pinned runtime support, finite unique numeric levels and v2 worker capability (135.664542ms)
✔ opt-in shadow stores once, survives retry and preserves primary output, ACL and process replay guard (91.603333ms)
✔ feature flag, old workers, malformed responses and missing observations always retain the primary path (215.634459ms)
✔ cancelled and expired leases cannot append a shadow result or revive ownership (244.627417ms)
✔ shadow rejects lease expiry during stage read and preserves only previously committed observations (46.939333ms)
ℹ After expiry at stage read: observation=false, events=0
✔ shadow rejects lease expiry during event insert and preserves only previously committed observations (38.590875ms)
ℹ After expiry at event insert: observation=false, events=0
✔ shadow rejects lease expiry during idempotent retry and preserves only previously committed observations (40.307917ms)
ℹ After expiry at idempotent retry: observation=true, events=1
✔ shadow never bypasses stage approval (33.543125ms)
✔ safe replay reuses the recorded shadow with provenance; live replay starts a new observation (121.688792ms)
✔ safe replay does not substitute a recorded observation for a changed upstream output (207.67775ms)
✔ a recorded decision survives coordinator restart without recomputation (150.892ms)
ℹ tests 19
ℹ suites 0
ℹ pass 19
ℹ fail 0
ℹ cancelled 0
ℹ skipped 0
ℹ todo 0
ℹ duration_ms 2813.356667
