
> @agat/coordinator@1.7.0 build
> tsc -p tsconfig.json

(node:39764) ExperimentalWarning: SQLite is an experimental feature and might change at any time
(Use `node --trace-warnings ...` to show where the warning was created)
▶ PostgreSQL Fleet/HA integration
  ✔ real Python embedding worker releases its slot and renewer after lost COMMIT acknowledgement (disconnect, dry-run) (1561.611666ms)
  ℹ Python 3.14.3/disconnect/dry-run: completion HTTP 503/200/200, 34 exact vectors, 3 events, 3 renewers exited, no live worker threads
  ✔ real Python embedding worker releases its slot and renewer after lost COMMIT acknowledgement (withhold, dry-run) (2511.629709ms)
  ℹ Python 3.14.3/withhold/dry-run: completion HTTP 503/200/200, 34 exact vectors, 3 events, 3 renewers exited, no live worker threads
  ✔ real Python embedding worker releases its slot and renewer after lost COMMIT acknowledgement (disconnect, isolated) (1627.961458ms)
  ℹ Python 3.14.3/disconnect/isolated: completion HTTP 503/200/200, 34 exact vectors, 3 events, 3 renewers exited, no live worker threads
  ✔ real Python embedding worker releases its slot and renewer after lost COMMIT acknowledgement (withhold, isolated) (2570.382125ms)
  ℹ Python 3.14.3/withhold/isolated: completion HTTP 503/200/200, 34 exact vectors, 3 events, 3 renewers exited, no live worker threads
  ✔ real Python embedding worker releases its slot and renewer after lost COMMIT acknowledgement (disconnect, session) (1533.683875ms)
  ℹ Python 3.14.3/disconnect/session: completion HTTP 503/200/200, 34 exact vectors, 3 events, 3 renewers exited, no live worker threads
  ✔ real Python embedding worker releases its slot and renewer after lost COMMIT acknowledgement (withhold, session) (2638.649084ms)
  ℹ Python 3.14.3/withhold/session: completion HTTP 503/200/200, 34 exact vectors, 3 events, 3 renewers exited, no live worker threads
✔ PostgreSQL Fleet/HA integration (13858.171459ms)
ℹ tests 6
ℹ suites 1
ℹ pass 6
ℹ fail 0
ℹ cancelled 0
ℹ skipped 0
ℹ todo 0
ℹ duration_ms 14490.92125
