
> @agat/coordinator@1.7.0 build
> tsc -p tsconfig.json

(node:33657) ExperimentalWarning: SQLite is an experimental feature and might change at any time
(Use `node --trace-warnings ...` to show where the warning was created)
▶ PostgreSQL Fleet/HA integration
  ✔ real Python embedding worker bounds model HTTP and recovers on a new lease (oversized-success, isolated) (1280.712208ms)
  ℹ oversized-success/isolated: model calls=2, failed lease HTTP 200, replacement completion HTTP 200, failures=1, only replacement vector saved, both renewers exited, all transport subprocesses reaped
  ✔ real Python embedding worker bounds model HTTP and recovers on a new lease (unfinished-error, isolated) (1210.502833ms)
  ℹ unfinished-error/isolated: model calls=2, failed lease HTTP 200, replacement completion HTTP 200, failures=1, only replacement vector saved, both renewers exited, all transport subprocesses reaped
  ✔ real Python embedding worker bounds model HTTP and recovers on a new lease (slow-headers, isolated) (1839.942333ms)
  ℹ slow-headers/isolated: model calls=2, failed lease HTTP 200, replacement completion HTTP 200, failures=1, only replacement vector saved, both renewers exited, all transport subprocesses reaped
  ✔ real Python embedding worker bounds model HTTP and recovers on a new lease (slow-success, isolated) (1833.638083ms)
  ℹ slow-success/isolated: model calls=2, failed lease HTTP 200, replacement completion HTTP 200, failures=1, only replacement vector saved, both renewers exited, all transport subprocesses reaped
  ✔ real Python embedding worker bounds model HTTP and recovers on a new lease (slow-error, isolated) (1866.14325ms)
  ℹ slow-error/isolated: model calls=2, failed lease HTTP 200, replacement completion HTTP 200, failures=1, only replacement vector saved, both renewers exited, all transport subprocesses reaped
  ✔ real Python embedding worker bounds model HTTP and recovers on a new lease (oversized-success, session) (1177.452416ms)
  ℹ oversized-success/session: model calls=2, failed lease HTTP 200, replacement completion HTTP 200, failures=1, only replacement vector saved, both renewers exited, all transport subprocesses reaped
  ✔ real Python embedding worker bounds model HTTP and recovers on a new lease (unfinished-error, session) (1224.936458ms)
  ℹ unfinished-error/session: model calls=2, failed lease HTTP 200, replacement completion HTTP 200, failures=1, only replacement vector saved, both renewers exited, all transport subprocesses reaped
  ✔ real Python embedding worker bounds model HTTP and recovers on a new lease (slow-headers, session) (1892.216208ms)
  ℹ slow-headers/session: model calls=2, failed lease HTTP 200, replacement completion HTTP 200, failures=1, only replacement vector saved, both renewers exited, all transport subprocesses reaped
  ✔ real Python embedding worker bounds model HTTP and recovers on a new lease (slow-success, session) (1894.463958ms)
  ℹ slow-success/session: model calls=2, failed lease HTTP 200, replacement completion HTTP 200, failures=1, only replacement vector saved, both renewers exited, all transport subprocesses reaped
  ✔ real Python embedding worker bounds model HTTP and recovers on a new lease (slow-error, session) (1995.357958ms)
  ℹ slow-error/session: model calls=2, failed lease HTTP 200, replacement completion HTTP 200, failures=1, only replacement vector saved, both renewers exited, all transport subprocesses reaped
  ✔ real Python embedding worker suppresses obsolete replies after renewal rejects ownership during model HTTP (isolated) (46054.885625ms)
  ℹ Renewal HTTP 404; obsolete terminal HTTP attempts=none; model calls=1
  ✔ real Python embedding worker suppresses obsolete replies after renewal rejects ownership during model HTTP (session) (46151.187125ms)
  ℹ Renewal HTTP 404; obsolete terminal HTTP attempts=none; model calls=1
  ✔ real Python embedding worker releases its slot and renewer after lost COMMIT acknowledgement (disconnect) (1648.431666ms)
  ℹ Python 3.14.3/disconnect: completion HTTP 503/200/200, 34 exact vectors, 3 events, 3 renewers exited, no live worker threads
  ✔ real Python embedding worker releases its slot and renewer after lost COMMIT acknowledgement (withhold) (2562.867792ms)
  ℹ Python 3.14.3/withhold: completion HTTP 503/200/200, 34 exact vectors, 3 events, 3 renewers exited, no live worker threads
✔ PostgreSQL Fleet/HA integration (114003.965ms)
ℹ tests 14
ℹ suites 1
ℹ pass 14
ℹ fail 0
ℹ cancelled 0
ℹ skipped 0
ℹ todo 0
ℹ duration_ms 114516.60975
