test_config_default_env_cli_and_invalid_value (test_embedding_transport.WorkerEmbeddingPoolTests.test_config_default_env_cli_and_invalid_value) ... ok
test_default_worker_does_not_allocate_a_pool (test_embedding_transport.WorkerEmbeddingPoolTests.test_default_worker_does_not_allocate_a_pool) ... ok
test_invalid_pool_capacity_rejects_before_starting_process (test_embedding_transport.WorkerEmbeddingPoolTests.test_invalid_pool_capacity_rejects_before_starting_process) ... ok
test_lazy_pool_reuses_one_helper_for_serial_work (test_embedding_transport.WorkerEmbeddingPoolTests.test_lazy_pool_reuses_one_helper_for_serial_work) ... ok
test_pool_capacity_is_enforced_for_more_callers (test_embedding_transport.WorkerEmbeddingPoolTests.test_pool_capacity_is_enforced_for_more_callers) ... ok
test_pool_close_aborts_active_and_waiting_requests (test_embedding_transport.WorkerEmbeddingPoolTests.test_pool_close_aborts_active_and_waiting_requests) ... ok
test_pool_waiter_deadline_or_cancel_does_not_affect_owner (test_embedding_transport.WorkerEmbeddingPoolTests.test_pool_waiter_deadline_or_cancel_does_not_affect_owner) ... ok
test_supported_chunk_and_query_budgets_fit_framed_transport (test_embedding_transport.WorkerEmbeddingPoolTests.test_supported_chunk_and_query_budgets_fit_framed_transport) ... ok
test_waiting_time_is_not_added_again_to_transport_deadline (test_embedding_transport.WorkerEmbeddingPoolTests.test_waiting_time_is_not_added_again_to_transport_deadline) ... ok
test_worker_closes_transport_on_success_and_failure (test_embedding_transport.WorkerEmbeddingPoolTests.test_worker_closes_transport_on_success_and_failure) ... ok
test_backpressure_on_stalled_helper_still_obeys_deadline (test_embedding_transport.WorkerEmbeddingSessionTests.test_backpressure_on_stalled_helper_still_obeys_deadline) ... ok
test_cancelled_active_headers_body_and_error_reap_before_tail_release_and_recover (test_embedding_transport.WorkerEmbeddingSessionTests.test_cancelled_active_headers_body_and_error_reap_before_tail_release_and_recover) ... ok
test_cancelled_owner_hands_fresh_helper_to_queued_successor (test_embedding_transport.WorkerEmbeddingSessionTests.test_cancelled_owner_hands_fresh_helper_to_queued_successor) ... ok
test_close_aborts_active_request_and_rejects_following_work (test_embedding_transport.WorkerEmbeddingSessionTests.test_close_aborts_active_request_and_rejects_following_work) ... ok
test_full_batch_crosses_many_partial_pipe_reads (test_embedding_transport.WorkerEmbeddingSessionTests.test_full_batch_crosses_many_partial_pipe_reads) ... ok
test_http_errors_and_byte_limits_do_not_contaminate_following_reply (test_embedding_transport.WorkerEmbeddingSessionTests.test_http_errors_and_byte_limits_do_not_contaminate_following_reply) ... ok
test_idle_close_kills_helper_that_ignores_pipe_eof (test_embedding_transport.WorkerEmbeddingSessionTests.test_idle_close_kills_helper_that_ignores_pipe_eof) ... ok
test_idle_helper_exit_is_reaped_and_next_request_recovers (test_embedding_transport.WorkerEmbeddingSessionTests.test_idle_helper_exit_is_reaped_and_next_request_recovers) ... ok
test_precancel_invalid_timeout_and_limits_do_not_spawn (test_embedding_transport.WorkerEmbeddingSessionTests.test_precancel_invalid_timeout_and_limits_do_not_spawn) ... ok
test_protocol_faults_retire_and_next_request_uses_fresh_helper (test_embedding_transport.WorkerEmbeddingSessionTests.test_protocol_faults_retire_and_next_request_uses_fresh_helper) ... ok
test_queued_timeout_and_cancellation_leave_current_owner_alive (test_embedding_transport.WorkerEmbeddingSessionTests.test_queued_timeout_and_cancellation_leave_current_owner_alive) ... ok
test_readiness_rejects_wrong_body_and_reaps_helper (test_embedding_transport.WorkerEmbeddingSessionTests.test_readiness_rejects_wrong_body_and_reaps_helper) ... ok
test_repeated_deadlines_return_file_descriptors_and_guard_threads (test_embedding_transport.WorkerEmbeddingSessionTests.test_repeated_deadlines_return_file_descriptors_and_guard_threads) ... ok
test_reuses_ready_helper_and_keeps_headers_inputs_and_origins_separate (test_embedding_transport.WorkerEmbeddingSessionTests.test_reuses_ready_helper_and_keeps_headers_inputs_and_origins_separate) ... ok
test_separate_sessions_cancel_only_their_own_request (test_embedding_transport.WorkerEmbeddingSessionTests.test_separate_sessions_cancel_only_their_own_request) ... ok
test_total_deadline_covers_trickling_success_and_error_body (test_embedding_transport.WorkerEmbeddingSessionTests.test_total_deadline_covers_trickling_success_and_error_body) ... ok

----------------------------------------------------------------------
Ran 26 tests in 5.824s

OK
