
> @agat/coordinator@1.7.0 build
> tsc -p tsconfig.json

(node:85493) ExperimentalWarning: SQLite is an experimental feature and might change at any time
(Use `node --trace-warnings ...` to show where the warning was created)
(node:85493) ExperimentalWarning: SQLite is an experimental feature and might change at any time
(Use `node --trace-warnings ...` to show where the warning was created)
▶ PostgreSQL Fleet/HA integration
  ✖ closes UI and A2A streams on SIGTERM without cancelling durable tasks and resumes events after restart (8556.628833ms)
✖ PostgreSQL Fleet/HA integration (10756.794875ms)
ℹ tests 1
ℹ suites 1
ℹ pass 0
ℹ fail 1
ℹ cancelled 0
ℹ skipped 0
ℹ todo 0
ℹ duration_ms 11922.758625

✖ failing tests:

test at apps/coordinator/test/fleet-ha-postgres.integration.test.ts:18:6792
✖ closes UI and A2A streams on SIGTERM without cancelling durable tasks and resumes events after restart (8556.628833ms)
  Error: SSE/A2A requests prevented coordinator shutdown
      at Timeout.<anonymous> (/private/tmp/agat-search-budget-20260927/apps/coordinator/test/fleet-ha-postgres.integration.test.ts:114:39)
      at listOnTimeout (node:internal/timers:605:17)
      at process.processTimers (node:internal/timers:541:7)
