
> @agat/coordinator@1.7.0 build
> tsc -p tsconfig.json

(node:90135) ExperimentalWarning: SQLite is an experimental feature and might change at any time
(Use `node --trace-warnings ...` to show where the warning was created)
▶ PostgreSQL Fleet/HA integration
  ✔ reuses the response buffer across large, short, SQL-error and oversized responses (295.322583ms)
  ✔ ranks 10000 wide vectors through a 1 MiB bridge at the operator hard boundary (11414.4545ms)
  ✔ ranks all worker cursor batches against one snapshot while another connection updates the source (266.966875ms)
  ✔ applies an operator budget above 5000 to real PostgreSQL retrieval without worker override or partial writes (15790.837166ms)
  ✔ rejects expired retrieval leases before maintenance and accepts only the replacement lease across replicas (886.679083ms)
(node:90135) ExperimentalWarning: SQLite is an experimental feature and might change at any time
(Use `node --trace-warnings ...` to show where the warning was created)
(node:90135) ExperimentalWarning: SQLite is an experimental feature and might change at any time
(Use `node --trace-warnings ...` to show where the warning was created)
  ✔ isolates whole retrieval transactions across workers without duplicate markers or partial writes (1573.975833ms)
(node:90135) ExperimentalWarning: SQLite is an experimental feature and might change at any time
(Use `node --trace-warnings ...` to show where the warning was created)
  ✔ rejects a lease that expires while retrieval waits for its run lock (6142.530167ms)
(node:90135) ExperimentalWarning: SQLite is an experimental feature and might change at any time
(Use `node --trace-warnings ...` to show where the warning was created)
  ✔ rejects a lease cancelled by a transaction that retrieval had to wait for (859.723709ms)
(node:90135) ExperimentalWarning: SQLite is an experimental feature and might change at any time
(Use `node --trace-warnings ...` to show where the warning was created)
  ✔ rejects a lease that expires after validation while the knowledge index is blocked (6043.536166ms)
(node:90135) ExperimentalWarning: SQLite is an experimental feature and might change at any time
(Use `node --trace-warnings ...` to show where the warning was created)
  ✔ permits a concurrent lease renewal while retrieval is reading its index (1129.210875ms)
(node:90135) ExperimentalWarning: SQLite is an experimental feature and might change at any time
(Use `node --trace-warnings ...` to show where the warning was created)
  ✔ starts isolated retrieval from coordinator main within its pool budget and fails readiness after a deadline (2960.650584ms)
(node:90135) ExperimentalWarning: SQLite is an experimental feature and might change at any time
(Use `node --trace-warnings ...` to show where the warning was created)
  ✔ rejects queued retrieval on SIGTERM, preserves active work and recovers without replay (6864.318417ms)
(node:90135) ExperimentalWarning: SQLite is an experimental feature and might change at any time
(Use `node --trace-warnings ...` to show where the warning was created)
  ✔ closes UI and A2A streams on SIGTERM without cancelling durable tasks and resumes events after restart (10152.399334ms)
  ✔ persists one shadow observation across replicas and restart with tenant RLS and unchanged primary output (1094.123667ms)
  ✔ streams large valid RAG vectors, preserves cursor snapshots and rolls back failures across replicas (4393.668666ms)
  ✔ rejects a tenant connection that resolves to the system BYPASSRLS role (103.740292ms)
  ✔ keeps the runtime role DDL-free after a separate migration gate (266.104167ms)
  ✔ rejects a schema Job while a coordinator replica is active (303.330375ms)
  ✔ rejects runtime startup after out-of-band schema drift (215.2005ms)
  ✔ shares state between replicas, serializes project quota and enforces RLS (938.144ms)
✔ PostgreSQL Fleet/HA integration (74826.242417ms)
ℹ tests 20
ℹ suites 1
ℹ pass 20
ℹ fail 0
ℹ cancelled 0
ℹ skipped 0
ℹ todo 0
ℹ duration_ms 76092.163959
