
> agat-platform@1.7.0 test:worker
> python3 -m unittest discover -s workers -p 'test_*.py'

...................................[lease] Test · Test
[lease] shadow observation unavailable
[lease] completed
...[embeddin] embedding Handbook · embeddinggemma · 2 chunks
[embeddin] embedding failed: TypeError: _RagModelClient.embed() got an unexpected keyword argument 'cancelled'
F...........s....................
======================================================================
FAIL: test_completes_embedding_job_with_chunk_provenance (test_web_tools.LocalKnowledgeTests.test_completes_embedding_job_with_chunk_provenance)
----------------------------------------------------------------------
Traceback (most recent call last):
  File "/Users/mdavliatshin/Developer/Agat-recovery-20260927/workers/test_web_tools.py", line 1225, in test_completes_embedding_job_with_chunk_provenance
    self.assertEqual(coordinator.failed, [])
    ~~~~~~~~~~~~~~~~^^^^^^^^^^^^^^^^^^^^^^^^
AssertionError: Lists differ: [{'leaseId': 'embedding-lease-1', 'error':[81 chars]d'"}] != []

First list contains 1 additional elements.
First extra element 0:
{'leaseId': 'embedding-lease-1', 'error': "TypeError: _RagModelClient.embed() got an unexpected keyword argument 'cancelled'"}

+ []
- [{'error': 'TypeError: _RagModelClient.embed() got an unexpected keyword '
-            "argument 'cancelled'",
-   'leaseId': 'embedding-lease-1'}]

----------------------------------------------------------------------
Ran 71 tests in 16.712s

FAILED (failures=1, skipped=1)
