{"python": "3.13.15 (main, Sep 19 2026, 01:13:02) [GCC 14.2.0]", "sources": {"agat_worker": {"path": "/opt/agat/agat_worker.py", "sha256": "bf01e0246b56718280b930e51ea900b8647fcf33fc35234ef3d3959fa3f17bdb"}, "embedding_http": {"path": "/opt/agat/embedding_http.py", "sha256": "be676a9efa4fe323ddaeb6eae472b875e8ae63f45b301b60f5189ef738211f05"}}}
..........................E..[embeddin] embedding Handbook · embeddinggemma · 2 chunks
[embeddin] embedding batch completed · remaining=0
.................................
======================================================================
ERROR: test_local_decisions (unittest.loader._FailedTest.test_local_decisions)
----------------------------------------------------------------------
ImportError: Failed to import test module: test_local_decisions
Traceback (most recent call last):
  File "/usr/local/lib/python3.13/unittest/loader.py", line 403, in _find_test_path
    module = self._get_module_from_name(name)
  File "/usr/local/lib/python3.13/unittest/loader.py", line 346, in _get_module_from_name
    __import__(name)
    ~~~~~~~~~~^^^^^^
  File "/worker-tests/test_local_decisions.py", line 14, in <module>
    from decision_runtime.contracts import Request, fingerprint
ModuleNotFoundError: No module named 'decision_runtime'


----------------------------------------------------------------------
Ran 62 tests in 10.547s

FAILED (errors=1)
