
> @agat/coordinator@1.7.0 build
> tsc -p tsconfig.json

(node:68851) ExperimentalWarning: SQLite is an experimental feature and might change at any time
(Use `node --trace-warnings ...` to show where the warning was created)
▶ PostgreSQL Fleet/HA integration
  ✔ real Python embedding worker bounds model HTTP and recovers on a new lease (oversized-success) (1336.158208ms)
  ℹ oversized-success: model calls=2, failed lease HTTP 200, replacement completion HTTP 200, failures=1, only replacement vector saved, both renewers exited, both transport subprocesses reaped
  ✔ real Python embedding worker bounds model HTTP and recovers on a new lease (unfinished-error) (1382.396875ms)
  ℹ unfinished-error: model calls=2, failed lease HTTP 200, replacement completion HTTP 200, failures=1, only replacement vector saved, both renewers exited, both transport subprocesses reaped
  ✔ real Python embedding worker bounds model HTTP and recovers on a new lease (slow-headers) (1896.322708ms)
  ℹ slow-headers: model calls=2, failed lease HTTP 200, replacement completion HTTP 200, failures=1, only replacement vector saved, both renewers exited, both transport subprocesses reaped
  ✔ real Python embedding worker bounds model HTTP and recovers on a new lease (slow-success) (2298.314792ms)
  ℹ slow-success: model calls=2, failed lease HTTP 200, replacement completion HTTP 200, failures=1, only replacement vector saved, both renewers exited, both transport subprocesses reaped
  ✔ real Python embedding worker bounds model HTTP and recovers on a new lease (slow-error) (2794.162208ms)
  ℹ slow-error: model calls=2, failed lease HTTP 200, replacement completion HTTP 200, failures=1, only replacement vector saved, both renewers exited, both transport subprocesses reaped
  ✔ real Python embedding worker suppresses obsolete replies after renewal rejects ownership during model HTTP (46231.663375ms)
  ℹ Renewal HTTP 404; obsolete terminal HTTP attempts=none; model calls=1
  ✔ real Python embedding worker releases its slot and renewer after lost COMMIT acknowledgement (disconnect) (1658.914042ms)
  ℹ Python 3.14.3/disconnect: completion HTTP 503/200/200, 34 exact vectors, 3 events, 3 renewers exited, no live worker threads
  ✔ real Python embedding worker releases its slot and renewer after lost COMMIT acknowledgement (withhold) (2644.877792ms)
  ℹ Python 3.14.3/withhold: completion HTTP 503/200/200, 34 exact vectors, 3 events, 3 renewers exited, no live worker threads
✔ PostgreSQL Fleet/HA integration (61686.722375ms)
ℹ tests 8
ℹ suites 1
ℹ pass 8
ℹ fail 0
ℹ cancelled 0
ℹ skipped 0
ℹ todo 0
ℹ duration_ms 62228.249458
