test_clean_stop_does_not_renew_or_cancel (test_embedding_cancellation.EmbeddingCancellationTests.test_clean_stop_does_not_renew_or_cancel) ... ok
test_definitive_rejection_stops_even_without_a_cancellation_receiver (test_embedding_cancellation.EmbeddingCancellationTests.test_definitive_rejection_stops_even_without_a_cancellation_receiver) ... ok
test_definitive_renewal_rejection_cancels_and_stops_polling (test_embedding_cancellation.EmbeddingCancellationTests.test_definitive_renewal_rejection_cancels_and_stops_polling) ... ok
test_lost_lease_discards_model_error_without_failing_new_owner (test_embedding_cancellation.EmbeddingCancellationTests.test_lost_lease_discards_model_error_without_failing_new_owner) ... ok
test_lost_lease_discards_successful_model_result (test_embedding_cancellation.EmbeddingCancellationTests.test_lost_lease_discards_successful_model_result) ... ok
test_temporary_renewal_failure_keeps_the_lease_and_retries (test_embedding_cancellation.EmbeddingCancellationTests.test_temporary_renewal_failure_keeps_the_lease_and_retries) ... ok
test_transient_renewal_error_allows_successful_completion (test_embedding_cancellation.EmbeddingCancellationTests.test_transient_renewal_error_allows_successful_completion) ... ok
test_transient_renewal_error_preserves_model_failure_reporting (test_embedding_cancellation.EmbeddingCancellationTests.test_transient_renewal_error_preserves_model_failure_reporting) ... ok
test_cancelled_slow_response_reaps_helper_before_return (test_embedding_http_deadline.CompatibilityTests.test_cancelled_slow_response_reaps_helper_before_return) ... ok
test_concurrent_cancellation_does_not_close_another_requests_transport (test_embedding_http_deadline.CompatibilityTests.test_concurrent_cancellation_does_not_close_another_requests_transport) ... ok
test_http_proxy_auth_and_model_headers_are_preserved (test_embedding_http_deadline.CompatibilityTests.test_http_proxy_auth_and_model_headers_are_preserved) ... ok
test_https_verifies_certificate_and_uses_configured_ca (test_embedding_http_deadline.CompatibilityTests.test_https_verifies_certificate_and_uses_configured_ca) ... ok
test_precancelled_request_does_not_spawn (test_embedding_http_deadline.CompatibilityTests.test_precancelled_request_does_not_spawn) ... ok
test_redirects_share_one_total_deadline (test_embedding_http_deadline.CompatibilityTests.test_redirects_share_one_total_deadline) ... ok
test_stalled_helper_is_killed_reaped_and_leaves_no_credentials_on_argv (test_embedding_http_deadline.CompatibilityTests.test_stalled_helper_is_killed_reaped_and_leaves_no_credentials_on_argv) ... ok
test_timeout_configuration_is_finite_and_propagates_from_cli_and_environment (test_embedding_http_deadline.CompatibilityTests.test_timeout_configuration_is_finite_and_propagates_from_cli_and_environment) ... ok
test_urllib_redirect_behavior_is_preserved (test_embedding_http_deadline.CompatibilityTests.test_urllib_redirect_behavior_is_preserved) ... ok
test_lost_lease_releases_worker_before_model_body_finishes (test_embedding_http_deadline.EmbeddingDeadlineTests.test_lost_lease_releases_worker_before_model_body_finishes) ... ok
test_total_deadline_includes_headers_success_and_error_bodies (test_embedding_http_deadline.EmbeddingDeadlineTests.test_total_deadline_includes_headers_success_and_error_bodies) ... ok
test_accepts_valid_utf8_json_at_the_exact_byte_limit (test_embedding_http_limits.EmbeddingHttpLimitTests.test_accepts_valid_utf8_json_at_the_exact_byte_limit) ... ok
test_error_prefix_does_not_wait_for_an_unfinished_body (test_embedding_http_limits.EmbeddingHttpLimitTests.test_error_prefix_does_not_wait_for_an_unfinished_body) ... ok
test_full_supported_batch_fits_the_production_limit (test_embedding_http_limits.EmbeddingHttpLimitTests.test_full_supported_batch_fits_the_production_limit) ... ok
test_measures_response_bytes_before_utf8_decoding (test_embedding_http_limits.EmbeddingHttpLimitTests.test_measures_response_bytes_before_utf8_decoding) ... ok
test_rejects_chunked_response_without_relying_on_content_length (test_embedding_http_limits.EmbeddingHttpLimitTests.test_rejects_chunked_response_without_relying_on_content_length) ... ok
test_rejects_fixed_length_response_one_byte_over_the_limit (test_embedding_http_limits.EmbeddingHttpLimitTests.test_rejects_fixed_length_response_one_byte_over_the_limit) ... ok
test_worker_reports_oversize_as_failure_without_completing_the_lease (test_embedding_http_limits.EmbeddingHttpLimitTests.test_worker_reports_oversize_as_failure_without_completing_the_lease) ... ok

----------------------------------------------------------------------
Ran 26 tests in 9.142s

OK
