(node:27055) ExperimentalWarning: SQLite is an experimental feature and might change at any time
(Use `node --trace-warnings ...` to show where the warning was created)
(node:27055) ExperimentalWarning: SQLite is an experimental feature and might change at any time
(Use `node --trace-warnings ...` to show where the warning was created)
✔ isolated HTTP retrieval returns committed provenance and distinct markers for overlapping requests (452.24925ms)
(node:27055) ExperimentalWarning: SQLite is an experimental feature and might change at any time
(Use `node --trace-warnings ...` to show where the warning was created)
✔ queued retrieval rechecks credentials and expiry, enforces admission, and rolls back a malformed later query (436.886583ms)
(node:27055) ExperimentalWarning: SQLite is an experimental feature and might change at any time
(Use `node --trace-warnings ...` to show where the warning was created)
✔ executor shutdown finishes its active transaction, rejects queued work and never retries it (349.643958ms)
(node:27055) ExperimentalWarning: SQLite is an experimental feature and might change at any time
(Use `node --trace-warnings ...` to show where the warning was created)
✔ an active deadline closes admission without replaying queued transactions (486.494542ms)
(node:27055) ExperimentalWarning: SQLite is an experimental feature and might change at any time
(Use `node --trace-warnings ...` to show where the warning was created)
(node:27055) ExperimentalWarning: SQLite is an experimental feature and might change at any time
(Use `node --trace-warnings ...` to show where the warning was created)
✔ an executor retains the supplied signed-release policy instead of trusting HTTP admission (692.946583ms)
ℹ tests 5
ℹ suites 0
ℹ pass 5
ℹ fail 0
ℹ cancelled 0
ℹ skipped 0
ℹ todo 0
ℹ duration_ms 3324.346833
