
> agat-platform@1.7.0 fleet:test-temporal-rag
> bash scripts/test-temporal-rag.sh


> @agat/coordinator@1.7.0 build
> tsc -p tsconfig.json


> @agat/temporal-worker@1.7.0 build
> tsc -p tsconfig.json && node dist/build-workflows.js

2026-09-28T02:04:53.786Z [INFO] asset workflow-bundle-1c766690c6be022b3607.js 1.28 MiB [emitted] [immutable] (name: main)
runtime modules 1.34 KiB 4 modules
modules by path ../../node_modules/@temporalio/ 391 KiB
  modules by path ../../node_modules/@temporalio/common/lib/ 167 KiB 36 modules
  modules by path ../../node_modules/@temporalio/workflow/ 224 KiB 29 modules
modules by path ../../node_modules/nexus-rpc/lib/ 22.8 KiB 13 modules
modules by path ./src/ 10.4 KiB
  ./src/workflows-autogenerated-entrypoint.cjs 520 bytes [built] [code generated]
  ./src/workflows.ts 9.84 KiB [built] [code generated]
  ./src/contracts.ts 65 bytes [built] [code generated]
optional modules 30 bytes [optional]
  __temporal_custom_payload_converter (ignored) 15 bytes [optional] [built] [code generated]
  __temporal_custom_failure_converter (ignored) 15 bytes [optional] [built] [code generated]
../../node_modules/long/umd/index.js 49.8 KiB [built] [code generated]
../../node_modules/ms/dist/index.cjs 3.41 KiB [built] [code generated]
webpack 5.109.2 compiled successfully in 238 ms
2026-09-28T02:04:53.789Z [INFO] Workflow bundle created { size: '1.28MB' }
(node:56650) ExperimentalWarning: SQLite is an experimental feature and might change at any time
(Use `node --trace-warnings ...` to show where the warning was created)
2026-09-28T02:04:58.753Z [INFO] Worker state changed {
  sdkComponent: 'worker',
  taskQueue: 'fake_replay_queue-0',
  state: 'RUNNING'
}
2026-09-28T02:04:58.791Z [INFO] Worker state changed {
  sdkComponent: 'worker',
  taskQueue: 'fake_replay_queue-0',
  state: 'STOPPING'
}
2026-09-28T02:04:58.791Z [INFO] Worker state changed {
  sdkComponent: 'worker',
  taskQueue: 'fake_replay_queue-0',
  state: 'DRAINING'
}
2026-09-28T02:04:58.792Z [INFO] Worker state changed {
  sdkComponent: 'worker',
  taskQueue: 'fake_replay_queue-0',
  state: 'DRAINED'
}
2026-09-28T02:04:58.792Z [INFO] Worker state changed {
  sdkComponent: 'worker',
  taskQueue: 'fake_replay_queue-0',
  state: 'STOPPED'
}
2026-09-28T02:04:58.805Z [INFO] Worker state changed {
  sdkComponent: 'worker',
  taskQueue: 'fake_replay_queue-1',
  state: 'RUNNING'
}
2026-09-28T02:04:58.824Z [INFO] Worker state changed {
  sdkComponent: 'worker',
  taskQueue: 'fake_replay_queue-1',
  state: 'STOPPING'
}
2026-09-28T02:04:58.824Z [INFO] Worker state changed {
  sdkComponent: 'worker',
  taskQueue: 'fake_replay_queue-1',
  state: 'DRAINING'
}
2026-09-28T02:04:58.825Z [INFO] Worker state changed {
  sdkComponent: 'worker',
  taskQueue: 'fake_replay_queue-1',
  state: 'DRAINED'
}
2026-09-28T02:04:58.825Z [INFO] Worker state changed {
  sdkComponent: 'worker',
  taskQueue: 'fake_replay_queue-1',
  state: 'STOPPED'
}
✔ Temporal parent cancellation settles application state (3580.805208ms)
2026-09-28T02:05:16.228Z [INFO] Worker state changed {
  sdkComponent: 'worker',
  taskQueue: 'fake_replay_queue-2',
  state: 'RUNNING'
}
2026-09-28T02:05:16.241Z [INFO] Worker state changed {
  sdkComponent: 'worker',
  taskQueue: 'fake_replay_queue-2',
  state: 'STOPPING'
}
2026-09-28T02:05:16.241Z [INFO] Worker state changed {
  sdkComponent: 'worker',
  taskQueue: 'fake_replay_queue-2',
  state: 'DRAINING'
}
2026-09-28T02:05:16.241Z [INFO] Worker state changed {
  sdkComponent: 'worker',
  taskQueue: 'fake_replay_queue-2',
  state: 'DRAINED'
}
2026-09-28T02:05:16.241Z [INFO] Worker state changed {
  sdkComponent: 'worker',
  taskQueue: 'fake_replay_queue-2',
  state: 'STOPPED'
}
2026-09-28T02:05:16.254Z [INFO] Worker state changed {
  sdkComponent: 'worker',
  taskQueue: 'fake_replay_queue-3',
  state: 'RUNNING'
}
2026-09-28T02:05:16.276Z [INFO] Worker state changed {
  sdkComponent: 'worker',
  taskQueue: 'fake_replay_queue-3',
  state: 'STOPPING'
}
2026-09-28T02:05:16.276Z [INFO] Worker state changed {
  sdkComponent: 'worker',
  taskQueue: 'fake_replay_queue-3',
  state: 'DRAINING'
}
2026-09-28T02:05:16.276Z [INFO] Worker state changed {
  sdkComponent: 'worker',
  taskQueue: 'fake_replay_queue-3',
  state: 'DRAINED'
}
2026-09-28T02:05:16.276Z [INFO] Worker state changed {
  sdkComponent: 'worker',
  taskQueue: 'fake_replay_queue-3',
  state: 'STOPPED'
}
✔ Temporal parent cancellation settles application state after compensation and worker restart (17472.262291ms)
(node:56651) ExperimentalWarning: SQLite is an experimental feature and might change at any time
(Use `node --trace-warnings ...` to show where the warning was created)
2026-09-28T02:07:12.865Z [INFO] Worker state changed {
  sdkComponent: 'worker',
  taskQueue: 'fake_replay_queue-0',
  state: 'RUNNING'
}
2026-09-28T02:07:12.900Z [INFO] Worker state changed {
  sdkComponent: 'worker',
  taskQueue: 'fake_replay_queue-0',
  state: 'STOPPING'
}
2026-09-28T02:07:12.900Z [INFO] Worker state changed {
  sdkComponent: 'worker',
  taskQueue: 'fake_replay_queue-0',
  state: 'DRAINING'
}
2026-09-28T02:07:12.900Z [INFO] Worker state changed {
  sdkComponent: 'worker',
  taskQueue: 'fake_replay_queue-0',
  state: 'DRAINED'
}
2026-09-28T02:07:12.900Z [INFO] Worker state changed {
  sdkComponent: 'worker',
  taskQueue: 'fake_replay_queue-0',
  state: 'STOPPED'
}
2026-09-28T02:07:12.914Z [INFO] Worker state changed {
  sdkComponent: 'worker',
  taskQueue: 'fake_replay_queue-1',
  state: 'RUNNING'
}
2026-09-28T02:07:12.932Z [INFO] Worker state changed {
  sdkComponent: 'worker',
  taskQueue: 'fake_replay_queue-1',
  state: 'STOPPING'
}
2026-09-28T02:07:12.932Z [INFO] Worker state changed {
  sdkComponent: 'worker',
  taskQueue: 'fake_replay_queue-1',
  state: 'DRAINING'
}
2026-09-28T02:07:12.932Z [INFO] Worker state changed {
  sdkComponent: 'worker',
  taskQueue: 'fake_replay_queue-1',
  state: 'DRAINED'
}
2026-09-28T02:07:12.932Z [INFO] Worker state changed {
  sdkComponent: 'worker',
  taskQueue: 'fake_replay_queue-1',
  state: 'STOPPED'
}
✔ Temporal process tick survives a long outage with recover (137836.809375ms)
2026-09-28T02:07:18.329Z [INFO] Worker state changed {
  sdkComponent: 'worker',
  taskQueue: 'fake_replay_queue-2',
  state: 'RUNNING'
}
2026-09-28T02:07:18.363Z [INFO] Worker state changed {
  sdkComponent: 'worker',
  taskQueue: 'fake_replay_queue-2',
  state: 'STOPPING'
}
2026-09-28T02:07:18.363Z [INFO] Worker state changed {
  sdkComponent: 'worker',
  taskQueue: 'fake_replay_queue-2',
  state: 'DRAINING'
}
2026-09-28T02:07:18.363Z [INFO] Worker state changed {
  sdkComponent: 'worker',
  taskQueue: 'fake_replay_queue-2',
  state: 'DRAINED'
}
2026-09-28T02:07:18.363Z [INFO] Worker state changed {
  sdkComponent: 'worker',
  taskQueue: 'fake_replay_queue-2',
  state: 'STOPPED'
}
2026-09-28T02:07:18.392Z [INFO] Worker state changed {
  sdkComponent: 'worker',
  taskQueue: 'fake_replay_queue-3',
  state: 'RUNNING'
}
2026-09-28T02:07:18.409Z [INFO] Worker state changed {
  sdkComponent: 'worker',
  taskQueue: 'fake_replay_queue-3',
  state: 'STOPPING'
}
2026-09-28T02:07:18.410Z [INFO] Worker state changed {
  sdkComponent: 'worker',
  taskQueue: 'fake_replay_queue-3',
  state: 'DRAINING'
}
2026-09-28T02:07:18.410Z [INFO] Worker state changed {
  sdkComponent: 'worker',
  taskQueue: 'fake_replay_queue-3',
  state: 'DRAINED'
}
2026-09-28T02:07:18.410Z [INFO] Worker state changed {
  sdkComponent: 'worker',
  taskQueue: 'fake_replay_queue-3',
  state: 'STOPPED'
}
✔ Temporal process tick survives a long outage with cancel (5501.615083ms)
(node:56652) ExperimentalWarning: SQLite is an experimental feature and might change at any time
(Use `node --trace-warnings ...` to show where the warning was created)
2026-09-28T02:05:13.918Z [INFO] Worker state changed {
  sdkComponent: 'worker',
  taskQueue: 'fake_replay_queue-0',
  state: 'RUNNING'
}
2026-09-28T02:05:13.968Z [INFO] Worker state changed {
  sdkComponent: 'worker',
  taskQueue: 'fake_replay_queue-0',
  state: 'STOPPING'
}
2026-09-28T02:05:13.968Z [INFO] Worker state changed {
  sdkComponent: 'worker',
  taskQueue: 'fake_replay_queue-0',
  state: 'DRAINING'
}
2026-09-28T02:05:13.968Z [INFO] Worker state changed {
  sdkComponent: 'worker',
  taskQueue: 'fake_replay_queue-0',
  state: 'DRAINED'
}
2026-09-28T02:05:13.968Z [INFO] Worker state changed {
  sdkComponent: 'worker',
  taskQueue: 'fake_replay_queue-0',
  state: 'STOPPED'
}
✔ Temporal RAG isolated: retries a lost tick reply, restores a killed worker and replays without model calls (18745.507375ms)
2026-09-28T02:05:31.468Z [INFO] Worker state changed {
  sdkComponent: 'worker',
  taskQueue: 'fake_replay_queue-1',
  state: 'RUNNING'
}
2026-09-28T02:05:31.492Z [INFO] Worker state changed {
  sdkComponent: 'worker',
  taskQueue: 'fake_replay_queue-1',
  state: 'STOPPING'
}
2026-09-28T02:05:31.492Z [INFO] Worker state changed {
  sdkComponent: 'worker',
  taskQueue: 'fake_replay_queue-1',
  state: 'DRAINING'
}
2026-09-28T02:05:31.492Z [INFO] Worker state changed {
  sdkComponent: 'worker',
  taskQueue: 'fake_replay_queue-1',
  state: 'DRAINED'
}
2026-09-28T02:05:31.492Z [INFO] Worker state changed {
  sdkComponent: 'worker',
  taskQueue: 'fake_replay_queue-1',
  state: 'STOPPED'
}
✔ Temporal RAG session: retries a lost tick reply, restores a killed worker and replays without model calls (17530.830833ms)
(node:56653) ExperimentalWarning: SQLite is an experimental feature and might change at any time
(Use `node --trace-warnings ...` to show where the warning was created)
2026-09-28T02:04:58.456Z [INFO] Worker state changed {
  sdkComponent: 'worker',
  taskQueue: 'fake_replay_queue-0',
  state: 'RUNNING'
}
2026-09-28T02:04:58.487Z [INFO] Worker state changed {
  sdkComponent: 'worker',
  taskQueue: 'fake_replay_queue-0',
  state: 'STOPPING'
}
2026-09-28T02:04:58.487Z [INFO] Worker state changed {
  sdkComponent: 'worker',
  taskQueue: 'fake_replay_queue-0',
  state: 'DRAINING'
}
2026-09-28T02:04:58.487Z [INFO] Worker state changed {
  sdkComponent: 'worker',
  taskQueue: 'fake_replay_queue-0',
  state: 'DRAINED'
}
2026-09-28T02:04:58.487Z [INFO] Worker state changed {
  sdkComponent: 'worker',
  taskQueue: 'fake_replay_queue-0',
  state: 'STOPPED'
}
✔ Temporal scheduled cancellation fences creation before-commit (3244.565292ms)
2026-09-28T02:05:00.633Z [INFO] Worker state changed {
  sdkComponent: 'worker',
  taskQueue: 'fake_replay_queue-1',
  state: 'RUNNING'
}
2026-09-28T02:05:00.642Z [INFO] Worker state changed {
  sdkComponent: 'worker',
  taskQueue: 'fake_replay_queue-1',
  state: 'STOPPING'
}
2026-09-28T02:05:00.642Z [INFO] Worker state changed {
  sdkComponent: 'worker',
  taskQueue: 'fake_replay_queue-1',
  state: 'DRAINING'
}
2026-09-28T02:05:00.642Z [INFO] Worker state changed {
  sdkComponent: 'worker',
  taskQueue: 'fake_replay_queue-1',
  state: 'DRAINED'
}
2026-09-28T02:05:00.642Z [INFO] Worker state changed {
  sdkComponent: 'worker',
  taskQueue: 'fake_replay_queue-1',
  state: 'STOPPED'
}
✔ Temporal scheduled cancellation fences creation after-commit (2152.925792ms)
2026-09-28T02:06:02.909Z [INFO] Worker state changed {
  sdkComponent: 'worker',
  taskQueue: 'fake_replay_queue-2',
  state: 'RUNNING'
}
2026-09-28T02:06:03.094Z [INFO] Worker state changed {
  sdkComponent: 'worker',
  taskQueue: 'fake_replay_queue-2',
  state: 'STOPPING'
}
2026-09-28T02:06:03.094Z [INFO] Worker state changed {
  sdkComponent: 'worker',
  taskQueue: 'fake_replay_queue-2',
  state: 'DRAINING'
}
2026-09-28T02:06:03.095Z [INFO] Worker state changed {
  sdkComponent: 'worker',
  taskQueue: 'fake_replay_queue-2',
  state: 'DRAINED'
}
2026-09-28T02:06:03.095Z [INFO] Worker state changed {
  sdkComponent: 'worker',
  taskQueue: 'fake_replay_queue-2',
  state: 'STOPPED'
}
✔ Temporal scheduled cancellation fences creation after-commit-compensating (62796.065416ms)
(node:56654) ExperimentalWarning: SQLite is an experimental feature and might change at any time
(Use `node --trace-warnings ...` to show where the warning was created)
2026-09-28T02:04:59.371Z [INFO] Worker state changed {
  sdkComponent: 'worker',
  taskQueue: 'fake_replay_queue-0',
  state: 'RUNNING'
}
2026-09-28T02:04:59.405Z [INFO] Worker state changed {
  sdkComponent: 'worker',
  taskQueue: 'fake_replay_queue-0',
  state: 'STOPPING'
}
2026-09-28T02:04:59.405Z [INFO] Worker state changed {
  sdkComponent: 'worker',
  taskQueue: 'fake_replay_queue-0',
  state: 'DRAINING'
}
2026-09-28T02:04:59.405Z [INFO] Worker state changed {
  sdkComponent: 'worker',
  taskQueue: 'fake_replay_queue-0',
  state: 'DRAINED'
}
2026-09-28T02:04:59.406Z [INFO] Worker state changed {
  sdkComponent: 'worker',
  taskQueue: 'fake_replay_queue-0',
  state: 'STOPPED'
}
✔ Temporal scheduled child keeps its parent ownership across coordinator restart before and after child start (4161.179917ms)
(node:56655) ExperimentalWarning: SQLite is an experimental feature and might change at any time
(Use `node --trace-warnings ...` to show where the warning was created)
2026-09-28T02:07:12.704Z [INFO] Worker state changed {
  sdkComponent: 'worker',
  taskQueue: 'fake_replay_queue-0',
  state: 'RUNNING'
}
2026-09-28T02:07:12.736Z [INFO] Worker state changed {
  sdkComponent: 'worker',
  taskQueue: 'fake_replay_queue-0',
  state: 'STOPPING'
}
2026-09-28T02:07:12.736Z [INFO] Worker state changed {
  sdkComponent: 'worker',
  taskQueue: 'fake_replay_queue-0',
  state: 'DRAINING'
}
2026-09-28T02:07:12.736Z [INFO] Worker state changed {
  sdkComponent: 'worker',
  taskQueue: 'fake_replay_queue-0',
  state: 'DRAINED'
}
2026-09-28T02:07:12.736Z [INFO] Worker state changed {
  sdkComponent: 'worker',
  taskQueue: 'fake_replay_queue-0',
  state: 'STOPPED'
}
✔ Temporal scheduled-start retains a committed instance through an outage beyond its former retry budget (137663.696292ms)
(node:56656) ExperimentalWarning: SQLite is an experimental feature and might change at any time
(Use `node --trace-warnings ...` to show where the warning was created)
2026-09-28T02:04:58.426Z [INFO] Worker state changed {
  sdkComponent: 'worker',
  taskQueue: 'fake_replay_queue-0',
  state: 'RUNNING'
}
2026-09-28T02:04:58.464Z [INFO] Worker state changed {
  sdkComponent: 'worker',
  taskQueue: 'fake_replay_queue-0',
  state: 'STOPPING'
}
2026-09-28T02:04:58.464Z [INFO] Worker state changed {
  sdkComponent: 'worker',
  taskQueue: 'fake_replay_queue-0',
  state: 'DRAINING'
}
2026-09-28T02:04:58.464Z [INFO] Worker state changed {
  sdkComponent: 'worker',
  taskQueue: 'fake_replay_queue-0',
  state: 'DRAINED'
}
2026-09-28T02:04:58.465Z [INFO] Worker state changed {
  sdkComponent: 'worker',
  taskQueue: 'fake_replay_queue-0',
  state: 'STOPPED'
}
✔ Temporal scheduled-start retries a lost response with one durable instance and independent subsequent occurrences (5197.066292ms)
ℹ tests 12
ℹ suites 0
ℹ pass 12
ℹ fail 0
ℹ cancelled 0
ℹ skipped 0
ℹ todo 0
ℹ duration_ms 144432.190459
