
> agat-platform@1.7.0 fleet:test-ha-postgres
> bash scripts/test-fleet-ha-postgres.sh --test-name-pattern=backfills scheduled workflow|deduplicates scheduled-start


> @agat/coordinator@1.7.0 build
> tsc -p tsconfig.json

(node:83000) ExperimentalWarning: SQLite is an experimental feature and might change at any time
(Use `node --trace-warnings ...` to show where the warning was created)
▶ PostgreSQL Fleet/HA integration
  ✖ backfills scheduled workflow ownership from the schema 28 column layout with project isolation (579.60175ms)
  ✖ deduplicates scheduled-start across concurrent coordinators and isolates durable receipts with RLS (191.896875ms)
✖ PostgreSQL Fleet/HA integration (2278.969459ms)
ℹ tests 2
ℹ suites 1
ℹ pass 0
ℹ fail 2
ℹ cancelled 0
ℹ skipped 0
ℹ todo 0
ℹ duration_ms 2875.17075

✖ failing tests:

test at apps/coordinator/test/fleet-ha-postgres.integration.test.ts:2:13432
✖ backfills scheduled workflow ownership from the schema 28 column layout with project isolation (579.60175ms)
  error: too many connections for role "agat_migrator"
      at PostgresDatabaseSync.call (/private/tmp/agat-temporal-rag-20260928/apps/coordinator/src/postgres-database.ts:220:21)
      at new PostgresDatabaseSync (/private/tmp/agat-temporal-rag-20260928/apps/coordinator/src/postgres-database.ts:154:12)
      at new AgatStore (/private/tmp/agat-temporal-rag-20260928/apps/coordinator/src/database.ts:1165:17)
      at migratePostgresSchemaAndAdmit (/private/tmp/agat-temporal-rag-20260928/apps/coordinator/src/postgres-schema-migrator.ts:203:22)
      at process.processTicksAndRejections (node:internal/process/task_queues:104:5)
      at async <anonymous> (/private/tmp/agat-temporal-rag-20260928/apps/coordinator/test/fleet-ha-postgres.integration.test.ts:380:9)
      at async TestContext.<anonymous> (/private/tmp/agat-temporal-rag-20260928/apps/coordinator/test/fleet-ha-postgres.integration.test.ts:351:5)
      at async Test.run (node:internal/test_runner/test:1125:7)
      at async Promise.all (index 0)
      at async Suite.run (node:internal/test_runner/test:1533:7) {
    code: '53300',
    detail: undefined,
    constraint: undefined
  }

test at apps/coordinator/test/fleet-ha-postgres.integration.test.ts:3:1278
✖ deduplicates scheduled-start across concurrent coordinators and isolates durable receipts with RLS (191.896875ms)
  Error: PostgreSQL schema manifest drift: runtime startup запрещён
      at AgatStore.validatePostgresSchema (/private/tmp/agat-temporal-rag-20260928/apps/coordinator/src/database.ts:3060:13)
      at new AgatStore (/private/tmp/agat-temporal-rag-20260928/apps/coordinator/src/database.ts:1265:16)
      at <anonymous> (/private/tmp/agat-temporal-rag-20260928/apps/coordinator/test/fleet-ha-postgres.integration.test.ts:395:21)
      at AsyncLocalStorage.run (node:internal/async_local_storage/async_context_frame:63:14)
      at runWithPostgresSystemScope (/private/tmp/agat-temporal-rag-20260928/apps/coordinator/src/postgres-database.ts:28:25)
      at TestContext.<anonymous> (/private/tmp/agat-temporal-rag-20260928/apps/coordinator/test/fleet-ha-postgres.integration.test.ts:393:11)
      at Test.runInAsyncScope (node:async_hooks:228:14)
      at Test.run (node:internal/test_runner/test:1118:25)
      at process.processTicksAndRejections (node:internal/process/task_queues:104:5)
      at async Suite.processPendingSubtests (node:internal/test_runner/test:787:7)
