
> agat-platform@1.7.0 test:temporal
> npm run test --workspace @agat/temporal-worker


> @agat/temporal-worker@1.7.0 test
> npm run build && node --test test/*.test.mjs && npm run replay


> @agat/temporal-worker@1.7.0 build
> tsc -p tsconfig.json && node dist/build-workflows.js

2026-09-28T00:52:43.020Z [INFO] asset workflow-bundle-9e9ed6124776fa4b9480.js 1.26 MiB [emitted] [immutable] (name: main)
runtime modules 1.34 KiB 4 modules
modules by path ../../node_modules/@temporalio/ 391 KiB
  modules by path ../../node_modules/@temporalio/common/lib/ 167 KiB 36 modules
  modules by path ../../node_modules/@temporalio/workflow/ 224 KiB 29 modules
modules by path ../../node_modules/nexus-rpc/lib/ 22.8 KiB 13 modules
modules by path ./src/ 4.02 KiB
  ./src/workflows-autogenerated-entrypoint.cjs 520 bytes [built] [code generated]
  ./src/workflows.ts 3.51 KiB [built] [code generated]
optional modules 30 bytes [optional]
  __temporal_custom_payload_converter (ignored) 15 bytes [optional] [built] [code generated]
  __temporal_custom_failure_converter (ignored) 15 bytes [optional] [built] [code generated]
../../node_modules/long/umd/index.js 49.8 KiB [built] [code generated]
../../node_modules/ms/dist/index.cjs 3.41 KiB [built] [code generated]
webpack 5.109.2 compiled successfully in 254 ms
2026-09-28T00:52:43.023Z [INFO] Workflow bundle created { size: '1.26MB' }
▶ Temporal worker production configuration
  ✔ keeps local development explicitly unversioned and insecure (0.827167ms)
  ✔ requires TLS, credentials and immutable versioning for Temporal Cloud (1.44725ms)
  ✔ rejects partial mTLS and unsafe production fallbacks (0.370167ms)
✔ Temporal worker production configuration (3.361625ms)
ℹ tests 3
ℹ suites 1
ℹ pass 3
ℹ fail 0
ℹ cancelled 0
ℹ skipped 0
ℹ todo 0
ℹ duration_ms 114.436583

> @agat/temporal-worker@1.7.0 replay
> node dist/replay-fixtures.js

2026-09-28T00:52:43.758Z [INFO] Worker state changed {
  sdkComponent: 'worker',
  taskQueue: 'agat-agat-process-completed-v1-0',
  state: 'RUNNING'
}
2026-09-28T00:52:43.806Z [INFO] Worker state changed {
  sdkComponent: 'worker',
  taskQueue: 'agat-agat-process-completed-v1-0',
  state: 'STOPPING'
}
2026-09-28T00:52:43.806Z [INFO] Worker state changed {
  sdkComponent: 'worker',
  taskQueue: 'agat-agat-process-completed-v1-0',
  state: 'DRAINING'
}
2026-09-28T00:52:43.806Z [INFO] Worker state changed {
  sdkComponent: 'worker',
  taskQueue: 'agat-agat-process-completed-v1-0',
  state: 'DRAINED'
}
2026-09-28T00:52:43.806Z [INFO] Worker state changed {
  sdkComponent: 'worker',
  taskQueue: 'agat-agat-process-completed-v1-0',
  state: 'STOPPED'
}
replay ok · agat-process-completed-v1.json · agatProcessWorkflow completes after a successful coordinator tick
2026-09-28T00:52:43.820Z [INFO] Worker state changed {
  sdkComponent: 'worker',
  taskQueue: 'agat-agat-process-update-v1-1',
  state: 'RUNNING'
}
2026-09-28T00:52:43.835Z [INFO] Worker state changed {
  sdkComponent: 'worker',
  taskQueue: 'agat-agat-process-update-v1-1',
  state: 'STOPPING'
}
2026-09-28T00:52:43.835Z [INFO] Worker state changed {
  sdkComponent: 'worker',
  taskQueue: 'agat-agat-process-update-v1-1',
  state: 'DRAINING'
}
2026-09-28T00:52:43.835Z [INFO] Worker state changed {
  sdkComponent: 'worker',
  taskQueue: 'agat-agat-process-update-v1-1',
  state: 'DRAINED'
}
2026-09-28T00:52:43.835Z [INFO] Worker state changed {
  sdkComponent: 'worker',
  taskQueue: 'agat-agat-process-update-v1-1',
  state: 'STOPPED'
}
replay ok · agat-process-update-v1.json · agatProcessWorkflow acknowledges processChangedV1 while waiting and completes after the update
2026-09-28T00:52:43.848Z [INFO] Worker state changed {
  sdkComponent: 'worker',
  taskQueue: 'agat-agat-rag-recovery-isolated-v1-2',
  state: 'RUNNING'
}
2026-09-28T00:52:43.879Z [INFO] Worker state changed {
  sdkComponent: 'worker',
  taskQueue: 'agat-agat-rag-recovery-isolated-v1-2',
  state: 'STOPPING'
}
2026-09-28T00:52:43.879Z [INFO] Worker state changed {
  sdkComponent: 'worker',
  taskQueue: 'agat-agat-rag-recovery-isolated-v1-2',
  state: 'DRAINING'
}
2026-09-28T00:52:43.879Z [INFO] Worker state changed {
  sdkComponent: 'worker',
  taskQueue: 'agat-agat-rag-recovery-isolated-v1-2',
  state: 'DRAINED'
}
2026-09-28T00:52:43.879Z [INFO] Worker state changed {
  sdkComponent: 'worker',
  taskQueue: 'agat-agat-rag-recovery-isolated-v1-2',
  state: 'STOPPED'
}
replay ok · agat-rag-recovery-isolated-v1.json · Real Temporal RAG isolated: Activity retry, durable timer, SIGKILL/restart, three primary stages with shadow/provenance
2026-09-28T00:52:43.893Z [INFO] Worker state changed {
  sdkComponent: 'worker',
  taskQueue: 'agat-agat-rag-recovery-session-v1-3',
  state: 'RUNNING'
}
2026-09-28T00:52:43.907Z [INFO] Worker state changed {
  sdkComponent: 'worker',
  taskQueue: 'agat-agat-rag-recovery-session-v1-3',
  state: 'STOPPING'
}
2026-09-28T00:52:43.907Z [INFO] Worker state changed {
  sdkComponent: 'worker',
  taskQueue: 'agat-agat-rag-recovery-session-v1-3',
  state: 'DRAINING'
}
2026-09-28T00:52:43.907Z [INFO] Worker state changed {
  sdkComponent: 'worker',
  taskQueue: 'agat-agat-rag-recovery-session-v1-3',
  state: 'DRAINED'
}
2026-09-28T00:52:43.907Z [INFO] Worker state changed {
  sdkComponent: 'worker',
  taskQueue: 'agat-agat-rag-recovery-session-v1-3',
  state: 'STOPPED'
}
replay ok · agat-rag-recovery-session-v1.json · Real Temporal RAG session: Activity retry, durable timer, SIGKILL/restart, three primary stages with shadow/provenance
2026-09-28T00:52:43.918Z [INFO] Worker state changed {
  sdkComponent: 'worker',
  taskQueue: 'agat-agat-scheduled-owner-recovery-v1-4',
  state: 'RUNNING'
}
2026-09-28T00:52:43.930Z [INFO] Worker state changed {
  sdkComponent: 'worker',
  taskQueue: 'agat-agat-scheduled-owner-recovery-v1-4',
  state: 'STOPPING'
}
2026-09-28T00:52:43.930Z [INFO] Worker state changed {
  sdkComponent: 'worker',
  taskQueue: 'agat-agat-scheduled-owner-recovery-v1-4',
  state: 'DRAINING'
}
2026-09-28T00:52:43.930Z [INFO] Worker state changed {
  sdkComponent: 'worker',
  taskQueue: 'agat-agat-scheduled-owner-recovery-v1-4',
  state: 'DRAINED'
}
2026-09-28T00:52:43.930Z [INFO] Worker state changed {
  sdkComponent: 'worker',
  taskQueue: 'agat-agat-scheduled-owner-recovery-v1-4',
  state: 'STOPPED'
}
replay ok · agat-scheduled-owner-recovery-v1.json · Real scheduled parent after lost start acknowledgement and two coordinator SIGKILL/restarts, before and after child start; preserves parent linkage and one child run. Client identities normalized.
2026-09-28T00:52:43.943Z [INFO] Worker state changed {
  sdkComponent: 'worker',
  taskQueue: 'agat-agat-scheduled-parent-child-v1-5',
  state: 'RUNNING'
}
2026-09-28T00:52:43.951Z [INFO] Worker state changed {
  sdkComponent: 'worker',
  taskQueue: 'agat-agat-scheduled-parent-child-v1-5',
  state: 'STOPPING'
}
2026-09-28T00:52:43.951Z [INFO] Worker state changed {
  sdkComponent: 'worker',
  taskQueue: 'agat-agat-scheduled-parent-child-v1-5',
  state: 'DRAINING'
}
2026-09-28T00:52:43.951Z [INFO] Worker state changed {
  sdkComponent: 'worker',
  taskQueue: 'agat-agat-scheduled-parent-child-v1-5',
  state: 'DRAINED'
}
2026-09-28T00:52:43.951Z [INFO] Worker state changed {
  sdkComponent: 'worker',
  taskQueue: 'agat-agat-scheduled-parent-child-v1-5',
  state: 'STOPPED'
}
replay ok · agat-scheduled-parent-child-v1.json · agatScheduledProcessWorkflow creates an instance and completes through a child agatProcessWorkflow
2026-09-28T00:52:43.964Z [INFO] Worker state changed {
  sdkComponent: 'worker',
  taskQueue: 'agat-agat-scheduled-start-retry-v1-6',
  state: 'RUNNING'
}
2026-09-28T00:52:43.970Z [INFO] Worker state changed {
  sdkComponent: 'worker',
  taskQueue: 'agat-agat-scheduled-start-retry-v1-6',
  state: 'STOPPING'
}
2026-09-28T00:52:43.971Z [INFO] Worker state changed {
  sdkComponent: 'worker',
  taskQueue: 'agat-agat-scheduled-start-retry-v1-6',
  state: 'DRAINING'
}
2026-09-28T00:52:43.971Z [INFO] Worker state changed {
  sdkComponent: 'worker',
  taskQueue: 'agat-agat-scheduled-start-retry-v1-6',
  state: 'DRAINED'
}
2026-09-28T00:52:43.971Z [INFO] Worker state changed {
  sdkComponent: 'worker',
  taskQueue: 'agat-agat-scheduled-start-retry-v1-6',
  state: 'STOPPED'
}
replay ok · agat-scheduled-start-retry-v1.json · Real scheduled-start lost HTTP acknowledgement: Activity attempt 2 reuses one instance and starts one child workflow. Client identity normalized for the fixture.
