
> agat-platform@1.7.0 test:temporal
> npm run test --workspace @agat/temporal-worker


> @agat/temporal-worker@1.7.0 test
> npm run build && node --test test/*.test.mjs && npm run replay


> @agat/temporal-worker@1.7.0 build
> tsc -p tsconfig.json && node dist/build-workflows.js

2026-09-28T01:40:08.561Z [INFO] asset workflow-bundle-317d11c3532d75803d01.js 1.27 MiB [emitted] [immutable] (name: main)
runtime modules 1.34 KiB 4 modules
modules by path ../../node_modules/@temporalio/ 391 KiB
  modules by path ../../node_modules/@temporalio/common/lib/ 167 KiB 36 modules
  modules by path ../../node_modules/@temporalio/workflow/ 224 KiB 29 modules
modules by path ../../node_modules/nexus-rpc/lib/ 22.8 KiB 13 modules
modules by path ./src/ 8.96 KiB
  ./src/workflows-autogenerated-entrypoint.cjs 520 bytes [built] [code generated]
  ./src/workflows.ts 8.39 KiB [built] [code generated]
  ./src/contracts.ts 65 bytes [built] [code generated]
optional modules 30 bytes [optional]
  __temporal_custom_payload_converter (ignored) 15 bytes [optional] [built] [code generated]
  __temporal_custom_failure_converter (ignored) 15 bytes [optional] [built] [code generated]
../../node_modules/long/umd/index.js 49.8 KiB [built] [code generated]
../../node_modules/ms/dist/index.cjs 3.41 KiB [built] [code generated]
webpack 5.109.2 compiled successfully in 251 ms
2026-09-28T01:40:08.564Z [INFO] Workflow bundle created { size: '1.27MB' }
▶ Temporal worker production configuration
  ✔ keeps local development explicitly unversioned and insecure (0.851084ms)
  ✔ requires TLS, credentials and immutable versioning for Temporal Cloud (1.056666ms)
  ✔ rejects partial mTLS and unsafe production fallbacks (0.28525ms)
✔ Temporal worker production configuration (2.907417ms)
ℹ tests 3
ℹ suites 1
ℹ pass 3
ℹ fail 0
ℹ cancelled 0
ℹ skipped 0
ℹ todo 0
ℹ duration_ms 100.265375

> @agat/temporal-worker@1.7.0 replay
> node dist/replay-fixtures.js

2026-09-28T01:40:09.183Z [INFO] Worker state changed {
  sdkComponent: 'worker',
  taskQueue: 'agat-agat-parent-cancelled-cancellation-v1-0',
  state: 'RUNNING'
}
2026-09-28T01:40:09.240Z [INFO] Worker state changed {
  sdkComponent: 'worker',
  taskQueue: 'agat-agat-parent-cancelled-cancellation-v1-0',
  state: 'STOPPING'
}
2026-09-28T01:40:09.241Z [INFO] Worker state changed {
  sdkComponent: 'worker',
  taskQueue: 'agat-agat-parent-cancelled-cancellation-v1-0',
  state: 'DRAINING'
}
2026-09-28T01:40:09.241Z [INFO] Worker state changed {
  sdkComponent: 'worker',
  taskQueue: 'agat-agat-parent-cancelled-cancellation-v1-0',
  state: 'DRAINED'
}
2026-09-28T01:40:09.241Z [INFO] Worker state changed {
  sdkComponent: 'worker',
  taskQueue: 'agat-agat-parent-cancelled-cancellation-v1-0',
  state: 'STOPPED'
}
replay ok · agat-parent-cancelled-cancellation-v1.json · Lost cancellation HTTP reply; idempotent application cleanup before Temporal cancellation
2026-09-28T01:40:09.254Z [INFO] Worker state changed {
  sdkComponent: 'worker',
  taskQueue: 'agat-agat-parent-cancelled-compensation-v1-1',
  state: 'RUNNING'
}
2026-09-28T01:40:09.263Z [INFO] Worker state changed {
  sdkComponent: 'worker',
  taskQueue: 'agat-agat-parent-cancelled-compensation-v1-1',
  state: 'STOPPING'
}
2026-09-28T01:40:09.263Z [INFO] Worker state changed {
  sdkComponent: 'worker',
  taskQueue: 'agat-agat-parent-cancelled-compensation-v1-1',
  state: 'DRAINING'
}
2026-09-28T01:40:09.263Z [INFO] Worker state changed {
  sdkComponent: 'worker',
  taskQueue: 'agat-agat-parent-cancelled-compensation-v1-1',
  state: 'DRAINED'
}
2026-09-28T01:40:09.264Z [INFO] Worker state changed {
  sdkComponent: 'worker',
  taskQueue: 'agat-agat-parent-cancelled-compensation-v1-1',
  state: 'STOPPED'
}
replay ok · agat-parent-cancelled-compensation-v1.json · Compensation completes after cancellation commit and Temporal worker SIGKILL/restart
2026-09-28T01:40:09.275Z [INFO] Worker state changed {
  sdkComponent: 'worker',
  taskQueue: 'agat-agat-parent-cancelled-legacy-v1-2',
  state: 'RUNNING'
}
2026-09-28T01:40:09.282Z [INFO] Worker state changed {
  sdkComponent: 'worker',
  taskQueue: 'agat-agat-parent-cancelled-legacy-v1-2',
  state: 'STOPPING'
}
2026-09-28T01:40:09.282Z [INFO] Worker state changed {
  sdkComponent: 'worker',
  taskQueue: 'agat-agat-parent-cancelled-legacy-v1-2',
  state: 'DRAINING'
}
2026-09-28T01:40:09.282Z [INFO] Worker state changed {
  sdkComponent: 'worker',
  taskQueue: 'agat-agat-parent-cancelled-legacy-v1-2',
  state: 'DRAINED'
}
2026-09-28T01:40:09.282Z [INFO] Worker state changed {
  sdkComponent: 'worker',
  taskQueue: 'agat-agat-parent-cancelled-legacy-v1-2',
  state: 'STOPPED'
}
replay ok · agat-parent-cancelled-legacy-v1.json · Legacy cancellation before application cleanup patch; replay must retain the recorded command sequence
2026-09-28T01:40:09.294Z [INFO] Worker state changed {
  sdkComponent: 'worker',
  taskQueue: 'agat-agat-process-cancelled-cancellation-v1-3',
  state: 'RUNNING'
}
2026-09-28T01:40:09.312Z [INFO] Worker state changed {
  sdkComponent: 'worker',
  taskQueue: 'agat-agat-process-cancelled-cancellation-v1-3',
  state: 'STOPPING'
}
2026-09-28T01:40:09.312Z [INFO] Worker state changed {
  sdkComponent: 'worker',
  taskQueue: 'agat-agat-process-cancelled-cancellation-v1-3',
  state: 'DRAINING'
}
2026-09-28T01:40:09.312Z [INFO] Worker state changed {
  sdkComponent: 'worker',
  taskQueue: 'agat-agat-process-cancelled-cancellation-v1-3',
  state: 'DRAINED'
}
2026-09-28T01:40:09.312Z [INFO] Worker state changed {
  sdkComponent: 'worker',
  taskQueue: 'agat-agat-process-cancelled-cancellation-v1-3',
  state: 'STOPPED'
}
replay ok · agat-process-cancelled-cancellation-v1.json · Lost cancellation HTTP reply; idempotent application cleanup before Temporal cancellation
2026-09-28T01:40:09.325Z [INFO] Worker state changed {
  sdkComponent: 'worker',
  taskQueue: 'agat-agat-process-cancelled-compensation-v1-4',
  state: 'RUNNING'
}
2026-09-28T01:40:09.345Z [INFO] Worker state changed {
  sdkComponent: 'worker',
  taskQueue: 'agat-agat-process-cancelled-compensation-v1-4',
  state: 'STOPPING'
}
2026-09-28T01:40:09.345Z [INFO] Worker state changed {
  sdkComponent: 'worker',
  taskQueue: 'agat-agat-process-cancelled-compensation-v1-4',
  state: 'DRAINING'
}
2026-09-28T01:40:09.345Z [INFO] Worker state changed {
  sdkComponent: 'worker',
  taskQueue: 'agat-agat-process-cancelled-compensation-v1-4',
  state: 'DRAINED'
}
2026-09-28T01:40:09.345Z [INFO] Worker state changed {
  sdkComponent: 'worker',
  taskQueue: 'agat-agat-process-cancelled-compensation-v1-4',
  state: 'STOPPED'
}
replay ok · agat-process-cancelled-compensation-v1.json · Compensation completes after cancellation commit and Temporal worker SIGKILL/restart
2026-09-28T01:40:09.355Z [INFO] Worker state changed {
  sdkComponent: 'worker',
  taskQueue: 'agat-agat-process-cancelled-legacy-v1-5',
  state: 'RUNNING'
}
2026-09-28T01:40:09.361Z [INFO] Worker state changed {
  sdkComponent: 'worker',
  taskQueue: 'agat-agat-process-cancelled-legacy-v1-5',
  state: 'STOPPING'
}
2026-09-28T01:40:09.361Z [INFO] Worker state changed {
  sdkComponent: 'worker',
  taskQueue: 'agat-agat-process-cancelled-legacy-v1-5',
  state: 'DRAINING'
}
2026-09-28T01:40:09.361Z [INFO] Worker state changed {
  sdkComponent: 'worker',
  taskQueue: 'agat-agat-process-cancelled-legacy-v1-5',
  state: 'DRAINED'
}
2026-09-28T01:40:09.361Z [INFO] Worker state changed {
  sdkComponent: 'worker',
  taskQueue: 'agat-agat-process-cancelled-legacy-v1-5',
  state: 'STOPPED'
}
replay ok · agat-process-cancelled-legacy-v1.json · Legacy cancellation before application cleanup patch; replay must retain the recorded command sequence
2026-09-28T01:40:09.371Z [INFO] Worker state changed {
  sdkComponent: 'worker',
  taskQueue: 'agat-agat-process-completed-v1-6',
  state: 'RUNNING'
}
2026-09-28T01:40:09.376Z [INFO] Worker state changed {
  sdkComponent: 'worker',
  taskQueue: 'agat-agat-process-completed-v1-6',
  state: 'STOPPING'
}
2026-09-28T01:40:09.376Z [INFO] Worker state changed {
  sdkComponent: 'worker',
  taskQueue: 'agat-agat-process-completed-v1-6',
  state: 'DRAINING'
}
2026-09-28T01:40:09.376Z [INFO] Worker state changed {
  sdkComponent: 'worker',
  taskQueue: 'agat-agat-process-completed-v1-6',
  state: 'DRAINED'
}
2026-09-28T01:40:09.376Z [INFO] Worker state changed {
  sdkComponent: 'worker',
  taskQueue: 'agat-agat-process-completed-v1-6',
  state: 'STOPPED'
}
replay ok · agat-process-completed-v1.json · agatProcessWorkflow completes after a successful coordinator tick
2026-09-28T01:40:09.386Z [INFO] Worker state changed {
  sdkComponent: 'worker',
  taskQueue: 'agat-agat-process-update-v1-7',
  state: 'RUNNING'
}
2026-09-28T01:40:09.393Z [INFO] Worker state changed {
  sdkComponent: 'worker',
  taskQueue: 'agat-agat-process-update-v1-7',
  state: 'STOPPING'
}
2026-09-28T01:40:09.393Z [INFO] Worker state changed {
  sdkComponent: 'worker',
  taskQueue: 'agat-agat-process-update-v1-7',
  state: 'DRAINING'
}
2026-09-28T01:40:09.393Z [INFO] Worker state changed {
  sdkComponent: 'worker',
  taskQueue: 'agat-agat-process-update-v1-7',
  state: 'DRAINED'
}
2026-09-28T01:40:09.393Z [INFO] Worker state changed {
  sdkComponent: 'worker',
  taskQueue: 'agat-agat-process-update-v1-7',
  state: 'STOPPED'
}
replay ok · agat-process-update-v1.json · agatProcessWorkflow acknowledges processChangedV1 while waiting and completes after the update
2026-09-28T01:40:09.405Z [INFO] Worker state changed {
  sdkComponent: 'worker',
  taskQueue: 'agat-agat-rag-recovery-isolated-v1-8',
  state: 'RUNNING'
}
2026-09-28T01:40:09.420Z [INFO] Worker state changed {
  sdkComponent: 'worker',
  taskQueue: 'agat-agat-rag-recovery-isolated-v1-8',
  state: 'STOPPING'
}
2026-09-28T01:40:09.420Z [INFO] Worker state changed {
  sdkComponent: 'worker',
  taskQueue: 'agat-agat-rag-recovery-isolated-v1-8',
  state: 'DRAINING'
}
2026-09-28T01:40:09.420Z [INFO] Worker state changed {
  sdkComponent: 'worker',
  taskQueue: 'agat-agat-rag-recovery-isolated-v1-8',
  state: 'DRAINED'
}
2026-09-28T01:40:09.420Z [INFO] Worker state changed {
  sdkComponent: 'worker',
  taskQueue: 'agat-agat-rag-recovery-isolated-v1-8',
  state: 'STOPPED'
}
replay ok · agat-rag-recovery-isolated-v1.json · Real Temporal RAG isolated: Activity retry, durable timer, SIGKILL/restart, three primary stages with shadow/provenance
2026-09-28T01:40:09.439Z [INFO] Worker state changed {
  sdkComponent: 'worker',
  taskQueue: 'agat-agat-rag-recovery-session-v1-9',
  state: 'RUNNING'
}
2026-09-28T01:40:09.451Z [INFO] Worker state changed {
  sdkComponent: 'worker',
  taskQueue: 'agat-agat-rag-recovery-session-v1-9',
  state: 'STOPPING'
}
2026-09-28T01:40:09.451Z [INFO] Worker state changed {
  sdkComponent: 'worker',
  taskQueue: 'agat-agat-rag-recovery-session-v1-9',
  state: 'DRAINING'
}
2026-09-28T01:40:09.451Z [INFO] Worker state changed {
  sdkComponent: 'worker',
  taskQueue: 'agat-agat-rag-recovery-session-v1-9',
  state: 'DRAINED'
}
2026-09-28T01:40:09.451Z [INFO] Worker state changed {
  sdkComponent: 'worker',
  taskQueue: 'agat-agat-rag-recovery-session-v1-9',
  state: 'STOPPED'
}
replay ok · agat-rag-recovery-session-v1.json · Real Temporal RAG session: Activity retry, durable timer, SIGKILL/restart, three primary stages with shadow/provenance
2026-09-28T01:40:09.463Z [INFO] Worker state changed {
  sdkComponent: 'worker',
  taskQueue: 'agat-agat-scheduled-cancel-after-commit-compensating-v1-10',
  state: 'RUNNING'
}
2026-09-28T01:40:09.471Z [INFO] Worker state changed {
  sdkComponent: 'worker',
  taskQueue: 'agat-agat-scheduled-cancel-after-commit-compensating-v1-10',
  state: 'STOPPING'
}
2026-09-28T01:40:09.471Z [INFO] Worker state changed {
  sdkComponent: 'worker',
  taskQueue: 'agat-agat-scheduled-cancel-after-commit-compensating-v1-10',
  state: 'DRAINING'
}
2026-09-28T01:40:09.472Z [INFO] Worker state changed {
  sdkComponent: 'worker',
  taskQueue: 'agat-agat-scheduled-cancel-after-commit-compensating-v1-10',
  state: 'DRAINED'
}
2026-09-28T01:40:09.472Z [INFO] Worker state changed {
  sdkComponent: 'worker',
  taskQueue: 'agat-agat-scheduled-cancel-after-commit-compensating-v1-10',
  state: 'STOPPED'
}
replay ok · agat-scheduled-cancel-after-commit-compensating-v1.json · Scheduled creation cancellation intent at after-commit-compensating; lost cleanup reply and durable fencing
2026-09-28T01:40:09.482Z [INFO] Worker state changed {
  sdkComponent: 'worker',
  taskQueue: 'agat-agat-scheduled-cancel-after-commit-v1-11',
  state: 'RUNNING'
}
2026-09-28T01:40:09.487Z [INFO] Worker state changed {
  sdkComponent: 'worker',
  taskQueue: 'agat-agat-scheduled-cancel-after-commit-v1-11',
  state: 'STOPPING'
}
2026-09-28T01:40:09.487Z [INFO] Worker state changed {
  sdkComponent: 'worker',
  taskQueue: 'agat-agat-scheduled-cancel-after-commit-v1-11',
  state: 'DRAINING'
}
2026-09-28T01:40:09.487Z [INFO] Worker state changed {
  sdkComponent: 'worker',
  taskQueue: 'agat-agat-scheduled-cancel-after-commit-v1-11',
  state: 'DRAINED'
}
2026-09-28T01:40:09.487Z [INFO] Worker state changed {
  sdkComponent: 'worker',
  taskQueue: 'agat-agat-scheduled-cancel-after-commit-v1-11',
  state: 'STOPPED'
}
replay ok · agat-scheduled-cancel-after-commit-v1.json · Scheduled creation cancellation intent at after-commit; lost cleanup reply and durable fencing
2026-09-28T01:40:09.503Z [INFO] Worker state changed {
  sdkComponent: 'worker',
  taskQueue: 'agat-agat-scheduled-cancel-before-commit-v1-12',
  state: 'RUNNING'
}
2026-09-28T01:40:09.509Z [INFO] Worker state changed {
  sdkComponent: 'worker',
  taskQueue: 'agat-agat-scheduled-cancel-before-commit-v1-12',
  state: 'STOPPING'
}
2026-09-28T01:40:09.509Z [INFO] Worker state changed {
  sdkComponent: 'worker',
  taskQueue: 'agat-agat-scheduled-cancel-before-commit-v1-12',
  state: 'DRAINING'
}
2026-09-28T01:40:09.509Z [INFO] Worker state changed {
  sdkComponent: 'worker',
  taskQueue: 'agat-agat-scheduled-cancel-before-commit-v1-12',
  state: 'DRAINED'
}
2026-09-28T01:40:09.509Z [INFO] Worker state changed {
  sdkComponent: 'worker',
  taskQueue: 'agat-agat-scheduled-cancel-before-commit-v1-12',
  state: 'STOPPED'
}
replay ok · agat-scheduled-cancel-before-commit-v1.json · Scheduled creation cancellation intent at before-commit; lost cleanup reply and durable fencing
2026-09-28T01:40:09.520Z [INFO] Worker state changed {
  sdkComponent: 'worker',
  taskQueue: 'agat-agat-scheduled-cancel-legacy-after-commit-v1-13',
  state: 'RUNNING'
}
2026-09-28T01:40:09.524Z [INFO] Worker state changed {
  sdkComponent: 'worker',
  taskQueue: 'agat-agat-scheduled-cancel-legacy-after-commit-v1-13',
  state: 'STOPPING'
}
2026-09-28T01:40:09.525Z [INFO] Worker state changed {
  sdkComponent: 'worker',
  taskQueue: 'agat-agat-scheduled-cancel-legacy-after-commit-v1-13',
  state: 'DRAINING'
}
2026-09-28T01:40:09.525Z [INFO] Worker state changed {
  sdkComponent: 'worker',
  taskQueue: 'agat-agat-scheduled-cancel-legacy-after-commit-v1-13',
  state: 'DRAINED'
}
2026-09-28T01:40:09.525Z [INFO] Worker state changed {
  sdkComponent: 'worker',
  taskQueue: 'agat-agat-scheduled-cancel-legacy-after-commit-v1-13',
  state: 'STOPPED'
}
replay ok · agat-scheduled-cancel-legacy-after-commit-v1.json · Legacy scheduled parent cancelled before child creation; retain old command sequence on replay
2026-09-28T01:40:09.539Z [INFO] Worker state changed {
  sdkComponent: 'worker',
  taskQueue: 'agat-agat-scheduled-cancel-legacy-before-commit-v1-14',
  state: 'RUNNING'
}
2026-09-28T01:40:09.548Z [INFO] Worker state changed {
  sdkComponent: 'worker',
  taskQueue: 'agat-agat-scheduled-cancel-legacy-before-commit-v1-14',
  state: 'STOPPING'
}
2026-09-28T01:40:09.548Z [INFO] Worker state changed {
  sdkComponent: 'worker',
  taskQueue: 'agat-agat-scheduled-cancel-legacy-before-commit-v1-14',
  state: 'DRAINING'
}
2026-09-28T01:40:09.548Z [INFO] Worker state changed {
  sdkComponent: 'worker',
  taskQueue: 'agat-agat-scheduled-cancel-legacy-before-commit-v1-14',
  state: 'DRAINED'
}
2026-09-28T01:40:09.549Z [INFO] Worker state changed {
  sdkComponent: 'worker',
  taskQueue: 'agat-agat-scheduled-cancel-legacy-before-commit-v1-14',
  state: 'STOPPED'
}
replay ok · agat-scheduled-cancel-legacy-before-commit-v1.json · Legacy scheduled parent cancelled before child creation; retain old command sequence on replay
2026-09-28T01:40:09.567Z [INFO] Worker state changed {
  sdkComponent: 'worker',
  taskQueue: 'agat-agat-scheduled-owner-recovery-v1-15',
  state: 'RUNNING'
}
2026-09-28T01:40:09.575Z [INFO] Worker state changed {
  sdkComponent: 'worker',
  taskQueue: 'agat-agat-scheduled-owner-recovery-v1-15',
  state: 'STOPPING'
}
2026-09-28T01:40:09.575Z [INFO] Worker state changed {
  sdkComponent: 'worker',
  taskQueue: 'agat-agat-scheduled-owner-recovery-v1-15',
  state: 'DRAINING'
}
2026-09-28T01:40:09.575Z [INFO] Worker state changed {
  sdkComponent: 'worker',
  taskQueue: 'agat-agat-scheduled-owner-recovery-v1-15',
  state: 'DRAINED'
}
2026-09-28T01:40:09.575Z [INFO] Worker state changed {
  sdkComponent: 'worker',
  taskQueue: 'agat-agat-scheduled-owner-recovery-v1-15',
  state: 'STOPPED'
}
replay ok · agat-scheduled-owner-recovery-v1.json · Real scheduled parent after lost start acknowledgement and two coordinator SIGKILL/restarts, before and after child start; preserves parent linkage and one child run. Client identities normalized.
2026-09-28T01:40:09.587Z [INFO] Worker state changed {
  sdkComponent: 'worker',
  taskQueue: 'agat-agat-scheduled-parent-child-v1-16',
  state: 'RUNNING'
}
2026-09-28T01:40:09.592Z [INFO] Worker state changed {
  sdkComponent: 'worker',
  taskQueue: 'agat-agat-scheduled-parent-child-v1-16',
  state: 'STOPPING'
}
2026-09-28T01:40:09.592Z [INFO] Worker state changed {
  sdkComponent: 'worker',
  taskQueue: 'agat-agat-scheduled-parent-child-v1-16',
  state: 'DRAINING'
}
2026-09-28T01:40:09.592Z [INFO] Worker state changed {
  sdkComponent: 'worker',
  taskQueue: 'agat-agat-scheduled-parent-child-v1-16',
  state: 'DRAINED'
}
2026-09-28T01:40:09.592Z [INFO] Worker state changed {
  sdkComponent: 'worker',
  taskQueue: 'agat-agat-scheduled-parent-child-v1-16',
  state: 'STOPPED'
}
replay ok · agat-scheduled-parent-child-v1.json · agatScheduledProcessWorkflow creates an instance and completes through a child agatProcessWorkflow
2026-09-28T01:40:09.604Z [INFO] Worker state changed {
  sdkComponent: 'worker',
  taskQueue: 'agat-agat-scheduled-start-retry-v1-17',
  state: 'RUNNING'
}
2026-09-28T01:40:09.610Z [INFO] Worker state changed {
  sdkComponent: 'worker',
  taskQueue: 'agat-agat-scheduled-start-retry-v1-17',
  state: 'STOPPING'
}
2026-09-28T01:40:09.610Z [INFO] Worker state changed {
  sdkComponent: 'worker',
  taskQueue: 'agat-agat-scheduled-start-retry-v1-17',
  state: 'DRAINING'
}
2026-09-28T01:40:09.610Z [INFO] Worker state changed {
  sdkComponent: 'worker',
  taskQueue: 'agat-agat-scheduled-start-retry-v1-17',
  state: 'DRAINED'
}
2026-09-28T01:40:09.610Z [INFO] Worker state changed {
  sdkComponent: 'worker',
  taskQueue: 'agat-agat-scheduled-start-retry-v1-17',
  state: 'STOPPED'
}
replay ok · agat-scheduled-start-retry-v1.json · Real scheduled-start lost HTTP acknowledgement: Activity attempt 2 reuses one instance and starts one child workflow. Client identity normalized for the fixture.
