
> agat-platform@1.7.0 fleet:test-temporal-postgres-rag
> bash scripts/test-temporal-postgres-rag.sh --test-skip-pattern=/(recover|cancel|interrupt|query-interrupt|search-interrupt|worker-crash|completion-crash):


> @agat/coordinator@1.7.0 build
> tsc -p tsconfig.json

(node:89751) ExperimentalWarning: SQLite is an experimental feature and might change at any time
(Use `node --trace-warnings ...` to show where the warning was created)
{"schemaVersion":30,"contractId":"agat-scheduled-cancellation-intent-v30","admissionReportSha256":"360dc1e3207c454d794fb1023c7126b098698a0171711fd76664aace78610fec","admissionOperations":2036,"admissionP99Ms":1.567}

> @agat/coordinator@1.7.0 build
> tsc -p tsconfig.json


> @agat/temporal-worker@1.7.0 build
> tsc -p tsconfig.json && node dist/build-workflows.js

2026-09-28T04:42:44.681Z [INFO] asset workflow-bundle-1c766690c6be022b3607.js 1.28 MiB [emitted] [immutable] (name: main)
runtime modules 1.34 KiB 4 modules
modules by path ../../node_modules/@temporalio/ 391 KiB
  modules by path ../../node_modules/@temporalio/common/lib/ 167 KiB 36 modules
  modules by path ../../node_modules/@temporalio/workflow/ 224 KiB 29 modules
modules by path ../../node_modules/nexus-rpc/lib/ 22.8 KiB 13 modules
modules by path ./src/ 10.4 KiB
  ./src/workflows-autogenerated-entrypoint.cjs 520 bytes [built] [code generated]
  ./src/workflows.ts 9.84 KiB [built] [code generated]
  ./src/contracts.ts 65 bytes [built] [code generated]
optional modules 30 bytes [optional]
  __temporal_custom_payload_converter (ignored) 15 bytes [optional] [built] [code generated]
  __temporal_custom_failure_converter (ignored) 15 bytes [optional] [built] [code generated]
../../node_modules/long/umd/index.js 49.8 KiB [built] [code generated]
../../node_modules/ms/dist/index.cjs 3.41 KiB [built] [code generated]
webpack 5.109.2 compiled successfully in 256 ms
2026-09-28T04:42:44.684Z [INFO] Workflow bundle created { size: '1.28MB' }
(node:89874) ExperimentalWarning: SQLite is an experimental feature and might change at any time
(Use `node --trace-warnings ...` to show where the warning was created)
✔ apps/coordinator/test/temporal-cancellation.integration.test.ts (1464.626584ms)
(node:89875) ExperimentalWarning: SQLite is an experimental feature and might change at any time
(Use `node --trace-warnings ...` to show where the warning was created)
✔ apps/coordinator/test/temporal-process-retry.integration.test.ts (1459.411333ms)
(node:89876) ExperimentalWarning: SQLite is an experimental feature and might change at any time
(Use `node --trace-warnings ...` to show where the warning was created)
2026-09-28T04:43:14.902Z [INFO] Worker state changed {
  sdkComponent: 'worker',
  taskQueue: 'fake_replay_queue-0',
  state: 'RUNNING'
}
2026-09-28T04:43:14.952Z [INFO] Worker state changed {
  sdkComponent: 'worker',
  taskQueue: 'fake_replay_queue-0',
  state: 'STOPPING'
}
2026-09-28T04:43:14.952Z [INFO] Worker state changed {
  sdkComponent: 'worker',
  taskQueue: 'fake_replay_queue-0',
  state: 'DRAINING'
}
2026-09-28T04:43:14.953Z [INFO] Worker state changed {
  sdkComponent: 'worker',
  taskQueue: 'fake_replay_queue-0',
  state: 'DRAINED'
}
2026-09-28T04:43:14.953Z [INFO] Worker state changed {
  sdkComponent: 'worker',
  taskQueue: 'fake_replay_queue-0',
  state: 'STOPPED'
}
✔ Temporal RAG postgresql/isolated/coordinator-crash: preserves committed completion through coordinator SIGKILL, tick retry and restart (27427.679166ms)
2026-09-28T04:43:42.285Z [INFO] Worker state changed {
  sdkComponent: 'worker',
  taskQueue: 'fake_replay_queue-1',
  state: 'RUNNING'
}
2026-09-28T04:43:42.324Z [INFO] Worker state changed {
  sdkComponent: 'worker',
  taskQueue: 'fake_replay_queue-1',
  state: 'STOPPING'
}
2026-09-28T04:43:42.324Z [INFO] Worker state changed {
  sdkComponent: 'worker',
  taskQueue: 'fake_replay_queue-1',
  state: 'DRAINING'
}
2026-09-28T04:43:42.324Z [INFO] Worker state changed {
  sdkComponent: 'worker',
  taskQueue: 'fake_replay_queue-1',
  state: 'DRAINED'
}
2026-09-28T04:43:42.324Z [INFO] Worker state changed {
  sdkComponent: 'worker',
  taskQueue: 'fake_replay_queue-1',
  state: 'STOPPED'
}
✔ Temporal RAG postgresql/session/coordinator-crash: preserves committed completion through coordinator SIGKILL, tick retry and restart (27410.969209ms)
(node:89877) ExperimentalWarning: SQLite is an experimental feature and might change at any time
(Use `node --trace-warnings ...` to show where the warning was created)
✔ apps/coordinator/test/temporal-scheduled-cancellation.integration.test.ts (1441.848875ms)
(node:89878) ExperimentalWarning: SQLite is an experimental feature and might change at any time
(Use `node --trace-warnings ...` to show where the warning was created)
✔ apps/coordinator/test/temporal-scheduled-reconciliation.integration.test.ts (1440.525083ms)
(node:89879) ExperimentalWarning: SQLite is an experimental feature and might change at any time
(Use `node --trace-warnings ...` to show where the warning was created)
✔ apps/coordinator/test/temporal-scheduled-retry.integration.test.ts (1452.027ms)
(node:89880) ExperimentalWarning: SQLite is an experimental feature and might change at any time
(Use `node --trace-warnings ...` to show where the warning was created)
✔ apps/coordinator/test/temporal-scheduled-start.integration.test.ts (1463.767083ms)
ℹ tests 8
ℹ suites 0
ℹ pass 8
ℹ fail 0
ℹ cancelled 0
ℹ skipped 0
ℹ todo 0
ℹ duration_ms 56337.645458
