warm-d768-b1-direct: 1 calls, fd 6->6
warm-d768-b1-isolated: 1 calls, fd 6->6
warm-d768-b32-direct: 1 calls, fd 6->6
warm-d768-b32-isolated: 1 calls, fd 6->6
warm-d4096-b1-direct: 1 calls, fd 6->6
warm-d4096-b1-isolated: 1 calls, fd 6->6
warm-d4096-b32-direct: 1 calls, fd 6->6
warm-d4096-b32-isolated: 1 calls, fd 6->6
d768-b1-c1-0: 8 calls, fd 6->6
d768-b1-c1-1: 8 calls, fd 6->6
d768-b1-c1-2: 8 calls, fd 6->6
d768-b1-c1-3: 8 calls, fd 6->6
d768-b1-c4-0: 8 calls, fd 6->6
d768-b1-c4-1: 8 calls, fd 6->6
d768-b1-c4-2: 8 calls, fd 6->6
d768-b1-c4-3: 8 calls, fd 6->6
d768-b32-c1-0: 8 calls, fd 6->6
d768-b32-c1-1: 8 calls, fd 6->6
d768-b32-c1-2: 8 calls, fd 6->6
d768-b32-c1-3: 8 calls, fd 6->6
d768-b32-c4-0: 8 calls, fd 6->6
d768-b32-c4-1: 8 calls, fd 6->6
d768-b32-c4-2: 8 calls, fd 6->6
d768-b32-c4-3: 8 calls, fd 6->6
d4096-b1-c1-0: 8 calls, fd 6->6
d4096-b1-c1-1: 8 calls, fd 6->6
d4096-b1-c1-2: 8 calls, fd 6->6
d4096-b1-c1-3: 8 calls, fd 6->6
d4096-b1-c4-0: 8 calls, fd 6->6
d4096-b1-c4-1: 8 calls, fd 6->6
d4096-b1-c4-2: 8 calls, fd 6->6
d4096-b1-c4-3: 8 calls, fd 6->6
d4096-b32-c1-0: 8 calls, fd 6->6
d4096-b32-c1-1: 8 calls, fd 6->6
d4096-b32-c1-2: 8 calls, fd 6->6
d4096-b32-c1-3: 8 calls, fd 6->6
d4096-b32-c4-0: 8 calls, fd 6->6
d4096-b32-c4-1: 8 calls, fd 6->6
d4096-b32-c4-2: 8 calls, fd 6->6
d4096-b32-c4-3: 8 calls, fd 6->6
cancel-headers-c1: 8 calls, fd 6->6
cancel-body-c1: 8 calls, fd 6->6
deadline-body-c1: 8 calls, fd 6->6
cancel-headers-c4: 8 calls, fd 6->6
cancel-body-c4: 8 calls, fd 6->6
deadline-body-c4: 8 calls, fd 6->6
