(node:92360) ExperimentalWarning: SQLite is an experimental feature and might change at any time
(Use `node --trace-warnings ...` to show where the warning was created)
✔ citation aliases are bound to earlier/current stages of the same trace and reject changed provenance (5.603125ms)
✔ RAG rejects cloud identities, source truncation and invalid vectors before claiming retrieval (2.250833ms)
✖ real workers index both documents, retrieve every stage and preserve primary outputs with shadow (3205.716542ms)
ℹ tests 3
ℹ suites 0
ℹ pass 2
ℹ fail 1
ℹ cancelled 0
ℹ skipped 0
ℹ todo 0
ℹ duration_ms 4588.646167

✖ failing tests:

test at apps/coordinator/test/decision-rag-workflow.test.ts:1:3413
✖ real workers index both documents, retrieve every stage and preserve primary outputs with shadow (3205.716542ms)
  AssertionError [ERR_ASSERTION]: {"failure":"workflow_validation_failed","maxPrimaryRequestsInFlight":1,"primaryCalls":6,"decisionCalls":6,"embeddingCalls":8}
  + actual - expected

  + 'incomplete'
  - 'observed'

      at TestContext.<anonymous> (/Users/mdavliatshin/Developer/Agat-recovery-20260927/apps/coordinator/test/decision-rag-workflow.test.ts:111:12)
      at process.processTicksAndRejections (node:internal/process/task_queues:104:5)
      at async Test.run (node:internal/test_runner/test:1125:7)
      at async Test.processPendingSubtests (node:internal/test_runner/test:787:7) {
    generatedMessage: false,
    code: 'ERR_ASSERTION',
    actual: 'incomplete',
    expected: 'observed',
    operator: 'strictEqual',
    diff: 'simple'
  }
