2026-09-28T06:40:36.098Z [INFO] Worker state changed {
  sdkComponent: 'worker',
  taskQueue: 'real-rag-isolated-0',
  state: 'RUNNING'
}
2026-09-28T06:40:36.186Z [INFO] Worker state changed {
  sdkComponent: 'worker',
  taskQueue: 'real-rag-isolated-0',
  state: 'STOPPING'
}
2026-09-28T06:40:36.187Z [INFO] Worker state changed {
  sdkComponent: 'worker',
  taskQueue: 'real-rag-isolated-0',
  state: 'DRAINING'
}
2026-09-28T06:40:36.187Z [INFO] Worker state changed {
  sdkComponent: 'worker',
  taskQueue: 'real-rag-isolated-0',
  state: 'DRAINED'
}
2026-09-28T06:40:36.187Z [INFO] Worker state changed {
  sdkComponent: 'worker',
  taskQueue: 'real-rag-isolated-0',
  state: 'STOPPED'
}
2026-09-28T06:40:36.202Z [INFO] Worker state changed {
  sdkComponent: 'worker',
  taskQueue: 'real-rag-session-1',
  state: 'RUNNING'
}
2026-09-28T06:40:36.220Z [INFO] Worker state changed {
  sdkComponent: 'worker',
  taskQueue: 'real-rag-session-1',
  state: 'STOPPING'
}
2026-09-28T06:40:36.220Z [INFO] Worker state changed {
  sdkComponent: 'worker',
  taskQueue: 'real-rag-session-1',
  state: 'DRAINING'
}
2026-09-28T06:40:36.220Z [INFO] Worker state changed {
  sdkComponent: 'worker',
  taskQueue: 'real-rag-session-1',
  state: 'DRAINED'
}
2026-09-28T06:40:36.220Z [INFO] Worker state changed {
  sdkComponent: 'worker',
  taskQueue: 'real-rag-session-1',
  state: 'STOPPED'
}
