warm-b1-isolated-False: 1 completed
warm-b1-isolated-True: 1 completed
warm-b1-session-False: 1 completed
warm-b1-session-True: 1 completed
warm-b32-isolated-False: 1 completed
warm-b32-isolated-True: 1 completed
warm-b32-session-False: 1 completed
warm-b32-session-True: 1 completed
b1-c1-isolated-0: 8 completed
b1-c1-isolated-1: 8 completed
b1-c1-isolated-2: 8 completed
b1-c1-isolated-3: 8 completed
b1-c1-session-0: 8 completed
b1-c1-session-1: 8 completed
b1-c1-session-2: 8 completed
b1-c1-session-3: 8 completed
b1-c4-isolated-0: 8 completed
b1-c4-isolated-1: 8 completed
b1-c4-isolated-2: 8 completed
b1-c4-isolated-3: 8 completed
b1-c4-session-0: 8 completed
b1-c4-session-1: 8 completed
b1-c4-session-2: 8 completed
b1-c4-session-3: 8 completed
b32-c1-isolated-0: 8 completed
b32-c1-isolated-1: 8 completed
b32-c1-isolated-2: 8 completed
b32-c1-isolated-3: 8 completed
b32-c1-session-0: 8 completed
b32-c1-session-1: 8 completed
b32-c1-session-2: 8 completed
b32-c1-session-3: 8 completed
b32-c4-isolated-0: 8 completed
b32-c4-isolated-1: 8 completed
b32-c4-isolated-2: 8 completed
b32-c4-isolated-3: 8 completed
b32-c4-session-0: 8 completed
b32-c4-session-1: 8 completed
b32-c4-session-2: 8 completed
b32-c4-session-3: 8 completed
observed None
