
> @agat/coordinator@1.7.0 build
> tsc -p tsconfig.json

(node:25899) ExperimentalWarning: SQLite is an experimental feature and might change at any time
(Use `node --trace-warnings ...` to show where the warning was created)
▶ PostgreSQL Fleet/HA integration
  ✔ preserves a committed embedding batch after lost COMMIT acknowledgement and restart (terminal, disconnect) (3304.343125ms)
  ℹ Independent connection observed 1 committed vectors and one knowledge.document.ready before losing its acknowledgement
  ℹ disconnect returned HTTP 503 after 59 ms; query timeout=30000 ms
  ✔ preserves a committed embedding batch after lost COMMIT acknowledgement and restart (partial, disconnect) (3354.587792ms)
  ℹ Independent connection observed 32 committed vectors and one knowledge.embedding.batch.completed before losing its acknowledgement
  ℹ disconnect returned HTTP 503 after 53 ms; query timeout=30000 ms
  ✔ preserves a committed embedding batch after lost COMMIT acknowledgement and restart (terminal, withhold) (4323.0745ms)
  ℹ Independent connection observed 1 committed vectors and one knowledge.document.ready before losing its acknowledgement
  ℹ withhold returned HTTP 503 after 1030 ms; query timeout=1000 ms
(node:25899) ExperimentalWarning: SQLite is an experimental feature and might change at any time
(Use `node --trace-warnings ...` to show where the warning was created)
  ✔ fails closed when a committed retrieval loses its COMMIT acknowledgement (disconnect) (2346.0785ms)
  ℹ Successful COMMIT observed after 45 ms
(node:25899) ExperimentalWarning: SQLite is an experimental feature and might change at any time
(Use `node --trace-warnings ...` to show where the warning was created)
  ✔ fails closed when a committed retrieval loses its COMMIT acknowledgement (withhold) (3135.354416ms)
  ℹ Successful COMMIT observed after 42 ms
(node:25899) ExperimentalWarning: SQLite is an experimental feature and might change at any time
(Use `node --trace-warnings ...` to show where the warning was created)
  ✔ reports an uncertain sync COMMIT as operational failure and replaces its broken pooled connection (1394.185916ms)
✔ PostgreSQL Fleet/HA integration (19284.561958ms)
ℹ tests 6
ℹ suites 1
ℹ pass 6
ℹ fail 0
ℹ cancelled 0
ℹ skipped 0
ℹ todo 0
ℹ duration_ms 19746.742542
