
> @agat/coordinator@1.7.0 build
> tsc -p tsconfig.json

(node:23650) ExperimentalWarning: SQLite is an experimental feature and might change at any time
(Use `node --trace-warnings ...` to show where the warning was created)
▶ PostgreSQL Fleet/HA integration
  ✔ preserves a committed embedding batch after lost COMMIT acknowledgement and restart (terminal) (3270.773917ms)
  ℹ Independent connection observed 1 committed vectors and one knowledge.document.ready before disconnect
  ✔ preserves a committed embedding batch after lost COMMIT acknowledgement and restart (partial) (3334.319417ms)
  ℹ Independent connection observed 32 committed vectors and one knowledge.embedding.batch.completed before disconnect
(node:23650) ExperimentalWarning: SQLite is an experimental feature and might change at any time
(Use `node --trace-warnings ...` to show where the warning was created)
  ✔ fails closed when a committed retrieval loses its COMMIT acknowledgement (disconnect) (2191.838417ms)
  ℹ Successful COMMIT observed after 49 ms
(node:23650) ExperimentalWarning: SQLite is an experimental feature and might change at any time
(Use `node --trace-warnings ...` to show where the warning was created)
  ✔ fails closed when a committed retrieval loses its COMMIT acknowledgement (withhold) (3335.385833ms)
  ℹ Successful COMMIT observed after 50 ms
(node:23650) ExperimentalWarning: SQLite is an experimental feature and might change at any time
(Use `node --trace-warnings ...` to show where the warning was created)
  ✔ reports an uncertain sync COMMIT as operational failure and replaces its broken pooled connection (1233.399084ms)
✔ PostgreSQL Fleet/HA integration (14772.05375ms)
ℹ tests 5
ℹ suites 1
ℹ pass 5
ℹ fail 0
ℹ cancelled 0
ℹ skipped 0
ℹ todo 0
ℹ duration_ms 15312.600458
