
> @agat/coordinator@1.7.0 build
> tsc -p tsconfig.json

(node:29131) ExperimentalWarning: SQLite is an experimental feature and might change at any time
(Use `node --trace-warnings ...` to show where the warning was created)
▶ PostgreSQL Fleet/HA integration
  ✔ reuses the response buffer across large, short, SQL-error and oversized responses (196.854625ms)
  ✔ ranks 10000 wide vectors through a 1 MiB bridge at the operator hard boundary (9042.882792ms)
  ✔ rejects commit after the request deadline, permits rollback and restores the SQL timeout (831.43275ms)
  ✔ applies the remaining request deadline to every cursor fetch and cleans up after SQL cancellation (374.5685ms)
  ✔ ranks all worker cursor batches against one snapshot while another connection updates the source (240.852833ms)
  ✔ applies an operator budget above 5000 to real PostgreSQL retrieval without worker override or partial writes (12590.632541ms)
  ✔ rejects expired retrieval leases before maintenance and accepts only the replacement lease across replicas (572.276458ms)
(node:29131) ExperimentalWarning: SQLite is an experimental feature and might change at any time
(Use `node --trace-warnings ...` to show where the warning was created)
(node:29131) ExperimentalWarning: SQLite is an experimental feature and might change at any time
(Use `node --trace-warnings ...` to show where the warning was created)
  ✔ isolates whole retrieval transactions across workers without duplicate markers or partial writes (1312.025959ms)
(node:29131) ExperimentalWarning: SQLite is an experimental feature and might change at any time
(Use `node --trace-warnings ...` to show where the warning was created)
  ✔ rolls back retrieval when its lease expires while writing knowledge_retrievals (5929.79475ms)
  ℹ After the expired write: 0 durable retrievals, 0 retrieval events
(node:29131) ExperimentalWarning: SQLite is an experimental feature and might change at any time
(Use `node --trace-warnings ...` to show where the warning was created)
  ✔ rolls back retrieval when its lease expires while writing events (5917.573708ms)
  ℹ After the expired write: 0 durable retrievals, 0 retrieval events
(node:29131) ExperimentalWarning: SQLite is an experimental feature and might change at any time
(Use `node --trace-warnings ...` to show where the warning was created)
  ✔ rejects a lease that expires while retrieval waits for its run lock (6003.02875ms)
(node:29131) ExperimentalWarning: SQLite is an experimental feature and might change at any time
(Use `node --trace-warnings ...` to show where the warning was created)
  ✔ rejects a lease cancelled by a transaction that retrieval had to wait for (1039.860583ms)
(node:29131) ExperimentalWarning: SQLite is an experimental feature and might change at any time
(Use `node --trace-warnings ...` to show where the warning was created)
  ✔ rejects a lease that expires after validation while the knowledge index is blocked (6075.069666ms)
(node:29131) ExperimentalWarning: SQLite is an experimental feature and might change at any time
(Use `node --trace-warnings ...` to show where the warning was created)
  ✔ permits a concurrent lease renewal while retrieval is reading its index (1519.44525ms)
(node:29131) ExperimentalWarning: SQLite is an experimental feature and might change at any time
(Use `node --trace-warnings ...` to show where the warning was created)
  ✔ starts isolated retrieval from coordinator main within its pool budget and fails readiness after a deadline (2632.898875ms)
(node:29131) ExperimentalWarning: SQLite is an experimental feature and might change at any time
(Use `node --trace-warnings ...` to show where the warning was created)
  ✔ enforces the retrieval deadline while main is blocked renewing the same stage (3260.442417ms)
  ✔ preserves a committed embedding batch after lost COMMIT acknowledgement and restart (terminal, disconnect) (3431.20825ms)
  ℹ Independent connection observed 1 committed vectors and one knowledge.document.ready before losing its acknowledgement
  ℹ disconnect returned HTTP 503 after 37 ms; query timeout=30000 ms
  ✔ preserves a committed embedding batch after lost COMMIT acknowledgement and restart (partial, disconnect) (3400.860083ms)
  ℹ Independent connection observed 32 committed vectors and one knowledge.embedding.batch.completed before losing its acknowledgement
  ℹ disconnect returned HTTP 503 after 52 ms; query timeout=30000 ms
  ✔ preserves a committed embedding batch after lost COMMIT acknowledgement and restart (terminal, withhold) (4433.800958ms)
  ℹ Independent connection observed 1 committed vectors and one knowledge.document.ready before losing its acknowledgement
  ℹ withhold returned HTTP 503 after 1026 ms; query timeout=1000 ms
(node:29131) ExperimentalWarning: SQLite is an experimental feature and might change at any time
(Use `node --trace-warnings ...` to show where the warning was created)
  ✔ fails closed when a committed retrieval loses its COMMIT acknowledgement (disconnect) (2260.989042ms)
  ℹ Successful COMMIT observed after 42 ms
(node:29131) ExperimentalWarning: SQLite is an experimental feature and might change at any time
(Use `node --trace-warnings ...` to show where the warning was created)
  ✔ fails closed when a committed retrieval loses its COMMIT acknowledgement (withhold) (3236.06725ms)
  ℹ Successful COMMIT observed after 45 ms
(node:29131) ExperimentalWarning: SQLite is an experimental feature and might change at any time
(Use `node --trace-warnings ...` to show where the warning was created)
  ✔ reports an uncertain sync COMMIT as operational failure and replaces its broken pooled connection (1342.729ms)
(node:29131) ExperimentalWarning: SQLite is an experimental feature and might change at any time
(Use `node --trace-warnings ...` to show where the warning was created)
  ✔ rejects queued retrieval on SIGTERM, preserves active work and recovers without replay (6236.703959ms)
(node:29131) ExperimentalWarning: SQLite is an experimental feature and might change at any time
(Use `node --trace-warnings ...` to show where the warning was created)
  ✔ closes UI and A2A streams on SIGTERM without cancelling durable tasks and resumes events after restart (9611.506458ms)
  ✔ serializes embedding dimensions across jobs with different dimensions (1399.184792ms)
  ℹ Concurrent dimensions/different dimensions: HTTP 200/400, first collection=2
  ✔ serializes embedding dimensions across jobs with matching dimensions (1401.100166ms)
  ℹ Concurrent dimensions/matching dimensions: HTTP 200/200, first collection=2
  ✔ serializes embedding dimensions across jobs with separate collections (1417.978959ms)
  ℹ Concurrent dimensions/separate collections: HTTP 200/200, first collection=2
  ✔ embedding completion rechecks lease expiry after waiting for its collection (5944.862167ms)
  ℹ Completion after collection wait: HTTP 400, indexed=0, events=0
  ✔ stage renewal checks current ownership after expiry during its SQL lock wait (5964.766292ms)
  ℹ Stage renewal/expiry: HTTP 404
  ✔ stage renewal checks current ownership after reassignment during its SQL lock wait (925.102917ms)
  ℹ Stage renewal/reassignment: HTTP 404
  ✔ stage renewal checks current ownership after renewal during its SQL lock wait (5954.317167ms)
  ℹ Stage renewal/renewal: HTTP 204
  ✔ stage renewal rolls back when its UPDATE waits past the admitted deadline (6020.474875ms)
  ℹ stage renewal/UPDATE wait: HTTP 404
  ✔ embedding renewal rolls back when its UPDATE waits past the admitted deadline (5904.480917ms)
  ℹ embedding renewal/UPDATE wait: HTTP 404
  ✔ embedding renew respects expiry while waiting for job ownership over HTTP (5922.963041ms)
  ℹ Embedding renew/expiry: HTTP 404, job=running, document=indexing, indexed=0, events=0
  ✔ embedding renew respects reassignment while waiting for job ownership over HTTP (926.784583ms)
  ℹ Embedding renew/reassignment: HTTP 404, job=running, document=indexing, indexed=0, events=0
  ✔ embedding renew respects renewal while waiting for job ownership over HTTP (5914.779042ms)
  ℹ Embedding renew/renewal: HTTP 204, job=running, document=indexing, indexed=0, events=0
  ✔ embedding complete respects expiry while waiting for job ownership over HTTP (5965.116917ms)
  ℹ Embedding complete/expiry: HTTP 400, job=running, document=indexing, indexed=0, events=0
  ✔ embedding complete respects reassignment while waiting for job ownership over HTTP (1013.090084ms)
  ℹ Embedding complete/reassignment: HTTP 400, job=running, document=indexing, indexed=0, events=0
  ✔ embedding complete respects renewal while waiting for job ownership over HTTP (6063.543375ms)
  ℹ Embedding complete/renewal: HTTP 200, job=completed, document=ready, indexed=1, events=1
  ✔ embedding fail respects expiry while waiting for job ownership over HTTP (5966.684917ms)
  ℹ Embedding fail/expiry: HTTP 400, job=running, document=indexing, indexed=0, events=0
  ✔ embedding fail respects reassignment while waiting for job ownership over HTTP (1023.782625ms)
  ℹ Embedding fail/reassignment: HTTP 400, job=running, document=indexing, indexed=0, events=0
  ✔ embedding fail respects renewal while waiting for job ownership over HTTP (6561.291792ms)
  ℹ Embedding fail/renewal: HTTP 200, job=pending, document=pending, indexed=0, events=1
  ✔ embedding complete rolls back when an event lock outlasts its lease over HTTP (6518.221542ms)
  ℹ Embedding complete/event lock: HTTP 400, indexed=0, events=0
  ✔ embedding fail rolls back when an event lock outlasts its lease over HTTP (6081.831708ms)
  ℹ Embedding fail/event lock: HTTP 400, indexed=0, events=0
  ✔ embedding maintenance preserves a renewal that holds its job row past the old expiry (3998.670459ms)
  ℹ Embedding maintenance/renewal: health=200, job=running, document=indexing, failures=0
  ✔ embedding maintenance stays responsive while a late completion rolls back across coordinators (6632.072792ms)
  ℹ Embedding maintenance/completion: HTTP 400, health=200, job=running, document=indexing, indexed=0, events=0
  ✔ maintenance preserves a timely renewal while its stage row is locked (4077.970792ms)
  ℹ Renewal after maintenance: health=200, stage=running, expiryEvents=0
  ✔ maintenance preserves an admitted completion held past expiry by an event lock (6620.407166ms)
  ℹ Completion after maintenance: health=200, run=completed, expiryEvents=0
  ✔ maintenance reclaims an expired lease once across two coordinators (5717.655542ms)
  ℹ Two maintainers: healthy=2, expiryEvents=1
  ✔ checks current ownership before complete after a concurrent expiry over HTTP (6653.211542ms)
  ℹ complete/expiry: wait=stage read, HTTP 400, stage=running, artifacts=0
  ✔ checks current ownership before complete after a concurrent reassignment over HTTP (2729.84525ms)
  ℹ complete/reassignment: wait=stage read, HTTP 400, stage=running, artifacts=0
  ✔ checks current ownership before complete after a concurrent renewal over HTTP (9792.417167ms)
  ℹ complete/renewal: wait=stage read, HTTP 200, stage=completed, artifacts=3
  ✔ checks current ownership before fail after a concurrent expiry over HTTP (6187.930209ms)
  ℹ fail/expiry: wait=stage read, HTTP 400, stage=running, artifacts=0
  ✔ checks current ownership before fail after a concurrent reassignment over HTTP (1223.207416ms)
  ℹ fail/reassignment: wait=stage read, HTTP 400, stage=running, artifacts=0
  ✔ checks current ownership before fail after a concurrent renewal over HTTP (6135.884ms)
  ℹ fail/renewal: wait=stage read, HTTP 200, stage=queued, artifacts=0
  ✔ rejects shadow results when the lease expires during stage lock over HTTP (6301.370959ms)
  ℹ After expiry at stage lock: HTTP 400, observation=false, events=0
  ✔ rejects shadow results when the lease expires during event insert over HTTP (6352.940042ms)
  ℹ After expiry at event insert: HTTP 400, observation=false, events=0
  ✔ rejects shadow results when the lease expires during idempotent retry over HTTP (6446.976166ms)
  ℹ After expiry at idempotent retry: HTTP 400, observation=true, events=1
  ✔ persists one shadow observation across replicas and restart with tenant RLS and unchanged primary output (1388.618792ms)
  ✔ streams large valid RAG vectors, preserves cursor snapshots and rolls back failures across replicas (4186.289166ms)
  ✔ rejects a tenant connection that resolves to the system BYPASSRLS role (107.443125ms)
  ✔ keeps the runtime role DDL-free after a separate migration gate (390.5365ms)
  ✔ rejects a schema Job while a coordinator replica is active (357.346416ms)
  ✔ rejects runtime startup after out-of-band schema drift (164.535291ms)
  ✔ shares state between replicas, serializes project quota and enforces RLS (920.248333ms)
✔ PostgreSQL Fleet/HA integration (266146.879792ms)
ℹ tests 65
ℹ suites 1
ℹ pass 65
ℹ fail 0
ℹ cancelled 0
ℹ skipped 0
ℹ todo 0
ℹ duration_ms 266572.998917
