
> agat-platform@1.7.0 fleet:test-temporal-rag
> bash scripts/test-temporal-rag.sh --test-name-pattern=sqlite/isolated/completion-crash


> @agat/coordinator@1.7.0 build
> tsc -p tsconfig.json


> @agat/temporal-worker@1.7.0 build
> tsc -p tsconfig.json && node dist/build-workflows.js

2026-09-28T04:04:31.575Z [INFO] asset workflow-bundle-1c766690c6be022b3607.js 1.28 MiB [emitted] [immutable] (name: main)
runtime modules 1.34 KiB 4 modules
modules by path ../../node_modules/@temporalio/ 391 KiB
  modules by path ../../node_modules/@temporalio/common/lib/ 167 KiB 36 modules
  modules by path ../../node_modules/@temporalio/workflow/ 224 KiB 29 modules
modules by path ../../node_modules/nexus-rpc/lib/ 22.8 KiB 13 modules
modules by path ./src/ 10.4 KiB
  ./src/workflows-autogenerated-entrypoint.cjs 520 bytes [built] [code generated]
  ./src/workflows.ts 9.84 KiB [built] [code generated]
  ./src/contracts.ts 65 bytes [built] [code generated]
optional modules 30 bytes [optional]
  __temporal_custom_payload_converter (ignored) 15 bytes [optional] [built] [code generated]
  __temporal_custom_failure_converter (ignored) 15 bytes [optional] [built] [code generated]
../../node_modules/long/umd/index.js 49.8 KiB [built] [code generated]
../../node_modules/ms/dist/index.cjs 3.41 KiB [built] [code generated]
webpack 5.109.2 compiled successfully in 243 ms
2026-09-28T04:04:31.578Z [INFO] Workflow bundle created { size: '1.28MB' }
(node:60536) ExperimentalWarning: SQLite is an experimental feature and might change at any time
(Use `node --trace-warnings ...` to show where the warning was created)
✔ apps/coordinator/test/temporal-cancellation.integration.test.ts (1296.006875ms)
(node:60537) ExperimentalWarning: SQLite is an experimental feature and might change at any time
(Use `node --trace-warnings ...` to show where the warning was created)
✔ apps/coordinator/test/temporal-process-retry.integration.test.ts (1288.538417ms)
(node:60538) ExperimentalWarning: SQLite is an experimental feature and might change at any time
(Use `node --trace-warnings ...` to show where the warning was created)
2026-09-28T04:04:52.953Z [INFO] Worker state changed {
  sdkComponent: 'worker',
  taskQueue: 'fake_replay_queue-0',
  state: 'RUNNING'
}
2026-09-28T04:04:53.006Z [INFO] Worker state changed {
  sdkComponent: 'worker',
  taskQueue: 'fake_replay_queue-0',
  state: 'STOPPING'
}
2026-09-28T04:04:53.006Z [INFO] Worker state changed {
  sdkComponent: 'worker',
  taskQueue: 'fake_replay_queue-0',
  state: 'DRAINING'
}
2026-09-28T04:04:53.007Z [INFO] Worker state changed {
  sdkComponent: 'worker',
  taskQueue: 'fake_replay_queue-0',
  state: 'DRAINED'
}
2026-09-28T04:04:53.007Z [INFO] Worker state changed {
  sdkComponent: 'worker',
  taskQueue: 'fake_replay_queue-0',
  state: 'STOPPED'
}
✔ Temporal RAG sqlite/isolated/completion-crash: preserves committed output after Python SIGKILL before completion acknowledgement (18649.956417ms)
(node:60539) ExperimentalWarning: SQLite is an experimental feature and might change at any time
(Use `node --trace-warnings ...` to show where the warning was created)
✔ apps/coordinator/test/temporal-scheduled-cancellation.integration.test.ts (1290.18075ms)
(node:60540) ExperimentalWarning: SQLite is an experimental feature and might change at any time
(Use `node --trace-warnings ...` to show where the warning was created)
✔ apps/coordinator/test/temporal-scheduled-reconciliation.integration.test.ts (1286.252125ms)
(node:60541) ExperimentalWarning: SQLite is an experimental feature and might change at any time
(Use `node --trace-warnings ...` to show where the warning was created)
✔ apps/coordinator/test/temporal-scheduled-retry.integration.test.ts (1293.997708ms)
(node:60542) ExperimentalWarning: SQLite is an experimental feature and might change at any time
(Use `node --trace-warnings ...` to show where the warning was created)
✔ apps/coordinator/test/temporal-scheduled-start.integration.test.ts (1287.525292ms)
ℹ tests 7
ℹ suites 0
ℹ pass 7
ℹ fail 0
ℹ cancelled 0
ℹ skipped 0
ℹ todo 0
ℹ duration_ms 19903.130542
