
> agat-platform@1.7.0 fleet:test-temporal-postgres-rag
> bash scripts/test-temporal-postgres-rag.sh --test-name-pattern=(worker-crash|completion-crash)


> @agat/coordinator@1.7.0 build
> tsc -p tsconfig.json

(node:63014) ExperimentalWarning: SQLite is an experimental feature and might change at any time
(Use `node --trace-warnings ...` to show where the warning was created)
{"schemaVersion":30,"contractId":"agat-scheduled-cancellation-intent-v30","admissionReportSha256":"14c8f231356f5f7ff6dd401af9bedcd5e78c859d4129917e4c33e62d0f41b59c","admissionOperations":2088,"admissionP99Ms":1.446}

> @agat/coordinator@1.7.0 build
> tsc -p tsconfig.json


> @agat/temporal-worker@1.7.0 build
> tsc -p tsconfig.json && node dist/build-workflows.js

2026-09-28T04:07:29.036Z [INFO] asset workflow-bundle-1c766690c6be022b3607.js 1.28 MiB [emitted] [immutable] (name: main)
runtime modules 1.34 KiB 4 modules
modules by path ../../node_modules/@temporalio/ 391 KiB
  modules by path ../../node_modules/@temporalio/common/lib/ 167 KiB 36 modules
  modules by path ../../node_modules/@temporalio/workflow/ 224 KiB 29 modules
modules by path ../../node_modules/nexus-rpc/lib/ 22.8 KiB 13 modules
modules by path ./src/ 10.4 KiB
  ./src/workflows-autogenerated-entrypoint.cjs 520 bytes [built] [code generated]
  ./src/workflows.ts 9.84 KiB [built] [code generated]
  ./src/contracts.ts 65 bytes [built] [code generated]
optional modules 30 bytes [optional]
  __temporal_custom_payload_converter (ignored) 15 bytes [optional] [built] [code generated]
  __temporal_custom_failure_converter (ignored) 15 bytes [optional] [built] [code generated]
../../node_modules/long/umd/index.js 49.8 KiB [built] [code generated]
../../node_modules/ms/dist/index.cjs 3.41 KiB [built] [code generated]
webpack 5.109.2 compiled successfully in 271 ms
2026-09-28T04:07:29.040Z [INFO] Workflow bundle created { size: '1.28MB' }
(node:63135) ExperimentalWarning: SQLite is an experimental feature and might change at any time
(Use `node --trace-warnings ...` to show where the warning was created)
✔ apps/coordinator/test/temporal-cancellation.integration.test.ts (1383.9525ms)
(node:63136) ExperimentalWarning: SQLite is an experimental feature and might change at any time
(Use `node --trace-warnings ...` to show where the warning was created)
✔ apps/coordinator/test/temporal-process-retry.integration.test.ts (1378.259917ms)
(node:63137) ExperimentalWarning: SQLite is an experimental feature and might change at any time
(Use `node --trace-warnings ...` to show where the warning was created)
2026-09-28T04:07:51.282Z [INFO] Worker state changed {
  sdkComponent: 'worker',
  taskQueue: 'fake_replay_queue-0',
  state: 'RUNNING'
}
2026-09-28T04:07:51.330Z [INFO] Worker state changed {
  sdkComponent: 'worker',
  taskQueue: 'fake_replay_queue-0',
  state: 'STOPPING'
}
2026-09-28T04:07:51.330Z [INFO] Worker state changed {
  sdkComponent: 'worker',
  taskQueue: 'fake_replay_queue-0',
  state: 'DRAINING'
}
2026-09-28T04:07:51.330Z [INFO] Worker state changed {
  sdkComponent: 'worker',
  taskQueue: 'fake_replay_queue-0',
  state: 'DRAINED'
}
2026-09-28T04:07:51.330Z [INFO] Worker state changed {
  sdkComponent: 'worker',
  taskQueue: 'fake_replay_queue-0',
  state: 'STOPPED'
}
✔ Temporal RAG postgresql/isolated/recover: retries a lost tick reply, restores a killed worker and replays without model calls (19490.490542ms)
2026-09-28T04:08:11.768Z [INFO] Worker state changed {
  sdkComponent: 'worker',
  taskQueue: 'fake_replay_queue-1',
  state: 'RUNNING'
}
2026-09-28T04:08:11.793Z [INFO] Worker state changed {
  sdkComponent: 'worker',
  taskQueue: 'fake_replay_queue-1',
  state: 'STOPPING'
}
2026-09-28T04:08:11.793Z [INFO] Worker state changed {
  sdkComponent: 'worker',
  taskQueue: 'fake_replay_queue-1',
  state: 'DRAINING'
}
2026-09-28T04:08:11.793Z [INFO] Worker state changed {
  sdkComponent: 'worker',
  taskQueue: 'fake_replay_queue-1',
  state: 'DRAINED'
}
2026-09-28T04:08:11.793Z [INFO] Worker state changed {
  sdkComponent: 'worker',
  taskQueue: 'fake_replay_queue-1',
  state: 'STOPPED'
}
✔ Temporal RAG postgresql/isolated/cancel: cancels an active primary call and rejects its late output (20468.695708ms)
2026-09-28T04:09:05.830Z [INFO] Worker state changed {
  sdkComponent: 'worker',
  taskQueue: 'fake_replay_queue-2',
  state: 'RUNNING'
}
2026-09-28T04:09:05.860Z [INFO] Worker state changed {
  sdkComponent: 'worker',
  taskQueue: 'fake_replay_queue-2',
  state: 'STOPPING'
}
2026-09-28T04:09:05.861Z [INFO] Worker state changed {
  sdkComponent: 'worker',
  taskQueue: 'fake_replay_queue-2',
  state: 'DRAINING'
}
2026-09-28T04:09:05.861Z [INFO] Worker state changed {
  sdkComponent: 'worker',
  taskQueue: 'fake_replay_queue-2',
  state: 'DRAINED'
}
2026-09-28T04:09:05.861Z [INFO] Worker state changed {
  sdkComponent: 'worker',
  taskQueue: 'fake_replay_queue-2',
  state: 'STOPPED'
}
✔ Temporal RAG postgresql/isolated/interrupt: interrupts blocked primary HTTP after lease rejection and reuses the worker slot (60768.130583ms)
2026-09-28T04:10:06.644Z [INFO] Worker state changed {
  sdkComponent: 'worker',
  taskQueue: 'fake_replay_queue-3',
  state: 'RUNNING'
}
2026-09-28T04:10:06.666Z [INFO] Worker state changed {
  sdkComponent: 'worker',
  taskQueue: 'fake_replay_queue-3',
  state: 'STOPPING'
}
2026-09-28T04:10:06.666Z [INFO] Worker state changed {
  sdkComponent: 'worker',
  taskQueue: 'fake_replay_queue-3',
  state: 'DRAINING'
}
2026-09-28T04:10:06.666Z [INFO] Worker state changed {
  sdkComponent: 'worker',
  taskQueue: 'fake_replay_queue-3',
  state: 'DRAINED'
}
2026-09-28T04:10:06.666Z [INFO] Worker state changed {
  sdkComponent: 'worker',
  taskQueue: 'fake_replay_queue-3',
  state: 'STOPPED'
}
✔ Temporal RAG postgresql/isolated/query-interrupt: interrupts blocked query embedding HTTP after lease rejection and reuses the worker slot (60582.368292ms)
2026-09-28T04:11:06.634Z [INFO] Worker state changed {
  sdkComponent: 'worker',
  taskQueue: 'fake_replay_queue-4',
  state: 'RUNNING'
}
2026-09-28T04:11:06.659Z [INFO] Worker state changed {
  sdkComponent: 'worker',
  taskQueue: 'fake_replay_queue-4',
  state: 'STOPPING'
}
2026-09-28T04:11:06.659Z [INFO] Worker state changed {
  sdkComponent: 'worker',
  taskQueue: 'fake_replay_queue-4',
  state: 'DRAINING'
}
2026-09-28T04:11:06.659Z [INFO] Worker state changed {
  sdkComponent: 'worker',
  taskQueue: 'fake_replay_queue-4',
  state: 'DRAINED'
}
2026-09-28T04:11:06.659Z [INFO] Worker state changed {
  sdkComponent: 'worker',
  taskQueue: 'fake_replay_queue-4',
  state: 'STOPPED'
}
✔ Temporal RAG postgresql/isolated/search-interrupt: interrupts blocked coordinator search HTTP after lease rejection and reuses the worker slot (59987.902542ms)
2026-09-28T04:11:52.201Z [INFO] Worker state changed {
  sdkComponent: 'worker',
  taskQueue: 'fake_replay_queue-5',
  state: 'RUNNING'
}
2026-09-28T04:11:52.224Z [INFO] Worker state changed {
  sdkComponent: 'worker',
  taskQueue: 'fake_replay_queue-5',
  state: 'STOPPING'
}
2026-09-28T04:11:52.224Z [INFO] Worker state changed {
  sdkComponent: 'worker',
  taskQueue: 'fake_replay_queue-5',
  state: 'DRAINING'
}
2026-09-28T04:11:52.224Z [INFO] Worker state changed {
  sdkComponent: 'worker',
  taskQueue: 'fake_replay_queue-5',
  state: 'DRAINED'
}
2026-09-28T04:11:52.224Z [INFO] Worker state changed {
  sdkComponent: 'worker',
  taskQueue: 'fake_replay_queue-5',
  state: 'STOPPED'
}
✔ Temporal RAG postgresql/isolated/worker-crash: exits owned HTTP helpers after Python SIGKILL and recovers on real lease expiry (39079.460667ms)
2026-09-28T04:12:17.170Z [INFO] Worker state changed {
  sdkComponent: 'worker',
  taskQueue: 'fake_replay_queue-6',
  state: 'RUNNING'
}
2026-09-28T04:12:17.198Z [INFO] Worker state changed {
  sdkComponent: 'worker',
  taskQueue: 'fake_replay_queue-6',
  state: 'STOPPING'
}
2026-09-28T04:12:17.198Z [INFO] Worker state changed {
  sdkComponent: 'worker',
  taskQueue: 'fake_replay_queue-6',
  state: 'DRAINING'
}
2026-09-28T04:12:17.198Z [INFO] Worker state changed {
  sdkComponent: 'worker',
  taskQueue: 'fake_replay_queue-6',
  state: 'DRAINED'
}
2026-09-28T04:12:17.198Z [INFO] Worker state changed {
  sdkComponent: 'worker',
  taskQueue: 'fake_replay_queue-6',
  state: 'STOPPED'
}
✔ Temporal RAG postgresql/isolated/completion-crash: preserves committed output after Python SIGKILL before completion acknowledgement (24974.096125ms)
2026-09-28T04:12:37.163Z [INFO] Worker state changed {
  sdkComponent: 'worker',
  taskQueue: 'fake_replay_queue-7',
  state: 'RUNNING'
}
2026-09-28T04:12:37.189Z [INFO] Worker state changed {
  sdkComponent: 'worker',
  taskQueue: 'fake_replay_queue-7',
  state: 'STOPPING'
}
2026-09-28T04:12:37.189Z [INFO] Worker state changed {
  sdkComponent: 'worker',
  taskQueue: 'fake_replay_queue-7',
  state: 'DRAINING'
}
2026-09-28T04:12:37.189Z [INFO] Worker state changed {
  sdkComponent: 'worker',
  taskQueue: 'fake_replay_queue-7',
  state: 'DRAINED'
}
2026-09-28T04:12:37.189Z [INFO] Worker state changed {
  sdkComponent: 'worker',
  taskQueue: 'fake_replay_queue-7',
  state: 'STOPPED'
}
✔ Temporal RAG postgresql/session/recover: retries a lost tick reply, restores a killed worker and replays without model calls (20002.260125ms)
2026-09-28T04:12:57.310Z [INFO] Worker state changed {
  sdkComponent: 'worker',
  taskQueue: 'fake_replay_queue-8',
  state: 'RUNNING'
}
2026-09-28T04:12:57.332Z [INFO] Worker state changed {
  sdkComponent: 'worker',
  taskQueue: 'fake_replay_queue-8',
  state: 'STOPPING'
}
2026-09-28T04:12:57.332Z [INFO] Worker state changed {
  sdkComponent: 'worker',
  taskQueue: 'fake_replay_queue-8',
  state: 'DRAINING'
}
2026-09-28T04:12:57.332Z [INFO] Worker state changed {
  sdkComponent: 'worker',
  taskQueue: 'fake_replay_queue-8',
  state: 'DRAINED'
}
2026-09-28T04:12:57.332Z [INFO] Worker state changed {
  sdkComponent: 'worker',
  taskQueue: 'fake_replay_queue-8',
  state: 'STOPPED'
}
✔ Temporal RAG postgresql/session/cancel: cancels an active primary call and rejects its late output (20157.849917ms)
2026-09-28T04:13:51.096Z [INFO] Worker state changed {
  sdkComponent: 'worker',
  taskQueue: 'fake_replay_queue-9',
  state: 'RUNNING'
}
2026-09-28T04:13:51.116Z [INFO] Worker state changed {
  sdkComponent: 'worker',
  taskQueue: 'fake_replay_queue-9',
  state: 'STOPPING'
}
2026-09-28T04:13:51.116Z [INFO] Worker state changed {
  sdkComponent: 'worker',
  taskQueue: 'fake_replay_queue-9',
  state: 'DRAINING'
}
2026-09-28T04:13:51.116Z [INFO] Worker state changed {
  sdkComponent: 'worker',
  taskQueue: 'fake_replay_queue-9',
  state: 'DRAINED'
}
2026-09-28T04:13:51.116Z [INFO] Worker state changed {
  sdkComponent: 'worker',
  taskQueue: 'fake_replay_queue-9',
  state: 'STOPPED'
}
✔ Temporal RAG postgresql/session/interrupt: interrupts blocked primary HTTP after lease rejection and reuses the worker slot (60270.454167ms)
2026-09-28T04:14:51.577Z [INFO] Worker state changed {
  sdkComponent: 'worker',
  taskQueue: 'fake_replay_queue-10',
  state: 'RUNNING'
}
2026-09-28T04:14:51.600Z [INFO] Worker state changed {
  sdkComponent: 'worker',
  taskQueue: 'fake_replay_queue-10',
  state: 'STOPPING'
}
2026-09-28T04:14:51.600Z [INFO] Worker state changed {
  sdkComponent: 'worker',
  taskQueue: 'fake_replay_queue-10',
  state: 'DRAINING'
}
2026-09-28T04:14:51.600Z [INFO] Worker state changed {
  sdkComponent: 'worker',
  taskQueue: 'fake_replay_queue-10',
  state: 'DRAINED'
}
2026-09-28T04:14:51.600Z [INFO] Worker state changed {
  sdkComponent: 'worker',
  taskQueue: 'fake_replay_queue-10',
  state: 'STOPPED'
}
✔ Temporal RAG postgresql/session/query-interrupt: interrupts blocked query embedding HTTP after lease rejection and reuses the worker slot (60525.718416ms)
2026-09-28T04:15:52.018Z [INFO] Worker state changed {
  sdkComponent: 'worker',
  taskQueue: 'fake_replay_queue-11',
  state: 'RUNNING'
}
2026-09-28T04:15:52.039Z [INFO] Worker state changed {
  sdkComponent: 'worker',
  taskQueue: 'fake_replay_queue-11',
  state: 'STOPPING'
}
2026-09-28T04:15:52.039Z [INFO] Worker state changed {
  sdkComponent: 'worker',
  taskQueue: 'fake_replay_queue-11',
  state: 'DRAINING'
}
2026-09-28T04:15:52.040Z [INFO] Worker state changed {
  sdkComponent: 'worker',
  taskQueue: 'fake_replay_queue-11',
  state: 'DRAINED'
}
2026-09-28T04:15:52.040Z [INFO] Worker state changed {
  sdkComponent: 'worker',
  taskQueue: 'fake_replay_queue-11',
  state: 'STOPPED'
}
✔ Temporal RAG postgresql/session/search-interrupt: interrupts blocked coordinator search HTTP after lease rejection and reuses the worker slot (60887.615791ms)
2026-09-28T04:16:39.222Z [INFO] Worker state changed {
  sdkComponent: 'worker',
  taskQueue: 'fake_replay_queue-12',
  state: 'RUNNING'
}
2026-09-28T04:16:39.255Z [INFO] Worker state changed {
  sdkComponent: 'worker',
  taskQueue: 'fake_replay_queue-12',
  state: 'STOPPING'
}
2026-09-28T04:16:39.255Z [INFO] Worker state changed {
  sdkComponent: 'worker',
  taskQueue: 'fake_replay_queue-12',
  state: 'DRAINING'
}
2026-09-28T04:16:39.256Z [INFO] Worker state changed {
  sdkComponent: 'worker',
  taskQueue: 'fake_replay_queue-12',
  state: 'DRAINED'
}
2026-09-28T04:16:39.256Z [INFO] Worker state changed {
  sdkComponent: 'worker',
  taskQueue: 'fake_replay_queue-12',
  state: 'STOPPED'
}
✔ Temporal RAG postgresql/session/worker-crash: exits owned HTTP helpers after Python SIGKILL and recovers on real lease expiry (40207.5345ms)
2026-09-28T04:16:59.522Z [INFO] Worker state changed {
  sdkComponent: 'worker',
  taskQueue: 'fake_replay_queue-13',
  state: 'RUNNING'
}
2026-09-28T04:16:59.542Z [INFO] Worker state changed {
  sdkComponent: 'worker',
  taskQueue: 'fake_replay_queue-13',
  state: 'STOPPING'
}
2026-09-28T04:16:59.542Z [INFO] Worker state changed {
  sdkComponent: 'worker',
  taskQueue: 'fake_replay_queue-13',
  state: 'DRAINING'
}
2026-09-28T04:16:59.542Z [INFO] Worker state changed {
  sdkComponent: 'worker',
  taskQueue: 'fake_replay_queue-13',
  state: 'DRAINED'
}
2026-09-28T04:16:59.542Z [INFO] Worker state changed {
  sdkComponent: 'worker',
  taskQueue: 'fake_replay_queue-13',
  state: 'STOPPED'
}
✔ Temporal RAG postgresql/session/completion-crash: preserves committed output after Python SIGKILL before completion acknowledgement (20261.865542ms)
(node:63138) ExperimentalWarning: SQLite is an experimental feature and might change at any time
(Use `node --trace-warnings ...` to show where the warning was created)
✔ apps/coordinator/test/temporal-scheduled-cancellation.integration.test.ts (1366.722208ms)
(node:63139) ExperimentalWarning: SQLite is an experimental feature and might change at any time
(Use `node --trace-warnings ...` to show where the warning was created)
✔ apps/coordinator/test/temporal-scheduled-reconciliation.integration.test.ts (1374.070917ms)
(node:63140) ExperimentalWarning: SQLite is an experimental feature and might change at any time
(Use `node --trace-warnings ...` to show where the warning was created)
✔ apps/coordinator/test/temporal-scheduled-retry.integration.test.ts (1358.671292ms)
(node:63141) ExperimentalWarning: SQLite is an experimental feature and might change at any time
(Use `node --trace-warnings ...` to show where the warning was created)
✔ apps/coordinator/test/temporal-scheduled-start.integration.test.ts (1369.925875ms)
ℹ tests 20
ℹ suites 0
ℹ pass 20
ℹ fail 0
ℹ cancelled 0
ℹ skipped 0
ℹ todo 0
ℹ duration_ms 569039.407041
