2026-09-28T07:33:05.028Z [INFO] Worker state changed {
  sdkComponent: 'worker',
  taskQueue: 'real-rag-isolated-0',
  state: 'RUNNING'
}
2026-09-28T07:33:05.177Z [INFO] Worker state changed {
  sdkComponent: 'worker',
  taskQueue: 'real-rag-isolated-0',
  state: 'STOPPING'
}
2026-09-28T07:33:05.177Z [INFO] Worker state changed {
  sdkComponent: 'worker',
  taskQueue: 'real-rag-isolated-0',
  state: 'DRAINING'
}
2026-09-28T07:33:05.177Z [INFO] Worker state changed {
  sdkComponent: 'worker',
  taskQueue: 'real-rag-isolated-0',
  state: 'DRAINED'
}
2026-09-28T07:33:05.177Z [INFO] Worker state changed {
  sdkComponent: 'worker',
  taskQueue: 'real-rag-isolated-0',
  state: 'STOPPED'
}
2026-09-28T07:33:05.236Z [INFO] Worker state changed {
  sdkComponent: 'worker',
  taskQueue: 'real-rag-session-1',
  state: 'RUNNING'
}
2026-09-28T07:33:05.318Z [INFO] Worker state changed {
  sdkComponent: 'worker',
  taskQueue: 'real-rag-session-1',
  state: 'STOPPING'
}
2026-09-28T07:33:05.318Z [INFO] Worker state changed {
  sdkComponent: 'worker',
  taskQueue: 'real-rag-session-1',
  state: 'DRAINING'
}
2026-09-28T07:33:05.319Z [INFO] Worker state changed {
  sdkComponent: 'worker',
  taskQueue: 'real-rag-session-1',
  state: 'DRAINED'
}
2026-09-28T07:33:05.319Z [INFO] Worker state changed {
  sdkComponent: 'worker',
  taskQueue: 'real-rag-session-1',
  state: 'STOPPED'
}
