(node:71102) ExperimentalWarning: SQLite is an experimental feature and might change at any time
(Use `node --trace-warnings ...` to show where the warning was created)
✔ preflight HTTP is project-scoped and read-only; start returns actionable conflicts and preserves the reviewed pin (106.728625ms)
(node:71103) ExperimentalWarning: SQLite is an experimental feature and might change at any time
(Use `node --trace-warnings ...` to show where the warning was created)
✔ fleet readiness snapshot is project-bound and remains advisory when worker capacity changes (63.996791ms)
✔ template preview, saved draft, queueable, runnable and verified are distinct; blockers have exact recovery targets (44.121333ms)
✔ start uses the reviewed version even after another publication and rejects missing or invalid pins (39.164667ms)
✔ runtime profile and all specialist models must be available on the same worker (39.930584ms)
✔ selected knowledge waits for complete embeddings and retrieval support on the agent worker (47.352083ms)
✔ required tool catalog, gateway, policies and credential scopes are checked without exposing secrets (45.111417ms)
✔ availability is rechecked on start; busy workers remain queueable (37.616375ms)
✔ required isolated tools wait for sandbox availability and container network enforcement (71.553542ms)
✔ trigger readiness distinguishes manual, disabled runtime, missing/paused schedule and project-owned start webhook (38.794208ms)
✔ verification requires a full completed scenario, survives a worker outage and is invalidated by agent or version changes (43.869333ms)
✔ trigger preflight checks the knowledge actually configured for scheduled and webhook starts (33.100625ms)
✔ required tools survive save, publication, project-template copy and schema validation (47.041875ms)
✔ expired scopes are precise blockers, not exceptions; an unrelated expired credential does not block a scenario (37.991292ms)
✔ human rejection and unfinished approval cannot verify a scenario; completed approval can (46.098042ms)
✔ verification is bound to the actual trigger; latest-version triggers reject older pins (41.892375ms)
ℹ tests 16
ℹ suites 0
ℹ pass 16
ℹ fail 0
ℹ cancelled 0
ℹ skipped 0
ℹ todo 0
ℹ duration_ms 2150.079333
