
> agat-platform@1.7.0 test:temporal
> npm run test --workspace @agat/temporal-worker


> @agat/temporal-worker@1.7.0 test
> npm run build && node --test test/*.test.mjs && npm run replay


> @agat/temporal-worker@1.7.0 build
> tsc -p tsconfig.json && node dist/build-workflows.js

2026-09-28T02:24:08.291Z [INFO] asset workflow-bundle-1c766690c6be022b3607.js 1.28 MiB [emitted] [immutable] (name: main)
runtime modules 1.34 KiB 4 modules
modules by path ../../node_modules/@temporalio/ 391 KiB
  modules by path ../../node_modules/@temporalio/common/lib/ 167 KiB 36 modules
  modules by path ../../node_modules/@temporalio/workflow/ 224 KiB 29 modules
modules by path ../../node_modules/nexus-rpc/lib/ 22.8 KiB 13 modules
modules by path ./src/ 10.4 KiB
  ./src/workflows-autogenerated-entrypoint.cjs 520 bytes [built] [code generated]
  ./src/workflows.ts 9.84 KiB [built] [code generated]
  ./src/contracts.ts 65 bytes [built] [code generated]
optional modules 30 bytes [optional]
  __temporal_custom_payload_converter (ignored) 15 bytes [optional] [built] [code generated]
  __temporal_custom_failure_converter (ignored) 15 bytes [optional] [built] [code generated]
../../node_modules/long/umd/index.js 49.8 KiB [built] [code generated]
../../node_modules/ms/dist/index.cjs 3.41 KiB [built] [code generated]
webpack 5.109.2 compiled successfully in 246 ms
2026-09-28T02:24:08.294Z [INFO] Workflow bundle created { size: '1.28MB' }
▶ Temporal worker production configuration
  ✔ keeps local development explicitly unversioned and insecure (0.912083ms)
  ✔ requires TLS, credentials and immutable versioning for Temporal Cloud (1.155875ms)
  ✔ rejects partial mTLS and unsafe production fallbacks (0.372667ms)
✔ Temporal worker production configuration (3.20325ms)
ℹ tests 3
ℹ suites 1
ℹ pass 3
ℹ fail 0
ℹ cancelled 0
ℹ skipped 0
ℹ todo 0
ℹ duration_ms 98.882042

> @agat/temporal-worker@1.7.0 replay
> node dist/replay-fixtures.js

2026-09-28T02:24:08.930Z [INFO] Worker state changed {
  sdkComponent: 'worker',
  taskQueue: 'agat-agat-parent-cancelled-cancellation-v1-0',
  state: 'RUNNING'
}
2026-09-28T02:24:08.973Z [INFO] Worker state changed {
  sdkComponent: 'worker',
  taskQueue: 'agat-agat-parent-cancelled-cancellation-v1-0',
  state: 'STOPPING'
}
2026-09-28T02:24:08.973Z [INFO] Worker state changed {
  sdkComponent: 'worker',
  taskQueue: 'agat-agat-parent-cancelled-cancellation-v1-0',
  state: 'DRAINING'
}
2026-09-28T02:24:08.974Z [INFO] Worker state changed {
  sdkComponent: 'worker',
  taskQueue: 'agat-agat-parent-cancelled-cancellation-v1-0',
  state: 'DRAINED'
}
2026-09-28T02:24:08.974Z [INFO] Worker state changed {
  sdkComponent: 'worker',
  taskQueue: 'agat-agat-parent-cancelled-cancellation-v1-0',
  state: 'STOPPED'
}
replay ok · agat-parent-cancelled-cancellation-v1.json · Lost cancellation HTTP reply; idempotent application cleanup before Temporal cancellation
2026-09-28T02:24:08.986Z [INFO] Worker state changed {
  sdkComponent: 'worker',
  taskQueue: 'agat-agat-parent-cancelled-compensation-v1-1',
  state: 'RUNNING'
}
2026-09-28T02:24:08.995Z [INFO] Worker state changed {
  sdkComponent: 'worker',
  taskQueue: 'agat-agat-parent-cancelled-compensation-v1-1',
  state: 'STOPPING'
}
2026-09-28T02:24:08.996Z [INFO] Worker state changed {
  sdkComponent: 'worker',
  taskQueue: 'agat-agat-parent-cancelled-compensation-v1-1',
  state: 'DRAINING'
}
2026-09-28T02:24:08.996Z [INFO] Worker state changed {
  sdkComponent: 'worker',
  taskQueue: 'agat-agat-parent-cancelled-compensation-v1-1',
  state: 'DRAINED'
}
2026-09-28T02:24:08.996Z [INFO] Worker state changed {
  sdkComponent: 'worker',
  taskQueue: 'agat-agat-parent-cancelled-compensation-v1-1',
  state: 'STOPPED'
}
replay ok · agat-parent-cancelled-compensation-v1.json · Compensation completes after cancellation commit and Temporal worker SIGKILL/restart
2026-09-28T02:24:09.007Z [INFO] Worker state changed {
  sdkComponent: 'worker',
  taskQueue: 'agat-agat-parent-cancelled-legacy-v1-2',
  state: 'RUNNING'
}
2026-09-28T02:24:09.014Z [INFO] Worker state changed {
  sdkComponent: 'worker',
  taskQueue: 'agat-agat-parent-cancelled-legacy-v1-2',
  state: 'STOPPING'
}
2026-09-28T02:24:09.014Z [INFO] Worker state changed {
  sdkComponent: 'worker',
  taskQueue: 'agat-agat-parent-cancelled-legacy-v1-2',
  state: 'DRAINING'
}
2026-09-28T02:24:09.015Z [INFO] Worker state changed {
  sdkComponent: 'worker',
  taskQueue: 'agat-agat-parent-cancelled-legacy-v1-2',
  state: 'DRAINED'
}
2026-09-28T02:24:09.015Z [INFO] Worker state changed {
  sdkComponent: 'worker',
  taskQueue: 'agat-agat-parent-cancelled-legacy-v1-2',
  state: 'STOPPED'
}
replay ok · agat-parent-cancelled-legacy-v1.json · Legacy cancellation before application cleanup patch; replay must retain the recorded command sequence
2026-09-28T02:24:09.026Z [INFO] Worker state changed {
  sdkComponent: 'worker',
  taskQueue: 'agat-agat-process-cancelled-cancellation-v1-3',
  state: 'RUNNING'
}
2026-09-28T02:24:09.043Z [INFO] Worker state changed {
  sdkComponent: 'worker',
  taskQueue: 'agat-agat-process-cancelled-cancellation-v1-3',
  state: 'STOPPING'
}
2026-09-28T02:24:09.043Z [INFO] Worker state changed {
  sdkComponent: 'worker',
  taskQueue: 'agat-agat-process-cancelled-cancellation-v1-3',
  state: 'DRAINING'
}
2026-09-28T02:24:09.043Z [INFO] Worker state changed {
  sdkComponent: 'worker',
  taskQueue: 'agat-agat-process-cancelled-cancellation-v1-3',
  state: 'DRAINED'
}
2026-09-28T02:24:09.043Z [INFO] Worker state changed {
  sdkComponent: 'worker',
  taskQueue: 'agat-agat-process-cancelled-cancellation-v1-3',
  state: 'STOPPED'
}
replay ok · agat-process-cancelled-cancellation-v1.json · Lost cancellation HTTP reply; idempotent application cleanup before Temporal cancellation
2026-09-28T02:24:09.058Z [INFO] Worker state changed {
  sdkComponent: 'worker',
  taskQueue: 'agat-agat-process-cancelled-compensation-v1-4',
  state: 'RUNNING'
}
2026-09-28T02:24:09.071Z [INFO] Worker state changed {
  sdkComponent: 'worker',
  taskQueue: 'agat-agat-process-cancelled-compensation-v1-4',
  state: 'STOPPING'
}
2026-09-28T02:24:09.071Z [INFO] Worker state changed {
  sdkComponent: 'worker',
  taskQueue: 'agat-agat-process-cancelled-compensation-v1-4',
  state: 'DRAINING'
}
2026-09-28T02:24:09.071Z [INFO] Worker state changed {
  sdkComponent: 'worker',
  taskQueue: 'agat-agat-process-cancelled-compensation-v1-4',
  state: 'DRAINED'
}
2026-09-28T02:24:09.071Z [INFO] Worker state changed {
  sdkComponent: 'worker',
  taskQueue: 'agat-agat-process-cancelled-compensation-v1-4',
  state: 'STOPPED'
}
replay ok · agat-process-cancelled-compensation-v1.json · Compensation completes after cancellation commit and Temporal worker SIGKILL/restart
2026-09-28T02:24:09.082Z [INFO] Worker state changed {
  sdkComponent: 'worker',
  taskQueue: 'agat-agat-process-cancelled-legacy-v1-5',
  state: 'RUNNING'
}
2026-09-28T02:24:09.087Z [INFO] Worker state changed {
  sdkComponent: 'worker',
  taskQueue: 'agat-agat-process-cancelled-legacy-v1-5',
  state: 'STOPPING'
}
2026-09-28T02:24:09.087Z [INFO] Worker state changed {
  sdkComponent: 'worker',
  taskQueue: 'agat-agat-process-cancelled-legacy-v1-5',
  state: 'DRAINING'
}
2026-09-28T02:24:09.087Z [INFO] Worker state changed {
  sdkComponent: 'worker',
  taskQueue: 'agat-agat-process-cancelled-legacy-v1-5',
  state: 'DRAINED'
}
2026-09-28T02:24:09.087Z [INFO] Worker state changed {
  sdkComponent: 'worker',
  taskQueue: 'agat-agat-process-cancelled-legacy-v1-5',
  state: 'STOPPED'
}
replay ok · agat-process-cancelled-legacy-v1.json · Legacy cancellation before application cleanup patch; replay must retain the recorded command sequence
2026-09-28T02:24:09.097Z [INFO] Worker state changed {
  sdkComponent: 'worker',
  taskQueue: 'agat-agat-process-completed-v1-6',
  state: 'RUNNING'
}
2026-09-28T02:24:09.102Z [INFO] Worker state changed {
  sdkComponent: 'worker',
  taskQueue: 'agat-agat-process-completed-v1-6',
  state: 'STOPPING'
}
2026-09-28T02:24:09.102Z [INFO] Worker state changed {
  sdkComponent: 'worker',
  taskQueue: 'agat-agat-process-completed-v1-6',
  state: 'DRAINING'
}
2026-09-28T02:24:09.102Z [INFO] Worker state changed {
  sdkComponent: 'worker',
  taskQueue: 'agat-agat-process-completed-v1-6',
  state: 'DRAINED'
}
2026-09-28T02:24:09.102Z [INFO] Worker state changed {
  sdkComponent: 'worker',
  taskQueue: 'agat-agat-process-completed-v1-6',
  state: 'STOPPED'
}
replay ok · agat-process-completed-v1.json · agatProcessWorkflow completes after a successful coordinator tick
2026-09-28T02:24:09.113Z [INFO] Worker state changed {
  sdkComponent: 'worker',
  taskQueue: 'agat-agat-process-retry-cancel-child-v1-7',
  state: 'RUNNING'
}
2026-09-28T02:24:09.122Z [INFO] Worker state changed {
  sdkComponent: 'worker',
  taskQueue: 'agat-agat-process-retry-cancel-child-v1-7',
  state: 'STOPPING'
}
2026-09-28T02:24:09.122Z [INFO] Worker state changed {
  sdkComponent: 'worker',
  taskQueue: 'agat-agat-process-retry-cancel-child-v1-7',
  state: 'DRAINING'
}
2026-09-28T02:24:09.122Z [INFO] Worker state changed {
  sdkComponent: 'worker',
  taskQueue: 'agat-agat-process-retry-cancel-child-v1-7',
  state: 'DRAINED'
}
2026-09-28T02:24:09.122Z [INFO] Worker state changed {
  sdkComponent: 'worker',
  taskQueue: 'agat-agat-process-retry-cancel-child-v1-7',
  state: 'STOPPED'
}
replay ok · agat-process-retry-cancel-child-v1.json · Real durable process tick cancel child: recovery after a 125-second coordinator outage and SIGKILL replacement, or parent cancellation during tick retry with a lost cleanup response. Patched policy, SDK 1.24.0.
2026-09-28T02:24:09.133Z [INFO] Worker state changed {
  sdkComponent: 'worker',
  taskQueue: 'agat-agat-process-retry-cancel-parent-v1-8',
  state: 'RUNNING'
}
2026-09-28T02:24:09.140Z [INFO] Worker state changed {
  sdkComponent: 'worker',
  taskQueue: 'agat-agat-process-retry-cancel-parent-v1-8',
  state: 'STOPPING'
}
2026-09-28T02:24:09.140Z [INFO] Worker state changed {
  sdkComponent: 'worker',
  taskQueue: 'agat-agat-process-retry-cancel-parent-v1-8',
  state: 'DRAINING'
}
2026-09-28T02:24:09.140Z [INFO] Worker state changed {
  sdkComponent: 'worker',
  taskQueue: 'agat-agat-process-retry-cancel-parent-v1-8',
  state: 'DRAINED'
}
2026-09-28T02:24:09.140Z [INFO] Worker state changed {
  sdkComponent: 'worker',
  taskQueue: 'agat-agat-process-retry-cancel-parent-v1-8',
  state: 'STOPPED'
}
replay ok · agat-process-retry-cancel-parent-v1.json · Real durable process tick cancel parent: recovery after a 125-second coordinator outage and SIGKILL replacement, or parent cancellation during tick retry with a lost cleanup response. Patched policy, SDK 1.24.0.
2026-09-28T02:24:09.153Z [INFO] Worker state changed {
  sdkComponent: 'worker',
  taskQueue: 'agat-agat-process-retry-legacy-cancel-child-v1-9',
  state: 'RUNNING'
}
2026-09-28T02:24:09.160Z [INFO] Worker state changed {
  sdkComponent: 'worker',
  taskQueue: 'agat-agat-process-retry-legacy-cancel-child-v1-9',
  state: 'STOPPING'
}
2026-09-28T02:24:09.160Z [INFO] Worker state changed {
  sdkComponent: 'worker',
  taskQueue: 'agat-agat-process-retry-legacy-cancel-child-v1-9',
  state: 'DRAINING'
}
2026-09-28T02:24:09.160Z [INFO] Worker state changed {
  sdkComponent: 'worker',
  taskQueue: 'agat-agat-process-retry-legacy-cancel-child-v1-9',
  state: 'DRAINED'
}
2026-09-28T02:24:09.160Z [INFO] Worker state changed {
  sdkComponent: 'worker',
  taskQueue: 'agat-agat-process-retry-legacy-cancel-child-v1-9',
  state: 'STOPPED'
}
replay ok · agat-process-retry-legacy-cancel-child-v1.json · Real pre-patch process tick cancel child: bounded eight-attempt policy, lost tick reply and transient outage. Recovery case fails with active application; cancellation case cleans application after one lost cleanup reply. SDK 1.24.0.
2026-09-28T02:24:09.171Z [INFO] Worker state changed {
  sdkComponent: 'worker',
  taskQueue: 'agat-agat-process-retry-legacy-cancel-parent-v1-10',
  state: 'RUNNING'
}
2026-09-28T02:24:09.177Z [INFO] Worker state changed {
  sdkComponent: 'worker',
  taskQueue: 'agat-agat-process-retry-legacy-cancel-parent-v1-10',
  state: 'STOPPING'
}
2026-09-28T02:24:09.177Z [INFO] Worker state changed {
  sdkComponent: 'worker',
  taskQueue: 'agat-agat-process-retry-legacy-cancel-parent-v1-10',
  state: 'DRAINING'
}
2026-09-28T02:24:09.177Z [INFO] Worker state changed {
  sdkComponent: 'worker',
  taskQueue: 'agat-agat-process-retry-legacy-cancel-parent-v1-10',
  state: 'DRAINED'
}
2026-09-28T02:24:09.177Z [INFO] Worker state changed {
  sdkComponent: 'worker',
  taskQueue: 'agat-agat-process-retry-legacy-cancel-parent-v1-10',
  state: 'STOPPED'
}
replay ok · agat-process-retry-legacy-cancel-parent-v1.json · Real pre-patch process tick cancel parent: bounded eight-attempt policy, lost tick reply and transient outage. Recovery case fails with active application; cancellation case cleans application after one lost cleanup reply. SDK 1.24.0.
2026-09-28T02:24:09.187Z [INFO] Worker state changed {
  sdkComponent: 'worker',
  taskQueue: 'agat-agat-process-retry-legacy-recover-child-v1-11',
  state: 'RUNNING'
}
2026-09-28T02:24:09.193Z [INFO] Worker state changed {
  sdkComponent: 'worker',
  taskQueue: 'agat-agat-process-retry-legacy-recover-child-v1-11',
  state: 'STOPPING'
}
2026-09-28T02:24:09.193Z [INFO] Worker state changed {
  sdkComponent: 'worker',
  taskQueue: 'agat-agat-process-retry-legacy-recover-child-v1-11',
  state: 'DRAINING'
}
2026-09-28T02:24:09.193Z [INFO] Worker state changed {
  sdkComponent: 'worker',
  taskQueue: 'agat-agat-process-retry-legacy-recover-child-v1-11',
  state: 'DRAINED'
}
2026-09-28T02:24:09.193Z [INFO] Worker state changed {
  sdkComponent: 'worker',
  taskQueue: 'agat-agat-process-retry-legacy-recover-child-v1-11',
  state: 'STOPPED'
}
replay ok · agat-process-retry-legacy-recover-child-v1.json · Real pre-patch process tick recover child: bounded eight-attempt policy, lost tick reply and transient outage. Recovery case fails with active application; cancellation case cleans application after one lost cleanup reply. SDK 1.24.0.
2026-09-28T02:24:09.204Z [INFO] Worker state changed {
  sdkComponent: 'worker',
  taskQueue: 'agat-agat-process-retry-legacy-recover-parent-v1-12',
  state: 'RUNNING'
}
2026-09-28T02:24:09.212Z [INFO] Worker state changed {
  sdkComponent: 'worker',
  taskQueue: 'agat-agat-process-retry-legacy-recover-parent-v1-12',
  state: 'STOPPING'
}
2026-09-28T02:24:09.212Z [INFO] Worker state changed {
  sdkComponent: 'worker',
  taskQueue: 'agat-agat-process-retry-legacy-recover-parent-v1-12',
  state: 'DRAINING'
}
2026-09-28T02:24:09.212Z [INFO] Worker state changed {
  sdkComponent: 'worker',
  taskQueue: 'agat-agat-process-retry-legacy-recover-parent-v1-12',
  state: 'DRAINED'
}
2026-09-28T02:24:09.212Z [INFO] Worker state changed {
  sdkComponent: 'worker',
  taskQueue: 'agat-agat-process-retry-legacy-recover-parent-v1-12',
  state: 'STOPPED'
}
replay ok · agat-process-retry-legacy-recover-parent-v1.json · Real pre-patch process tick recover parent: bounded eight-attempt policy, lost tick reply and transient outage. Recovery case fails with active application; cancellation case cleans application after one lost cleanup reply. SDK 1.24.0.
2026-09-28T02:24:09.224Z [INFO] Worker state changed {
  sdkComponent: 'worker',
  taskQueue: 'agat-agat-process-retry-recover-child-v1-13',
  state: 'RUNNING'
}
2026-09-28T02:24:09.233Z [INFO] Worker state changed {
  sdkComponent: 'worker',
  taskQueue: 'agat-agat-process-retry-recover-child-v1-13',
  state: 'STOPPING'
}
2026-09-28T02:24:09.233Z [INFO] Worker state changed {
  sdkComponent: 'worker',
  taskQueue: 'agat-agat-process-retry-recover-child-v1-13',
  state: 'DRAINING'
}
2026-09-28T02:24:09.233Z [INFO] Worker state changed {
  sdkComponent: 'worker',
  taskQueue: 'agat-agat-process-retry-recover-child-v1-13',
  state: 'DRAINED'
}
2026-09-28T02:24:09.233Z [INFO] Worker state changed {
  sdkComponent: 'worker',
  taskQueue: 'agat-agat-process-retry-recover-child-v1-13',
  state: 'STOPPED'
}
replay ok · agat-process-retry-recover-child-v1.json · Real durable process tick recover child: recovery after a 125-second coordinator outage and SIGKILL replacement, or parent cancellation during tick retry with a lost cleanup response. Patched policy, SDK 1.24.0.
2026-09-28T02:24:09.245Z [INFO] Worker state changed {
  sdkComponent: 'worker',
  taskQueue: 'agat-agat-process-retry-recover-parent-v1-14',
  state: 'RUNNING'
}
2026-09-28T02:24:09.259Z [INFO] Worker state changed {
  sdkComponent: 'worker',
  taskQueue: 'agat-agat-process-retry-recover-parent-v1-14',
  state: 'STOPPING'
}
2026-09-28T02:24:09.259Z [INFO] Worker state changed {
  sdkComponent: 'worker',
  taskQueue: 'agat-agat-process-retry-recover-parent-v1-14',
  state: 'DRAINING'
}
2026-09-28T02:24:09.259Z [INFO] Worker state changed {
  sdkComponent: 'worker',
  taskQueue: 'agat-agat-process-retry-recover-parent-v1-14',
  state: 'DRAINED'
}
2026-09-28T02:24:09.259Z [INFO] Worker state changed {
  sdkComponent: 'worker',
  taskQueue: 'agat-agat-process-retry-recover-parent-v1-14',
  state: 'STOPPED'
}
replay ok · agat-process-retry-recover-parent-v1.json · Real durable process tick recover parent: recovery after a 125-second coordinator outage and SIGKILL replacement, or parent cancellation during tick retry with a lost cleanup response. Patched policy, SDK 1.24.0.
2026-09-28T02:24:09.270Z [INFO] Worker state changed {
  sdkComponent: 'worker',
  taskQueue: 'agat-agat-process-update-v1-15',
  state: 'RUNNING'
}
2026-09-28T02:24:09.277Z [INFO] Worker state changed {
  sdkComponent: 'worker',
  taskQueue: 'agat-agat-process-update-v1-15',
  state: 'STOPPING'
}
2026-09-28T02:24:09.277Z [INFO] Worker state changed {
  sdkComponent: 'worker',
  taskQueue: 'agat-agat-process-update-v1-15',
  state: 'DRAINING'
}
2026-09-28T02:24:09.277Z [INFO] Worker state changed {
  sdkComponent: 'worker',
  taskQueue: 'agat-agat-process-update-v1-15',
  state: 'DRAINED'
}
2026-09-28T02:24:09.277Z [INFO] Worker state changed {
  sdkComponent: 'worker',
  taskQueue: 'agat-agat-process-update-v1-15',
  state: 'STOPPED'
}
replay ok · agat-process-update-v1.json · agatProcessWorkflow acknowledges processChangedV1 while waiting and completes after the update
2026-09-28T02:24:09.289Z [INFO] Worker state changed {
  sdkComponent: 'worker',
  taskQueue: 'agat-agat-rag-postgres-isolated-v1-16',
  state: 'RUNNING'
}
2026-09-28T02:24:09.305Z [INFO] Worker state changed {
  sdkComponent: 'worker',
  taskQueue: 'agat-agat-rag-postgres-isolated-v1-16',
  state: 'STOPPING'
}
2026-09-28T02:24:09.306Z [INFO] Worker state changed {
  sdkComponent: 'worker',
  taskQueue: 'agat-agat-rag-postgres-isolated-v1-16',
  state: 'DRAINING'
}
2026-09-28T02:24:09.306Z [INFO] Worker state changed {
  sdkComponent: 'worker',
  taskQueue: 'agat-agat-rag-postgres-isolated-v1-16',
  state: 'DRAINED'
}
2026-09-28T02:24:09.306Z [INFO] Worker state changed {
  sdkComponent: 'worker',
  taskQueue: 'agat-agat-rag-postgres-isolated-v1-16',
  state: 'STOPPED'
}
replay ok · agat-rag-postgres-isolated-v1.json · Real PostgreSQL 17.6 Temporal RAG, isolated embedding transport, production runtime/tenant roles and isolated retrieval. Lost tick acknowledgement, durable timer, SIGKILL worker replacement, three accepted primary outputs and native replay without I/O. SDK 1.24.0.
2026-09-28T02:24:09.318Z [INFO] Worker state changed {
  sdkComponent: 'worker',
  taskQueue: 'agat-agat-rag-postgres-session-v1-17',
  state: 'RUNNING'
}
2026-09-28T02:24:09.332Z [INFO] Worker state changed {
  sdkComponent: 'worker',
  taskQueue: 'agat-agat-rag-postgres-session-v1-17',
  state: 'STOPPING'
}
2026-09-28T02:24:09.332Z [INFO] Worker state changed {
  sdkComponent: 'worker',
  taskQueue: 'agat-agat-rag-postgres-session-v1-17',
  state: 'DRAINING'
}
2026-09-28T02:24:09.332Z [INFO] Worker state changed {
  sdkComponent: 'worker',
  taskQueue: 'agat-agat-rag-postgres-session-v1-17',
  state: 'DRAINED'
}
2026-09-28T02:24:09.332Z [INFO] Worker state changed {
  sdkComponent: 'worker',
  taskQueue: 'agat-agat-rag-postgres-session-v1-17',
  state: 'STOPPED'
}
replay ok · agat-rag-postgres-session-v1.json · Real PostgreSQL 17.6 Temporal RAG, session embedding transport, production runtime/tenant roles and isolated retrieval. Lost tick acknowledgement, durable timer, SIGKILL worker replacement, three accepted primary outputs and native replay without I/O. SDK 1.24.0.
2026-09-28T02:24:09.344Z [INFO] Worker state changed {
  sdkComponent: 'worker',
  taskQueue: 'agat-agat-rag-recovery-isolated-v1-18',
  state: 'RUNNING'
}
2026-09-28T02:24:09.360Z [INFO] Worker state changed {
  sdkComponent: 'worker',
  taskQueue: 'agat-agat-rag-recovery-isolated-v1-18',
  state: 'STOPPING'
}
2026-09-28T02:24:09.360Z [INFO] Worker state changed {
  sdkComponent: 'worker',
  taskQueue: 'agat-agat-rag-recovery-isolated-v1-18',
  state: 'DRAINING'
}
2026-09-28T02:24:09.360Z [INFO] Worker state changed {
  sdkComponent: 'worker',
  taskQueue: 'agat-agat-rag-recovery-isolated-v1-18',
  state: 'DRAINED'
}
2026-09-28T02:24:09.360Z [INFO] Worker state changed {
  sdkComponent: 'worker',
  taskQueue: 'agat-agat-rag-recovery-isolated-v1-18',
  state: 'STOPPED'
}
replay ok · agat-rag-recovery-isolated-v1.json · Real Temporal RAG isolated: Activity retry, durable timer, SIGKILL/restart, three primary stages with shadow/provenance
2026-09-28T02:24:09.372Z [INFO] Worker state changed {
  sdkComponent: 'worker',
  taskQueue: 'agat-agat-rag-recovery-session-v1-19',
  state: 'RUNNING'
}
2026-09-28T02:24:09.385Z [INFO] Worker state changed {
  sdkComponent: 'worker',
  taskQueue: 'agat-agat-rag-recovery-session-v1-19',
  state: 'STOPPING'
}
2026-09-28T02:24:09.385Z [INFO] Worker state changed {
  sdkComponent: 'worker',
  taskQueue: 'agat-agat-rag-recovery-session-v1-19',
  state: 'DRAINING'
}
2026-09-28T02:24:09.385Z [INFO] Worker state changed {
  sdkComponent: 'worker',
  taskQueue: 'agat-agat-rag-recovery-session-v1-19',
  state: 'DRAINED'
}
2026-09-28T02:24:09.385Z [INFO] Worker state changed {
  sdkComponent: 'worker',
  taskQueue: 'agat-agat-rag-recovery-session-v1-19',
  state: 'STOPPED'
}
replay ok · agat-rag-recovery-session-v1.json · Real Temporal RAG session: Activity retry, durable timer, SIGKILL/restart, three primary stages with shadow/provenance
2026-09-28T02:24:09.396Z [INFO] Worker state changed {
  sdkComponent: 'worker',
  taskQueue: 'agat-agat-scheduled-cancel-after-commit-compensating-v1-20',
  state: 'RUNNING'
}
2026-09-28T02:24:09.404Z [INFO] Worker state changed {
  sdkComponent: 'worker',
  taskQueue: 'agat-agat-scheduled-cancel-after-commit-compensating-v1-20',
  state: 'STOPPING'
}
2026-09-28T02:24:09.404Z [INFO] Worker state changed {
  sdkComponent: 'worker',
  taskQueue: 'agat-agat-scheduled-cancel-after-commit-compensating-v1-20',
  state: 'DRAINING'
}
2026-09-28T02:24:09.404Z [INFO] Worker state changed {
  sdkComponent: 'worker',
  taskQueue: 'agat-agat-scheduled-cancel-after-commit-compensating-v1-20',
  state: 'DRAINED'
}
2026-09-28T02:24:09.404Z [INFO] Worker state changed {
  sdkComponent: 'worker',
  taskQueue: 'agat-agat-scheduled-cancel-after-commit-compensating-v1-20',
  state: 'STOPPED'
}
replay ok · agat-scheduled-cancel-after-commit-compensating-v1.json · Scheduled creation cancellation intent at after-commit-compensating; lost cleanup reply and durable fencing
2026-09-28T02:24:09.416Z [INFO] Worker state changed {
  sdkComponent: 'worker',
  taskQueue: 'agat-agat-scheduled-cancel-after-commit-v1-21',
  state: 'RUNNING'
}
2026-09-28T02:24:09.423Z [INFO] Worker state changed {
  sdkComponent: 'worker',
  taskQueue: 'agat-agat-scheduled-cancel-after-commit-v1-21',
  state: 'STOPPING'
}
2026-09-28T02:24:09.423Z [INFO] Worker state changed {
  sdkComponent: 'worker',
  taskQueue: 'agat-agat-scheduled-cancel-after-commit-v1-21',
  state: 'DRAINING'
}
2026-09-28T02:24:09.423Z [INFO] Worker state changed {
  sdkComponent: 'worker',
  taskQueue: 'agat-agat-scheduled-cancel-after-commit-v1-21',
  state: 'DRAINED'
}
2026-09-28T02:24:09.423Z [INFO] Worker state changed {
  sdkComponent: 'worker',
  taskQueue: 'agat-agat-scheduled-cancel-after-commit-v1-21',
  state: 'STOPPED'
}
replay ok · agat-scheduled-cancel-after-commit-v1.json · Scheduled creation cancellation intent at after-commit; lost cleanup reply and durable fencing
2026-09-28T02:24:09.434Z [INFO] Worker state changed {
  sdkComponent: 'worker',
  taskQueue: 'agat-agat-scheduled-cancel-before-commit-v1-22',
  state: 'RUNNING'
}
2026-09-28T02:24:09.440Z [INFO] Worker state changed {
  sdkComponent: 'worker',
  taskQueue: 'agat-agat-scheduled-cancel-before-commit-v1-22',
  state: 'STOPPING'
}
2026-09-28T02:24:09.440Z [INFO] Worker state changed {
  sdkComponent: 'worker',
  taskQueue: 'agat-agat-scheduled-cancel-before-commit-v1-22',
  state: 'DRAINING'
}
2026-09-28T02:24:09.440Z [INFO] Worker state changed {
  sdkComponent: 'worker',
  taskQueue: 'agat-agat-scheduled-cancel-before-commit-v1-22',
  state: 'DRAINED'
}
2026-09-28T02:24:09.440Z [INFO] Worker state changed {
  sdkComponent: 'worker',
  taskQueue: 'agat-agat-scheduled-cancel-before-commit-v1-22',
  state: 'STOPPED'
}
replay ok · agat-scheduled-cancel-before-commit-v1.json · Scheduled creation cancellation intent at before-commit; lost cleanup reply and durable fencing
2026-09-28T02:24:09.451Z [INFO] Worker state changed {
  sdkComponent: 'worker',
  taskQueue: 'agat-agat-scheduled-cancel-legacy-after-commit-v1-23',
  state: 'RUNNING'
}
2026-09-28T02:24:09.456Z [INFO] Worker state changed {
  sdkComponent: 'worker',
  taskQueue: 'agat-agat-scheduled-cancel-legacy-after-commit-v1-23',
  state: 'STOPPING'
}
2026-09-28T02:24:09.457Z [INFO] Worker state changed {
  sdkComponent: 'worker',
  taskQueue: 'agat-agat-scheduled-cancel-legacy-after-commit-v1-23',
  state: 'DRAINING'
}
2026-09-28T02:24:09.457Z [INFO] Worker state changed {
  sdkComponent: 'worker',
  taskQueue: 'agat-agat-scheduled-cancel-legacy-after-commit-v1-23',
  state: 'DRAINED'
}
2026-09-28T02:24:09.457Z [INFO] Worker state changed {
  sdkComponent: 'worker',
  taskQueue: 'agat-agat-scheduled-cancel-legacy-after-commit-v1-23',
  state: 'STOPPED'
}
replay ok · agat-scheduled-cancel-legacy-after-commit-v1.json · Legacy scheduled parent cancelled before child creation; retain old command sequence on replay
2026-09-28T02:24:09.476Z [INFO] Worker state changed {
  sdkComponent: 'worker',
  taskQueue: 'agat-agat-scheduled-cancel-legacy-before-commit-v1-24',
  state: 'RUNNING'
}
2026-09-28T02:24:09.481Z [INFO] Worker state changed {
  sdkComponent: 'worker',
  taskQueue: 'agat-agat-scheduled-cancel-legacy-before-commit-v1-24',
  state: 'STOPPING'
}
2026-09-28T02:24:09.481Z [INFO] Worker state changed {
  sdkComponent: 'worker',
  taskQueue: 'agat-agat-scheduled-cancel-legacy-before-commit-v1-24',
  state: 'DRAINING'
}
2026-09-28T02:24:09.481Z [INFO] Worker state changed {
  sdkComponent: 'worker',
  taskQueue: 'agat-agat-scheduled-cancel-legacy-before-commit-v1-24',
  state: 'DRAINED'
}
2026-09-28T02:24:09.481Z [INFO] Worker state changed {
  sdkComponent: 'worker',
  taskQueue: 'agat-agat-scheduled-cancel-legacy-before-commit-v1-24',
  state: 'STOPPED'
}
replay ok · agat-scheduled-cancel-legacy-before-commit-v1.json · Legacy scheduled parent cancelled before child creation; retain old command sequence on replay
2026-09-28T02:24:09.492Z [INFO] Worker state changed {
  sdkComponent: 'worker',
  taskQueue: 'agat-agat-scheduled-durable-retry-v1-25',
  state: 'RUNNING'
}
2026-09-28T02:24:09.497Z [INFO] Worker state changed {
  sdkComponent: 'worker',
  taskQueue: 'agat-agat-scheduled-durable-retry-v1-25',
  state: 'STOPPING'
}
2026-09-28T02:24:09.497Z [INFO] Worker state changed {
  sdkComponent: 'worker',
  taskQueue: 'agat-agat-scheduled-durable-retry-v1-25',
  state: 'DRAINING'
}
2026-09-28T02:24:09.497Z [INFO] Worker state changed {
  sdkComponent: 'worker',
  taskQueue: 'agat-agat-scheduled-durable-retry-v1-25',
  state: 'DRAINED'
}
2026-09-28T02:24:09.497Z [INFO] Worker state changed {
  sdkComponent: 'worker',
  taskQueue: 'agat-agat-scheduled-durable-retry-v1-25',
  state: 'STOPPED'
}
replay ok · agat-scheduled-durable-retry-v1.json · Real Temporal scheduled parent: the first create commits but loses its acknowledgement, twelve transient failures span 120 seconds, and the thirteenth attempt at 135 seconds recovers the same instance and starts one completed child. Durable retry patch, real intervals, SDK 1.24.0.
2026-09-28T02:24:09.508Z [INFO] Worker state changed {
  sdkComponent: 'worker',
  taskQueue: 'agat-agat-scheduled-owner-recovery-v1-26',
  state: 'RUNNING'
}
2026-09-28T02:24:09.513Z [INFO] Worker state changed {
  sdkComponent: 'worker',
  taskQueue: 'agat-agat-scheduled-owner-recovery-v1-26',
  state: 'STOPPING'
}
2026-09-28T02:24:09.514Z [INFO] Worker state changed {
  sdkComponent: 'worker',
  taskQueue: 'agat-agat-scheduled-owner-recovery-v1-26',
  state: 'DRAINING'
}
2026-09-28T02:24:09.514Z [INFO] Worker state changed {
  sdkComponent: 'worker',
  taskQueue: 'agat-agat-scheduled-owner-recovery-v1-26',
  state: 'DRAINED'
}
2026-09-28T02:24:09.514Z [INFO] Worker state changed {
  sdkComponent: 'worker',
  taskQueue: 'agat-agat-scheduled-owner-recovery-v1-26',
  state: 'STOPPED'
}
replay ok · agat-scheduled-owner-recovery-v1.json · Real scheduled parent after lost start acknowledgement and two coordinator SIGKILL/restarts, before and after child start; preserves parent linkage and one child run. Client identities normalized.
2026-09-28T02:24:09.525Z [INFO] Worker state changed {
  sdkComponent: 'worker',
  taskQueue: 'agat-agat-scheduled-parent-child-v1-27',
  state: 'RUNNING'
}
2026-09-28T02:24:09.531Z [INFO] Worker state changed {
  sdkComponent: 'worker',
  taskQueue: 'agat-agat-scheduled-parent-child-v1-27',
  state: 'STOPPING'
}
2026-09-28T02:24:09.531Z [INFO] Worker state changed {
  sdkComponent: 'worker',
  taskQueue: 'agat-agat-scheduled-parent-child-v1-27',
  state: 'DRAINING'
}
2026-09-28T02:24:09.531Z [INFO] Worker state changed {
  sdkComponent: 'worker',
  taskQueue: 'agat-agat-scheduled-parent-child-v1-27',
  state: 'DRAINED'
}
2026-09-28T02:24:09.531Z [INFO] Worker state changed {
  sdkComponent: 'worker',
  taskQueue: 'agat-agat-scheduled-parent-child-v1-27',
  state: 'STOPPED'
}
replay ok · agat-scheduled-parent-child-v1.json · agatScheduledProcessWorkflow creates an instance and completes through a child agatProcessWorkflow
2026-09-28T02:24:09.552Z [INFO] Worker state changed {
  sdkComponent: 'worker',
  taskQueue: 'agat-agat-scheduled-retry-exhausted-legacy-v1-28',
  state: 'RUNNING'
}
2026-09-28T02:24:09.556Z [INFO] Worker state changed {
  sdkComponent: 'worker',
  taskQueue: 'agat-agat-scheduled-retry-exhausted-legacy-v1-28',
  state: 'STOPPING'
}
2026-09-28T02:24:09.556Z [INFO] Worker state changed {
  sdkComponent: 'worker',
  taskQueue: 'agat-agat-scheduled-retry-exhausted-legacy-v1-28',
  state: 'DRAINING'
}
2026-09-28T02:24:09.556Z [INFO] Worker state changed {
  sdkComponent: 'worker',
  taskQueue: 'agat-agat-scheduled-retry-exhausted-legacy-v1-28',
  state: 'DRAINED'
}
2026-09-28T02:24:09.556Z [INFO] Worker state changed {
  sdkComponent: 'worker',
  taskQueue: 'agat-agat-scheduled-retry-exhausted-legacy-v1-28',
  state: 'STOPPED'
}
replay ok · agat-scheduled-retry-exhausted-legacy-v1.json · Legacy scheduled-start exhausts eight retries after committed create; replay retains the recorded failure
2026-09-28T02:24:09.567Z [INFO] Worker state changed {
  sdkComponent: 'worker',
  taskQueue: 'agat-agat-scheduled-start-retry-v1-29',
  state: 'RUNNING'
}
2026-09-28T02:24:09.573Z [INFO] Worker state changed {
  sdkComponent: 'worker',
  taskQueue: 'agat-agat-scheduled-start-retry-v1-29',
  state: 'STOPPING'
}
2026-09-28T02:24:09.573Z [INFO] Worker state changed {
  sdkComponent: 'worker',
  taskQueue: 'agat-agat-scheduled-start-retry-v1-29',
  state: 'DRAINING'
}
2026-09-28T02:24:09.573Z [INFO] Worker state changed {
  sdkComponent: 'worker',
  taskQueue: 'agat-agat-scheduled-start-retry-v1-29',
  state: 'DRAINED'
}
2026-09-28T02:24:09.573Z [INFO] Worker state changed {
  sdkComponent: 'worker',
  taskQueue: 'agat-agat-scheduled-start-retry-v1-29',
  state: 'STOPPED'
}
replay ok · agat-scheduled-start-retry-v1.json · Real scheduled-start lost HTTP acknowledgement: Activity attempt 2 reuses one instance and starts one child workflow. Client identity normalized for the fixture.
