
> agat-platform@1.7.0 fleet:test-temporal-rag
> bash scripts/test-temporal-rag.sh


> @agat/coordinator@1.7.0 build
> tsc -p tsconfig.json


> @agat/temporal-worker@1.7.0 build
> tsc -p tsconfig.json && node dist/build-workflows.js

2026-09-28T02:23:35.695Z [INFO] asset workflow-bundle-1c766690c6be022b3607.js 1.28 MiB [emitted] [immutable] (name: main)
runtime modules 1.34 KiB 4 modules
modules by path ../../node_modules/@temporalio/ 391 KiB
  modules by path ../../node_modules/@temporalio/common/lib/ 167 KiB 36 modules
  modules by path ../../node_modules/@temporalio/workflow/ 224 KiB 29 modules
modules by path ../../node_modules/nexus-rpc/lib/ 22.8 KiB 13 modules
modules by path ./src/ 10.4 KiB
  ./src/workflows-autogenerated-entrypoint.cjs 520 bytes [built] [code generated]
  ./src/workflows.ts 9.84 KiB [built] [code generated]
  ./src/contracts.ts 65 bytes [built] [code generated]
optional modules 30 bytes [optional]
  __temporal_custom_payload_converter (ignored) 15 bytes [optional] [built] [code generated]
  __temporal_custom_failure_converter (ignored) 15 bytes [optional] [built] [code generated]
../../node_modules/long/umd/index.js 49.8 KiB [built] [code generated]
../../node_modules/ms/dist/index.cjs 3.41 KiB [built] [code generated]
webpack 5.109.2 compiled successfully in 286 ms
2026-09-28T02:23:35.699Z [INFO] Workflow bundle created { size: '1.28MB' }
(node:74010) ExperimentalWarning: SQLite is an experimental feature and might change at any time
(Use `node --trace-warnings ...` to show where the warning was created)
2026-09-28T02:23:42.157Z [INFO] Worker state changed {
  sdkComponent: 'worker',
  taskQueue: 'fake_replay_queue-0',
  state: 'RUNNING'
}
2026-09-28T02:23:42.233Z [INFO] Worker state changed {
  sdkComponent: 'worker',
  taskQueue: 'fake_replay_queue-0',
  state: 'STOPPING'
}
2026-09-28T02:23:42.233Z [INFO] Worker state changed {
  sdkComponent: 'worker',
  taskQueue: 'fake_replay_queue-0',
  state: 'DRAINING'
}
2026-09-28T02:23:42.234Z [INFO] Worker state changed {
  sdkComponent: 'worker',
  taskQueue: 'fake_replay_queue-0',
  state: 'DRAINED'
}
2026-09-28T02:23:42.234Z [INFO] Worker state changed {
  sdkComponent: 'worker',
  taskQueue: 'fake_replay_queue-0',
  state: 'STOPPED'
}
2026-09-28T02:23:42.247Z [INFO] Worker state changed {
  sdkComponent: 'worker',
  taskQueue: 'fake_replay_queue-1',
  state: 'RUNNING'
}
2026-09-28T02:23:42.276Z [INFO] Worker state changed {
  sdkComponent: 'worker',
  taskQueue: 'fake_replay_queue-1',
  state: 'STOPPING'
}
2026-09-28T02:23:42.276Z [INFO] Worker state changed {
  sdkComponent: 'worker',
  taskQueue: 'fake_replay_queue-1',
  state: 'DRAINING'
}
2026-09-28T02:23:42.276Z [INFO] Worker state changed {
  sdkComponent: 'worker',
  taskQueue: 'fake_replay_queue-1',
  state: 'DRAINED'
}
2026-09-28T02:23:42.276Z [INFO] Worker state changed {
  sdkComponent: 'worker',
  taskQueue: 'fake_replay_queue-1',
  state: 'STOPPED'
}
✔ Temporal parent cancellation settles application state (3672.945667ms)
2026-09-28T02:23:59.672Z [INFO] Worker state changed {
  sdkComponent: 'worker',
  taskQueue: 'fake_replay_queue-2',
  state: 'RUNNING'
}
2026-09-28T02:23:59.689Z [INFO] Worker state changed {
  sdkComponent: 'worker',
  taskQueue: 'fake_replay_queue-2',
  state: 'STOPPING'
}
2026-09-28T02:23:59.689Z [INFO] Worker state changed {
  sdkComponent: 'worker',
  taskQueue: 'fake_replay_queue-2',
  state: 'DRAINING'
}
2026-09-28T02:23:59.689Z [INFO] Worker state changed {
  sdkComponent: 'worker',
  taskQueue: 'fake_replay_queue-2',
  state: 'DRAINED'
}
2026-09-28T02:23:59.689Z [INFO] Worker state changed {
  sdkComponent: 'worker',
  taskQueue: 'fake_replay_queue-2',
  state: 'STOPPED'
}
2026-09-28T02:23:59.701Z [INFO] Worker state changed {
  sdkComponent: 'worker',
  taskQueue: 'fake_replay_queue-3',
  state: 'RUNNING'
}
2026-09-28T02:23:59.716Z [INFO] Worker state changed {
  sdkComponent: 'worker',
  taskQueue: 'fake_replay_queue-3',
  state: 'STOPPING'
}
2026-09-28T02:23:59.716Z [INFO] Worker state changed {
  sdkComponent: 'worker',
  taskQueue: 'fake_replay_queue-3',
  state: 'DRAINING'
}
2026-09-28T02:23:59.717Z [INFO] Worker state changed {
  sdkComponent: 'worker',
  taskQueue: 'fake_replay_queue-3',
  state: 'DRAINED'
}
2026-09-28T02:23:59.717Z [INFO] Worker state changed {
  sdkComponent: 'worker',
  taskQueue: 'fake_replay_queue-3',
  state: 'STOPPED'
}
✔ Temporal parent cancellation settles application state after compensation and worker restart (17450.730667ms)
(node:74011) ExperimentalWarning: SQLite is an experimental feature and might change at any time
(Use `node --trace-warnings ...` to show where the warning was created)
2026-09-28T02:25:56.158Z [INFO] Worker state changed {
  sdkComponent: 'worker',
  taskQueue: 'fake_replay_queue-0',
  state: 'RUNNING'
}
2026-09-28T02:25:56.192Z [INFO] Worker state changed {
  sdkComponent: 'worker',
  taskQueue: 'fake_replay_queue-0',
  state: 'STOPPING'
}
2026-09-28T02:25:56.192Z [INFO] Worker state changed {
  sdkComponent: 'worker',
  taskQueue: 'fake_replay_queue-0',
  state: 'DRAINING'
}
2026-09-28T02:25:56.192Z [INFO] Worker state changed {
  sdkComponent: 'worker',
  taskQueue: 'fake_replay_queue-0',
  state: 'DRAINED'
}
2026-09-28T02:25:56.192Z [INFO] Worker state changed {
  sdkComponent: 'worker',
  taskQueue: 'fake_replay_queue-0',
  state: 'STOPPED'
}
2026-09-28T02:25:56.205Z [INFO] Worker state changed {
  sdkComponent: 'worker',
  taskQueue: 'fake_replay_queue-1',
  state: 'RUNNING'
}
2026-09-28T02:25:56.222Z [INFO] Worker state changed {
  sdkComponent: 'worker',
  taskQueue: 'fake_replay_queue-1',
  state: 'STOPPING'
}
2026-09-28T02:25:56.222Z [INFO] Worker state changed {
  sdkComponent: 'worker',
  taskQueue: 'fake_replay_queue-1',
  state: 'DRAINING'
}
2026-09-28T02:25:56.222Z [INFO] Worker state changed {
  sdkComponent: 'worker',
  taskQueue: 'fake_replay_queue-1',
  state: 'DRAINED'
}
2026-09-28T02:25:56.222Z [INFO] Worker state changed {
  sdkComponent: 'worker',
  taskQueue: 'fake_replay_queue-1',
  state: 'STOPPED'
}
✔ Temporal process tick survives a long outage with recover (137621.316ms)
2026-09-28T02:26:01.552Z [INFO] Worker state changed {
  sdkComponent: 'worker',
  taskQueue: 'fake_replay_queue-2',
  state: 'RUNNING'
}
2026-09-28T02:26:01.566Z [INFO] Worker state changed {
  sdkComponent: 'worker',
  taskQueue: 'fake_replay_queue-2',
  state: 'STOPPING'
}
2026-09-28T02:26:01.566Z [INFO] Worker state changed {
  sdkComponent: 'worker',
  taskQueue: 'fake_replay_queue-2',
  state: 'DRAINING'
}
2026-09-28T02:26:01.566Z [INFO] Worker state changed {
  sdkComponent: 'worker',
  taskQueue: 'fake_replay_queue-2',
  state: 'DRAINED'
}
2026-09-28T02:26:01.566Z [INFO] Worker state changed {
  sdkComponent: 'worker',
  taskQueue: 'fake_replay_queue-2',
  state: 'STOPPED'
}
2026-09-28T02:26:01.581Z [INFO] Worker state changed {
  sdkComponent: 'worker',
  taskQueue: 'fake_replay_queue-3',
  state: 'RUNNING'
}
2026-09-28T02:26:01.593Z [INFO] Worker state changed {
  sdkComponent: 'worker',
  taskQueue: 'fake_replay_queue-3',
  state: 'STOPPING'
}
2026-09-28T02:26:01.594Z [INFO] Worker state changed {
  sdkComponent: 'worker',
  taskQueue: 'fake_replay_queue-3',
  state: 'DRAINING'
}
2026-09-28T02:26:01.594Z [INFO] Worker state changed {
  sdkComponent: 'worker',
  taskQueue: 'fake_replay_queue-3',
  state: 'DRAINED'
}
2026-09-28T02:26:01.594Z [INFO] Worker state changed {
  sdkComponent: 'worker',
  taskQueue: 'fake_replay_queue-3',
  state: 'STOPPED'
}
✔ Temporal process tick survives a long outage with cancel (5373.624709ms)
(node:74012) ExperimentalWarning: SQLite is an experimental feature and might change at any time
(Use `node --trace-warnings ...` to show where the warning was created)
2026-09-28T02:23:57.507Z [INFO] Worker state changed {
  sdkComponent: 'worker',
  taskQueue: 'fake_replay_queue-0',
  state: 'RUNNING'
}
2026-09-28T02:23:57.552Z [INFO] Worker state changed {
  sdkComponent: 'worker',
  taskQueue: 'fake_replay_queue-0',
  state: 'STOPPING'
}
2026-09-28T02:23:57.552Z [INFO] Worker state changed {
  sdkComponent: 'worker',
  taskQueue: 'fake_replay_queue-0',
  state: 'DRAINING'
}
2026-09-28T02:23:57.553Z [INFO] Worker state changed {
  sdkComponent: 'worker',
  taskQueue: 'fake_replay_queue-0',
  state: 'DRAINED'
}
2026-09-28T02:23:57.553Z [INFO] Worker state changed {
  sdkComponent: 'worker',
  taskQueue: 'fake_replay_queue-0',
  state: 'STOPPED'
}
✔ Temporal RAG sqlite/isolated: retries a lost tick reply, restores a killed worker and replays without model calls (18942.399333ms)
2026-09-28T02:24:15.177Z [INFO] Worker state changed {
  sdkComponent: 'worker',
  taskQueue: 'fake_replay_queue-1',
  state: 'RUNNING'
}
2026-09-28T02:24:15.200Z [INFO] Worker state changed {
  sdkComponent: 'worker',
  taskQueue: 'fake_replay_queue-1',
  state: 'STOPPING'
}
2026-09-28T02:24:15.200Z [INFO] Worker state changed {
  sdkComponent: 'worker',
  taskQueue: 'fake_replay_queue-1',
  state: 'DRAINING'
}
2026-09-28T02:24:15.200Z [INFO] Worker state changed {
  sdkComponent: 'worker',
  taskQueue: 'fake_replay_queue-1',
  state: 'DRAINED'
}
2026-09-28T02:24:15.200Z [INFO] Worker state changed {
  sdkComponent: 'worker',
  taskQueue: 'fake_replay_queue-1',
  state: 'STOPPED'
}
✔ Temporal RAG sqlite/session: retries a lost tick reply, restores a killed worker and replays without model calls (17653.332541ms)
(node:74013) ExperimentalWarning: SQLite is an experimental feature and might change at any time
(Use `node --trace-warnings ...` to show where the warning was created)
2026-09-28T02:23:41.806Z [INFO] Worker state changed {
  sdkComponent: 'worker',
  taskQueue: 'fake_replay_queue-0',
  state: 'RUNNING'
}
2026-09-28T02:23:41.842Z [INFO] Worker state changed {
  sdkComponent: 'worker',
  taskQueue: 'fake_replay_queue-0',
  state: 'STOPPING'
}
2026-09-28T02:23:41.842Z [INFO] Worker state changed {
  sdkComponent: 'worker',
  taskQueue: 'fake_replay_queue-0',
  state: 'DRAINING'
}
2026-09-28T02:23:41.843Z [INFO] Worker state changed {
  sdkComponent: 'worker',
  taskQueue: 'fake_replay_queue-0',
  state: 'DRAINED'
}
2026-09-28T02:23:41.843Z [INFO] Worker state changed {
  sdkComponent: 'worker',
  taskQueue: 'fake_replay_queue-0',
  state: 'STOPPED'
}
✔ Temporal scheduled cancellation fences creation before-commit (3249.046042ms)
2026-09-28T02:23:44.027Z [INFO] Worker state changed {
  sdkComponent: 'worker',
  taskQueue: 'fake_replay_queue-1',
  state: 'RUNNING'
}
2026-09-28T02:23:44.035Z [INFO] Worker state changed {
  sdkComponent: 'worker',
  taskQueue: 'fake_replay_queue-1',
  state: 'STOPPING'
}
2026-09-28T02:23:44.035Z [INFO] Worker state changed {
  sdkComponent: 'worker',
  taskQueue: 'fake_replay_queue-1',
  state: 'DRAINING'
}
2026-09-28T02:23:44.035Z [INFO] Worker state changed {
  sdkComponent: 'worker',
  taskQueue: 'fake_replay_queue-1',
  state: 'DRAINED'
}
2026-09-28T02:23:44.035Z [INFO] Worker state changed {
  sdkComponent: 'worker',
  taskQueue: 'fake_replay_queue-1',
  state: 'STOPPED'
}
✔ Temporal scheduled cancellation fences creation after-commit (2180.7995ms)
2026-09-28T02:24:46.058Z [INFO] Worker state changed {
  sdkComponent: 'worker',
  taskQueue: 'fake_replay_queue-2',
  state: 'RUNNING'
}
2026-09-28T02:24:46.076Z [INFO] Worker state changed {
  sdkComponent: 'worker',
  taskQueue: 'fake_replay_queue-2',
  state: 'STOPPING'
}
2026-09-28T02:24:46.076Z [INFO] Worker state changed {
  sdkComponent: 'worker',
  taskQueue: 'fake_replay_queue-2',
  state: 'DRAINING'
}
2026-09-28T02:24:46.076Z [INFO] Worker state changed {
  sdkComponent: 'worker',
  taskQueue: 'fake_replay_queue-2',
  state: 'DRAINED'
}
2026-09-28T02:24:46.076Z [INFO] Worker state changed {
  sdkComponent: 'worker',
  taskQueue: 'fake_replay_queue-2',
  state: 'STOPPED'
}
✔ Temporal scheduled cancellation fences creation after-commit-compensating (62066.128458ms)
(node:74014) ExperimentalWarning: SQLite is an experimental feature and might change at any time
(Use `node --trace-warnings ...` to show where the warning was created)
2026-09-28T02:23:42.744Z [INFO] Worker state changed {
  sdkComponent: 'worker',
  taskQueue: 'fake_replay_queue-0',
  state: 'RUNNING'
}
2026-09-28T02:23:42.788Z [INFO] Worker state changed {
  sdkComponent: 'worker',
  taskQueue: 'fake_replay_queue-0',
  state: 'STOPPING'
}
2026-09-28T02:23:42.788Z [INFO] Worker state changed {
  sdkComponent: 'worker',
  taskQueue: 'fake_replay_queue-0',
  state: 'DRAINING'
}
2026-09-28T02:23:42.789Z [INFO] Worker state changed {
  sdkComponent: 'worker',
  taskQueue: 'fake_replay_queue-0',
  state: 'DRAINED'
}
2026-09-28T02:23:42.789Z [INFO] Worker state changed {
  sdkComponent: 'worker',
  taskQueue: 'fake_replay_queue-0',
  state: 'STOPPED'
}
✔ Temporal scheduled child keeps its parent ownership across coordinator restart before and after child start (4199.206125ms)
(node:74015) ExperimentalWarning: SQLite is an experimental feature and might change at any time
(Use `node --trace-warnings ...` to show where the warning was created)
2026-09-28T02:25:55.980Z [INFO] Worker state changed {
  sdkComponent: 'worker',
  taskQueue: 'fake_replay_queue-0',
  state: 'RUNNING'
}
2026-09-28T02:25:56.011Z [INFO] Worker state changed {
  sdkComponent: 'worker',
  taskQueue: 'fake_replay_queue-0',
  state: 'STOPPING'
}
2026-09-28T02:25:56.012Z [INFO] Worker state changed {
  sdkComponent: 'worker',
  taskQueue: 'fake_replay_queue-0',
  state: 'DRAINING'
}
2026-09-28T02:25:56.012Z [INFO] Worker state changed {
  sdkComponent: 'worker',
  taskQueue: 'fake_replay_queue-0',
  state: 'DRAINED'
}
2026-09-28T02:25:56.012Z [INFO] Worker state changed {
  sdkComponent: 'worker',
  taskQueue: 'fake_replay_queue-0',
  state: 'STOPPED'
}
✔ Temporal scheduled-start retains a committed instance through an outage beyond its former retry budget (137419.453667ms)
(node:74016) ExperimentalWarning: SQLite is an experimental feature and might change at any time
(Use `node --trace-warnings ...` to show where the warning was created)
2026-09-28T02:23:41.790Z [INFO] Worker state changed {
  sdkComponent: 'worker',
  taskQueue: 'fake_replay_queue-0',
  state: 'RUNNING'
}
2026-09-28T02:23:41.824Z [INFO] Worker state changed {
  sdkComponent: 'worker',
  taskQueue: 'fake_replay_queue-0',
  state: 'STOPPING'
}
2026-09-28T02:23:41.824Z [INFO] Worker state changed {
  sdkComponent: 'worker',
  taskQueue: 'fake_replay_queue-0',
  state: 'DRAINING'
}
2026-09-28T02:23:41.824Z [INFO] Worker state changed {
  sdkComponent: 'worker',
  taskQueue: 'fake_replay_queue-0',
  state: 'DRAINED'
}
2026-09-28T02:23:41.825Z [INFO] Worker state changed {
  sdkComponent: 'worker',
  taskQueue: 'fake_replay_queue-0',
  state: 'STOPPED'
}
✔ Temporal scheduled-start retries a lost response with one durable instance and independent subsequent occurrences (5202.4665ms)
ℹ tests 12
ℹ suites 0
ℹ pass 12
ℹ fail 0
ℹ cancelled 0
ℹ skipped 0
ℹ todo 0
ℹ duration_ms 144374.893292
