
> @agat/coordinator@1.7.0 build
> tsc -p tsconfig.json

(node:34097) ExperimentalWarning: SQLite is an experimental feature and might change at any time
(Use `node --trace-warnings ...` to show where the warning was created)
▶ PostgreSQL Fleet/HA integration
  ✔ real Python embedding worker retires idle helpers and drains a resumed lease (0) (2465.340042ms)
  ℹ idle=0: two exact vectors/leases, 1 helpers reaped, SIGTERM drain and restart without replay
  ✔ real Python embedding worker retires idle helpers and drains a resumed lease (0.15) (2279.204208ms)
  ℹ idle=0.15: two exact vectors/leases, 2 helpers reaped, SIGTERM drain and restart without replay
  ✔ real Python embedding worker suppresses obsolete replies after renewal rejects ownership during model HTTP (session-idle) (46139.483416ms)
  ℹ Renewal HTTP 404; obsolete terminal HTTP attempts=none; model calls=1
  ✔ real Python embedding worker releases its slot and renewer after lost COMMIT acknowledgement (disconnect, session-idle) (1744.017792ms)
  ℹ Python 3.14.3/disconnect/session-idle: completion HTTP 503/200/200, 34 exact vectors, 3 events, 3 renewers exited, no live worker threads
  ✔ real Python embedding worker releases its slot and renewer after lost COMMIT acknowledgement (withhold, session-idle) (2551.362583ms)
  ℹ Python 3.14.3/withhold/session-idle: completion HTTP 503/200/200, 34 exact vectors, 3 events, 3 renewers exited, no live worker threads
✔ PostgreSQL Fleet/HA integration (56632.510542ms)
ℹ tests 5
ℹ suites 1
ℹ pass 5
ℹ fail 0
ℹ cancelled 0
ℹ skipped 0
ℹ todo 0
ℹ duration_ms 57182.910666
