test_active_headers_and_body_outlive_idle_timeout_without_interruption (test_embedding_idle_transport.ProductionIdleLifecycleTests.test_active_headers_and_body_outlive_idle_timeout_without_interruption) ... ok
test_admission_waiting_for_retirement_keeps_deadline_and_cancellation (test_embedding_idle_transport.ProductionIdleLifecycleTests.test_admission_waiting_for_retirement_keeps_deadline_and_cancellation) ... ok
test_caller_waits_for_retirement_then_uses_a_new_helper_once (test_embedding_idle_transport.ProductionIdleLifecycleTests.test_caller_waits_for_retirement_then_uses_a_new_helper_once) ... ok
test_cancel_and_deadline_after_idle_reap_discard_only_the_fresh_helper (test_embedding_idle_transport.ProductionIdleLifecycleTests.test_cancel_and_deadline_after_idle_reap_discard_only_the_fresh_helper) ... ok
test_close_cancels_active_http_and_joins_maintenance_before_return (test_embedding_idle_transport.ProductionIdleLifecycleTests.test_close_cancels_active_http_and_joins_maintenance_before_return) ... ok
test_close_racing_an_idle_retire_does_not_deadlock_or_reopen (test_embedding_idle_transport.ProductionIdleLifecycleTests.test_close_racing_an_idle_retire_does_not_deadlock_or_reopen) ... ok
test_close_signals_active_slot_before_waiting_for_another_slots_retire (test_embedding_idle_transport.ProductionIdleLifecycleTests.test_close_signals_active_slot_before_waiting_for_another_slots_retire) ... ok
test_idle_helper_is_reaped_then_next_request_starts_fresh_without_replay (test_embedding_idle_transport.ProductionIdleLifecycleTests.test_idle_helper_is_reaped_then_next_request_starts_fresh_without_replay) ... ok
test_idle_neighbor_is_retired_while_another_slot_is_active (test_embedding_idle_transport.ProductionIdleLifecycleTests.test_idle_neighbor_is_retired_while_another_slot_is_active) ... ok
test_invalid_idle_timeout_creates_no_helpers_or_maintenance (test_embedding_idle_transport.ProductionIdleLifecycleTests.test_invalid_idle_timeout_creates_no_helpers_or_maintenance) ... ok
test_maintenance_failure_closes_admission_and_remains_visible (test_embedding_idle_transport.ProductionIdleLifecycleTests.test_maintenance_failure_closes_admission_and_remains_visible) ... ok
test_maximum_burst_retires_to_zero_and_restarts_only_for_new_requests (test_embedding_idle_transport.ProductionIdleLifecycleTests.test_maximum_burst_retires_to_zero_and_restarts_only_for_new_requests) ... ok
test_queued_cancel_does_not_interrupt_active_lease_or_refresh_idle (test_embedding_idle_transport.ProductionIdleLifecycleTests.test_queued_cancel_does_not_interrupt_active_lease_or_refresh_idle) ... ok
test_unused_pool_is_lazy_and_close_is_idempotent (test_embedding_idle_transport.ProductionIdleLifecycleTests.test_unused_pool_is_lazy_and_close_is_idempotent) ... ok
test_default_env_cli_and_explicit_disable (test_embedding_idle_transport.WorkerIdleConfigurationTests.test_default_env_cli_and_explicit_disable) ... ok
test_disabled_session_has_no_maintenance_thread (test_embedding_idle_transport.WorkerIdleConfigurationTests.test_disabled_session_has_no_maintenance_thread) ... ok
test_invalid_cli_and_env_values_fail_before_work (test_embedding_idle_transport.WorkerIdleConfigurationTests.test_invalid_cli_and_env_values_fail_before_work) ... ok
test_maintenance_failure_stops_worker_admission_and_heartbeat (test_embedding_idle_transport.WorkerIdleConfigurationTests.test_maintenance_failure_stops_worker_admission_and_heartbeat) ... ok
test_programmatic_invalid_config_does_not_enter_loop (test_embedding_idle_transport.WorkerIdleConfigurationTests.test_programmatic_invalid_config_does_not_enter_loop) ... ok
test_worker_owns_idle_pool_and_closes_after_success_or_exception (test_embedding_idle_transport.WorkerIdleConfigurationTests.test_worker_owns_idle_pool_and_closes_after_success_or_exception) ... ok

----------------------------------------------------------------------
Ran 20 tests in 6.387s

OK
