2026-09-28T07:02:22.561Z [INFO] Worker state changed {
  sdkComponent: 'worker',
  taskQueue: 'real-rag-isolated-0',
  state: 'RUNNING'
}
2026-09-28T07:02:22.650Z [INFO] Worker state changed {
  sdkComponent: 'worker',
  taskQueue: 'real-rag-isolated-0',
  state: 'STOPPING'
}
2026-09-28T07:02:22.650Z [INFO] Worker state changed {
  sdkComponent: 'worker',
  taskQueue: 'real-rag-isolated-0',
  state: 'DRAINING'
}
2026-09-28T07:02:22.651Z [INFO] Worker state changed {
  sdkComponent: 'worker',
  taskQueue: 'real-rag-isolated-0',
  state: 'DRAINED'
}
2026-09-28T07:02:22.651Z [INFO] Worker state changed {
  sdkComponent: 'worker',
  taskQueue: 'real-rag-isolated-0',
  state: 'STOPPED'
}
2026-09-28T07:02:22.666Z [INFO] Worker state changed {
  sdkComponent: 'worker',
  taskQueue: 'real-rag-session-1',
  state: 'RUNNING'
}
2026-09-28T07:02:22.694Z [INFO] Worker state changed {
  sdkComponent: 'worker',
  taskQueue: 'real-rag-session-1',
  state: 'STOPPING'
}
2026-09-28T07:02:22.694Z [INFO] Worker state changed {
  sdkComponent: 'worker',
  taskQueue: 'real-rag-session-1',
  state: 'DRAINING'
}
2026-09-28T07:02:22.695Z [INFO] Worker state changed {
  sdkComponent: 'worker',
  taskQueue: 'real-rag-session-1',
  state: 'DRAINED'
}
2026-09-28T07:02:22.695Z [INFO] Worker state changed {
  sdkComponent: 'worker',
  taskQueue: 'real-rag-session-1',
  state: 'STOPPED'
}
