{
  "status": "pass",
  "blocks": [
    {
      "id": "0_isolated",
      "transport": "isolated",
      "phaseWallMs": 36839.681,
      "ingestionMs": 2491.018,
      "workflowsMs": {
        "count": 3,
        "min": 20299.887,
        "p50": 23561.76,
        "p95": 34185.101,
        "max": 34185.101
      },
      "workerEmbeddingMs": {
        "count": 11,
        "min": 112.07,
        "p50": 131.722,
        "p95": 274.458,
        "max": 274.458
      },
      "proxyEmbeddingMs": {
        "count": 11,
        "min": 23.591,
        "p50": 53.342,
        "p95": 165.809,
        "max": 165.809
      },
      "primaryHttpMs": {
        "count": 9,
        "min": 2961.358,
        "p50": 6987.849,
        "p95": 7983.379,
        "max": 7983.379
      },
      "workerRssMiB": {
        "count": 301,
        "min": 30.812,
        "p50": 74.109,
        "p95": 74.906,
        "max": 85.125
      },
      "helperTotalRssMiB": {
        "count": 301,
        "min": 0.0,
        "p50": 0.0,
        "p95": 0.0,
        "max": 32.188
      },
      "sampleCount": 301,
      "helperCount": 11,
      "embeddingCalls": 11,
      "embeddingItems": 11,
      "bothSourcesCitedStages": 9,
      "unknownCitationCount": 0,
      "inputTokens": 7602,
      "outputTokens": 1032,
      "ownedHttp": {
        "kinds": {
          "Embedding": {
            "requestCount": 11,
            "helperCount": 11,
            "sampledHelperCount": 11,
            "unsampledHelperCount": 0,
            "ownerMs": {
              "count": 11,
              "min": 110.883,
              "p50": 130.547,
              "p95": 270.994,
              "max": 270.994
            },
            "ownerTotalMs": 1868.919,
            "helperTotalRssMiB": {
              "count": 301,
              "min": 0.0,
              "p50": 0.0,
              "p95": 0.0,
              "max": 32.188
            },
            "proxyMs": {
              "count": 11,
              "min": 23.591,
              "p50": 53.342,
              "p95": 165.809,
              "max": 165.809
            },
            "proxyTotalMs": 816.987,
            "ownerMinusProxyTotalMs": 1051.932
          },
          "Model": {
            "requestCount": 9,
            "helperCount": 9,
            "sampledHelperCount": 9,
            "unsampledHelperCount": 0,
            "ownerMs": {
              "count": 9,
              "min": 3037.194,
              "p50": 7073.35,
              "p95": 8068.355,
              "max": 8068.355
            },
            "ownerTotalMs": 54257.003,
            "helperTotalRssMiB": {
              "count": 301,
              "min": 0.0,
              "p50": 46.266,
              "p95": 55.719,
              "max": 55.719
            },
            "proxyMs": {
              "count": 9,
              "min": 2961.358,
              "p50": 6987.849,
              "p95": 7983.379,
              "max": 7983.379
            },
            "proxyTotalMs": 53479.929,
            "ownerMinusProxyTotalMs": 777.074
          },
          "Knowledge": {
            "requestCount": 9,
            "helperCount": 9,
            "sampledHelperCount": 7,
            "unsampledHelperCount": 2,
            "ownerMs": {
              "count": 9,
              "min": 74.731,
              "p50": 84.13,
              "p95": 117.866,
              "max": 117.866
            },
            "ownerTotalMs": 804.12,
            "helperTotalRssMiB": {
              "count": 301,
              "min": 0.0,
              "p50": 0.0,
              "p95": 0.0,
              "max": 33.484
            }
          }
        },
        "helperCount": 29,
        "sampleCount": 301,
        "helperTotalRssMiB": {
          "count": 301,
          "min": 0.0,
          "p50": 48.859,
          "p95": 55.719,
          "max": 55.734
        }
      }
    },
    {
      "id": "1_session",
      "transport": "session",
      "phaseWallMs": 30667.333,
      "ingestionMs": 2084.207,
      "workflowsMs": {
        "count": 3,
        "min": 16031.442,
        "p50": 19238.431,
        "p95": 28418.525,
        "max": 28418.525
      },
      "workerEmbeddingMs": {
        "count": 11,
        "min": 29.881,
        "p50": 65.607,
        "p95": 324.818,
        "max": 324.818
      },
      "proxyEmbeddingMs": {
        "count": 11,
        "min": 27.059,
        "p50": 62.821,
        "p95": 231.965,
        "max": 231.965
      },
      "primaryHttpMs": {
        "count": 9,
        "min": 2708.706,
        "p50": 5562.302,
        "p95": 6194.558,
        "max": 6194.558
      },
      "workerRssMiB": {
        "count": 253,
        "min": 31.0,
        "p50": 42.203,
        "p95": 78.25,
        "max": 85.188
      },
      "helperTotalRssMiB": {
        "count": 253,
        "min": 0.0,
        "p50": 44.188,
        "p95": 52.391,
        "max": 59.547
      },
      "sampleCount": 253,
      "helperCount": 2,
      "embeddingCalls": 11,
      "embeddingItems": 11,
      "bothSourcesCitedStages": 9,
      "unknownCitationCount": 0,
      "inputTokens": 7602,
      "outputTokens": 1032,
      "ownedHttp": {
        "kinds": {
          "Embedding": {
            "requestCount": 11,
            "helperCount": 2,
            "sampledHelperCount": 2,
            "unsampledHelperCount": 0,
            "ownerMs": {
              "count": 11,
              "min": 28.657,
              "p50": 64.31,
              "p95": 323.676,
              "max": 323.676
            },
            "ownerTotalMs": 1208.224,
            "helperTotalRssMiB": {
              "count": 253,
              "min": 0.0,
              "p50": 44.188,
              "p95": 52.391,
              "max": 59.547
            },
            "proxyMs": {
              "count": 11,
              "min": 27.059,
              "p50": 62.821,
              "p95": 231.965,
              "max": 231.965
            },
            "proxyTotalMs": 986.589,
            "ownerMinusProxyTotalMs": 221.635
          },
          "Model": {
            "requestCount": 9,
            "helperCount": 9,
            "sampledHelperCount": 9,
            "unsampledHelperCount": 0,
            "ownerMs": {
              "count": 9,
              "min": 2787.546,
              "p50": 5706.627,
              "p95": 6297.731,
              "max": 6297.731
            },
            "ownerTotalMs": 44861.433,
            "helperTotalRssMiB": {
              "count": 253,
              "min": 0.0,
              "p50": 47.797,
              "p95": 55.469,
              "max": 55.781
            },
            "proxyMs": {
              "count": 9,
              "min": 2708.706,
              "p50": 5562.302,
              "p95": 6194.558,
              "max": 6194.558
            },
            "proxyTotalMs": 43929.217,
            "ownerMinusProxyTotalMs": 932.216
          },
          "Knowledge": {
            "requestCount": 9,
            "helperCount": 9,
            "sampledHelperCount": 6,
            "unsampledHelperCount": 3,
            "ownerMs": {
              "count": 9,
              "min": 77.083,
              "p50": 102.149,
              "p95": 231.715,
              "max": 231.715
            },
            "ownerTotalMs": 1029.346,
            "helperTotalRssMiB": {
              "count": 253,
              "min": 0.0,
              "p50": 0.0,
              "p95": 0.0,
              "max": 27.547
            }
          }
        },
        "helperCount": 20,
        "sampleCount": 253,
        "helperTotalRssMiB": {
          "count": 253,
          "min": 0.0,
          "p50": 91.859,
          "p95": 107.859,
          "max": 114.984
        }
      }
    },
    {
      "id": "2_session",
      "transport": "session",
      "phaseWallMs": 28730.679,
      "ingestionMs": 1759.427,
      "workflowsMs": {
        "count": 3,
        "min": 14481.441,
        "p50": 17568.649,
        "p95": 26761.537,
        "max": 26761.537
      },
      "workerEmbeddingMs": {
        "count": 11,
        "min": 23.007,
        "p50": 59.649,
        "p95": 109.899,
        "max": 109.899
      },
      "proxyEmbeddingMs": {
        "count": 11,
        "min": 20.468,
        "p50": 44.915,
        "p95": 67.285,
        "max": 67.285
      },
      "primaryHttpMs": {
        "count": 9,
        "min": 2723.378,
        "p50": 5231.74,
        "p95": 5671.312,
        "max": 5671.312
      },
      "workerRssMiB": {
        "count": 240,
        "min": 30.922,
        "p50": 69.156,
        "p95": 85.062,
        "max": 85.078
      },
      "helperTotalRssMiB": {
        "count": 240,
        "min": 0.0,
        "p50": 43.438,
        "p95": 58.312,
        "max": 58.312
      },
      "sampleCount": 240,
      "helperCount": 2,
      "embeddingCalls": 11,
      "embeddingItems": 11,
      "bothSourcesCitedStages": 9,
      "unknownCitationCount": 0,
      "inputTokens": 7602,
      "outputTokens": 1032,
      "ownedHttp": {
        "kinds": {
          "Embedding": {
            "requestCount": 11,
            "helperCount": 2,
            "sampledHelperCount": 2,
            "unsampledHelperCount": 0,
            "ownerMs": {
              "count": 11,
              "min": 21.84,
              "p50": 58.403,
              "p95": 108.837,
              "max": 108.837
            },
            "ownerTotalMs": 668.329,
            "helperTotalRssMiB": {
              "count": 240,
              "min": 0.0,
              "p50": 43.438,
              "p95": 58.312,
              "max": 58.312
            },
            "proxyMs": {
              "count": 11,
              "min": 20.468,
              "p50": 44.915,
              "p95": 67.285,
              "max": 67.285
            },
            "proxyTotalMs": 515.088,
            "ownerMinusProxyTotalMs": 153.241
          },
          "Model": {
            "requestCount": 9,
            "helperCount": 9,
            "sampledHelperCount": 9,
            "unsampledHelperCount": 0,
            "ownerMs": {
              "count": 9,
              "min": 2801.274,
              "p50": 5361.89,
              "p95": 5750.511,
              "max": 5750.511
            },
            "ownerTotalMs": 42214.313,
            "helperTotalRssMiB": {
              "count": 240,
              "min": 0.0,
              "p50": 41.516,
              "p95": 56.047,
              "max": 56.047
            },
            "proxyMs": {
              "count": 9,
              "min": 2723.378,
              "p50": 5231.74,
              "p95": 5671.312,
              "max": 5671.312
            },
            "proxyTotalMs": 41388.142,
            "ownerMinusProxyTotalMs": 826.171
          },
          "Knowledge": {
            "requestCount": 9,
            "helperCount": 9,
            "sampledHelperCount": 5,
            "unsampledHelperCount": 4,
            "ownerMs": {
              "count": 9,
              "min": 74.339,
              "p50": 88.087,
              "p95": 112.664,
              "max": 112.664
            },
            "ownerTotalMs": 795.749,
            "helperTotalRssMiB": {
              "count": 240,
              "min": 0.0,
              "p50": 0.0,
              "p95": 0.0,
              "max": 28.078
            }
          }
        },
        "helperCount": 20,
        "sampleCount": 240,
        "helperTotalRssMiB": {
          "count": 240,
          "min": 0.0,
          "p50": 84.875,
          "p95": 113.938,
          "max": 114.094
        }
      }
    },
    {
      "id": "3_isolated",
      "transport": "isolated",
      "phaseWallMs": 31303.045,
      "ingestionMs": 2382.077,
      "workflowsMs": {
        "count": 3,
        "min": 15260.65,
        "p50": 18518.943,
        "p95": 28753.857,
        "max": 28753.857
      },
      "workerEmbeddingMs": {
        "count": 11,
        "min": 141.345,
        "p50": 164.082,
        "p95": 292.022,
        "max": 292.022
      },
      "proxyEmbeddingMs": {
        "count": 11,
        "min": 31.434,
        "p50": 60.425,
        "p95": 212.583,
        "max": 212.583
      },
      "primaryHttpMs": {
        "count": 9,
        "min": 2958.234,
        "p50": 5254.66,
        "p95": 6067.149,
        "max": 6067.149
      },
      "workerRssMiB": {
        "count": 258,
        "min": 30.766,
        "p50": 70.016,
        "p95": 85.312,
        "max": 85.312
      },
      "helperTotalRssMiB": {
        "count": 258,
        "min": 0.0,
        "p50": 0.0,
        "p95": 0.0,
        "max": 55.328
      },
      "sampleCount": 258,
      "helperCount": 11,
      "embeddingCalls": 11,
      "embeddingItems": 11,
      "bothSourcesCitedStages": 9,
      "unknownCitationCount": 0,
      "inputTokens": 7602,
      "outputTokens": 1032,
      "ownedHttp": {
        "kinds": {
          "Embedding": {
            "requestCount": 11,
            "helperCount": 11,
            "sampledHelperCount": 11,
            "unsampledHelperCount": 0,
            "ownerMs": {
              "count": 11,
              "min": 140.174,
              "p50": 162.805,
              "p95": 290.924,
              "max": 290.924
            },
            "ownerTotalMs": 1998.591,
            "helperTotalRssMiB": {
              "count": 258,
              "min": 0.0,
              "p50": 0.0,
              "p95": 0.0,
              "max": 55.328
            },
            "proxyMs": {
              "count": 11,
              "min": 31.434,
              "p50": 60.425,
              "p95": 212.583,
              "max": 212.583
            },
            "proxyTotalMs": 925.764,
            "ownerMinusProxyTotalMs": 1072.827
          },
          "Model": {
            "requestCount": 9,
            "helperCount": 9,
            "sampledHelperCount": 9,
            "unsampledHelperCount": 0,
            "ownerMs": {
              "count": 9,
              "min": 3046.132,
              "p50": 5340.535,
              "p95": 6176.866,
              "max": 6176.866
            },
            "ownerTotalMs": 43790.078,
            "helperTotalRssMiB": {
              "count": 258,
              "min": 0.0,
              "p50": 45.469,
              "p95": 55.766,
              "max": 55.906
            },
            "proxyMs": {
              "count": 9,
              "min": 2958.234,
              "p50": 5254.66,
              "p95": 6067.149,
              "max": 6067.149
            },
            "proxyTotalMs": 42948.76,
            "ownerMinusProxyTotalMs": 841.318
          },
          "Knowledge": {
            "requestCount": 9,
            "helperCount": 9,
            "sampledHelperCount": 6,
            "unsampledHelperCount": 3,
            "ownerMs": {
              "count": 9,
              "min": 81.187,
              "p50": 92.012,
              "p95": 106.08,
              "max": 106.08
            },
            "ownerTotalMs": 823.758,
            "helperTotalRssMiB": {
              "count": 258,
              "min": 0.0,
              "p50": 0.0,
              "p95": 0.0,
              "max": 39.781
            }
          }
        },
        "helperCount": 29,
        "sampleCount": 258,
        "helperTotalRssMiB": {
          "count": 258,
          "min": 0.0,
          "p50": 46.047,
          "p95": 55.766,
          "max": 55.906
        }
      }
    }
  ],
  "comparison": {
    "firstPrimaryPromptsIdentical": true,
    "allPromptMultisetsIdentical": true,
    "allOutputMultisetsIdentical": true,
    "uniqueEmbeddingInputs": 5,
    "inputsWithDifferingVectors": 0
  },
  "workers": 4,
  "helpers": 26,
  "sourceFiles": 79,
  "qualification": "not_assessed",
  "routingEnabled": false,
  "ownedHttpHelpers": 98
}
