
> @agat/coordinator@1.7.0 build
> tsc -p tsconfig.json

(node:96854) ExperimentalWarning: SQLite is an experimental feature and might change at any time
(Use `node --trace-warnings ...` to show where the warning was created)
▶ PostgreSQL Fleet/HA integration
  ✔ serializes embedding dimensions across jobs with different dimensions (1342.181333ms)
  ℹ Concurrent dimensions/different dimensions: HTTP 200/400, first collection=2
  ✔ serializes embedding dimensions across jobs with matching dimensions (1174.709916ms)
  ℹ Concurrent dimensions/matching dimensions: HTTP 200/200, first collection=2
  ✔ serializes embedding dimensions across jobs with separate collections (1284.369041ms)
  ℹ Concurrent dimensions/separate collections: HTTP 200/200, first collection=2
✔ PostgreSQL Fleet/HA integration (5199.04875ms)
ℹ tests 3
ℹ suites 1
ℹ pass 3
ℹ fail 0
ℹ cancelled 0
ℹ skipped 0
ℹ todo 0
ℹ duration_ms 5765.056583
