
> @agat/coordinator@1.7.0 build
> tsc -p tsconfig.json

(node:1004) ExperimentalWarning: SQLite is an experimental feature and might change at any time
(Use `node --trace-warnings ...` to show where the warning was created)
▶ PostgreSQL Fleet/HA integration
  ✔ reuses the response buffer across large, short, SQL-error and oversized responses (208.584209ms)
  ✔ ranks 10000 wide vectors through a 1 MiB bridge at the operator hard boundary (8590.129333ms)
  ✔ rejects commit after the request deadline, permits rollback and restores the SQL timeout (867.59ms)
  ✔ applies the remaining request deadline to every cursor fetch and cleans up after SQL cancellation (377.69225ms)
  ✔ ranks all worker cursor batches against one snapshot while another connection updates the source (233.752917ms)
  ✔ applies an operator budget above 5000 to real PostgreSQL retrieval without worker override or partial writes (16027.924584ms)
  ✔ rejects expired retrieval leases before maintenance and accepts only the replacement lease across replicas (831.705042ms)
(node:1004) ExperimentalWarning: SQLite is an experimental feature and might change at any time
(Use `node --trace-warnings ...` to show where the warning was created)
(node:1004) ExperimentalWarning: SQLite is an experimental feature and might change at any time
(Use `node --trace-warnings ...` to show where the warning was created)
  ✔ isolates whole retrieval transactions across workers without duplicate markers or partial writes (1686.457209ms)
(node:1004) ExperimentalWarning: SQLite is an experimental feature and might change at any time
(Use `node --trace-warnings ...` to show where the warning was created)
  ✔ rolls back retrieval when its lease expires while writing knowledge_retrievals (6015.513916ms)
  ℹ After the expired write: 0 durable retrievals, 0 retrieval events
(node:1004) ExperimentalWarning: SQLite is an experimental feature and might change at any time
(Use `node --trace-warnings ...` to show where the warning was created)
  ✔ rolls back retrieval when its lease expires while writing events (5917.445208ms)
  ℹ After the expired write: 0 durable retrievals, 0 retrieval events
(node:1004) ExperimentalWarning: SQLite is an experimental feature and might change at any time
(Use `node --trace-warnings ...` to show where the warning was created)
  ✔ rejects a lease that expires while retrieval waits for its run lock (5898.511875ms)
(node:1004) ExperimentalWarning: SQLite is an experimental feature and might change at any time
(Use `node --trace-warnings ...` to show where the warning was created)
  ✔ rejects a lease cancelled by a transaction that retrieval had to wait for (754.483042ms)
(node:1004) ExperimentalWarning: SQLite is an experimental feature and might change at any time
(Use `node --trace-warnings ...` to show where the warning was created)
  ✔ rejects a lease that expires after validation while the knowledge index is blocked (5778.876834ms)
(node:1004) ExperimentalWarning: SQLite is an experimental feature and might change at any time
(Use `node --trace-warnings ...` to show where the warning was created)
  ✔ permits a concurrent lease renewal while retrieval is reading its index (805.432708ms)
(node:1004) ExperimentalWarning: SQLite is an experimental feature and might change at any time
(Use `node --trace-warnings ...` to show where the warning was created)
  ✔ starts isolated retrieval from coordinator main within its pool budget and fails readiness after a deadline (2809.965958ms)
(node:1004) ExperimentalWarning: SQLite is an experimental feature and might change at any time
(Use `node --trace-warnings ...` to show where the warning was created)
  ✔ enforces the retrieval deadline while main is blocked renewing the same stage (3751.371375ms)
(node:1004) ExperimentalWarning: SQLite is an experimental feature and might change at any time
(Use `node --trace-warnings ...` to show where the warning was created)
  ✔ fails closed when a committed retrieval loses its COMMIT acknowledgement (disconnect) (2455.957167ms)
  ℹ Successful COMMIT observed after 45 ms
(node:1004) ExperimentalWarning: SQLite is an experimental feature and might change at any time
(Use `node --trace-warnings ...` to show where the warning was created)
  ✔ fails closed when a committed retrieval loses its COMMIT acknowledgement (withhold) (3375.439333ms)
  ℹ Successful COMMIT observed after 48 ms
(node:1004) ExperimentalWarning: SQLite is an experimental feature and might change at any time
(Use `node --trace-warnings ...` to show where the warning was created)
  ✔ reports an uncertain sync COMMIT as operational failure and replaces its broken pooled connection (1311.479416ms)
(node:1004) ExperimentalWarning: SQLite is an experimental feature and might change at any time
(Use `node --trace-warnings ...` to show where the warning was created)
  ✔ rejects queued retrieval on SIGTERM, preserves active work and recovers without replay (6674.383875ms)
(node:1004) ExperimentalWarning: SQLite is an experimental feature and might change at any time
(Use `node --trace-warnings ...` to show where the warning was created)
  ✔ closes UI and A2A streams on SIGTERM without cancelling durable tasks and resumes events after restart (9759.393583ms)
  ✔ serializes embedding dimensions across jobs with different dimensions (1627.999541ms)
  ℹ Concurrent dimensions/different dimensions: HTTP 200/400, first collection=2
  ✔ serializes embedding dimensions across jobs with matching dimensions (1469.677083ms)
  ℹ Concurrent dimensions/matching dimensions: HTTP 200/200, first collection=2
  ✔ serializes embedding dimensions across jobs with separate collections (1307.555542ms)
  ℹ Concurrent dimensions/separate collections: HTTP 200/200, first collection=2
  ✔ embedding completion rechecks lease expiry after waiting for its collection (5876.037875ms)
  ℹ Completion after collection wait: HTTP 400, indexed=0, events=0
  ✔ stage renewal checks current ownership after expiry during its SQL lock wait (6239.170458ms)
  ℹ Stage renewal/expiry: HTTP 404
  ✔ stage renewal checks current ownership after reassignment during its SQL lock wait (898.30975ms)
  ℹ Stage renewal/reassignment: HTTP 404
  ✔ stage renewal checks current ownership after renewal during its SQL lock wait (6193.476167ms)
  ℹ Stage renewal/renewal: HTTP 204
  ✔ stage renewal rolls back when its UPDATE waits past the admitted deadline (6041.114167ms)
  ℹ stage renewal/UPDATE wait: HTTP 404
  ✔ embedding renewal rolls back when its UPDATE waits past the admitted deadline (6039.52975ms)
  ℹ embedding renewal/UPDATE wait: HTTP 404
  ✔ embedding renew respects expiry while waiting for job ownership over HTTP (6288.938458ms)
  ℹ Embedding renew/expiry: HTTP 404, job=running, document=indexing, indexed=0, events=0
  ✔ embedding renew respects reassignment while waiting for job ownership over HTTP (1151.806791ms)
  ℹ Embedding renew/reassignment: HTTP 404, job=running, document=indexing, indexed=0, events=0
  ✔ embedding renew respects renewal while waiting for job ownership over HTTP (6247.497333ms)
  ℹ Embedding renew/renewal: HTTP 204, job=running, document=indexing, indexed=0, events=0
  ✔ embedding complete respects expiry while waiting for job ownership over HTTP (6151.328125ms)
  ℹ Embedding complete/expiry: HTTP 400, job=running, document=indexing, indexed=0, events=0
  ✔ embedding complete respects reassignment while waiting for job ownership over HTTP (1121.335417ms)
  ℹ Embedding complete/reassignment: HTTP 400, job=running, document=indexing, indexed=0, events=0
  ✔ embedding complete respects renewal while waiting for job ownership over HTTP (6001.9395ms)
  ℹ Embedding complete/renewal: HTTP 200, job=completed, document=ready, indexed=1, events=1
  ✔ embedding fail respects expiry while waiting for job ownership over HTTP (5970.576541ms)
  ℹ Embedding fail/expiry: HTTP 400, job=running, document=indexing, indexed=0, events=0
  ✔ embedding fail respects reassignment while waiting for job ownership over HTTP (1189.705ms)
  ℹ Embedding fail/reassignment: HTTP 400, job=running, document=indexing, indexed=0, events=0
  ✔ embedding fail respects renewal while waiting for job ownership over HTTP (6327.011916ms)
  ℹ Embedding fail/renewal: HTTP 200, job=pending, document=pending, indexed=0, events=1
  ✔ embedding complete rolls back when an event lock outlasts its lease over HTTP (5988.883167ms)
  ℹ Embedding complete/event lock: HTTP 400, indexed=0, events=0
  ✔ embedding fail rolls back when an event lock outlasts its lease over HTTP (5991.822625ms)
  ℹ Embedding fail/event lock: HTTP 400, indexed=0, events=0
  ✔ embedding maintenance preserves a renewal that holds its job row past the old expiry (3024.733667ms)
  ℹ Embedding maintenance/renewal: health=200, job=running, document=indexing, failures=0
  ✔ embedding maintenance stays responsive while a late completion rolls back across coordinators (6670.735875ms)
  ℹ Embedding maintenance/completion: HTTP 400, health=200, job=running, document=indexing, indexed=0, events=0
  ✔ maintenance preserves a timely renewal while its stage row is locked (3118.859583ms)
  ℹ Renewal after maintenance: health=200, stage=running, expiryEvents=0
  ✔ maintenance preserves an admitted completion held past expiry by an event lock (6516.597708ms)
  ℹ Completion after maintenance: health=200, run=completed, expiryEvents=0
  ✔ maintenance reclaims an expired lease once across two coordinators (5575.374041ms)
  ℹ Two maintainers: healthy=2, expiryEvents=1
  ✔ checks current ownership before complete after a concurrent expiry over HTTP (6070.726958ms)
  ℹ complete/expiry: wait=stage read, HTTP 400, stage=running, artifacts=0
  ✔ checks current ownership before complete after a concurrent reassignment over HTTP (1010.692209ms)
  ℹ complete/reassignment: wait=stage read, HTTP 400, stage=running, artifacts=0
  ✔ checks current ownership before complete after a concurrent renewal over HTTP (6063.293667ms)
  ℹ complete/renewal: wait=stage read, HTTP 200, stage=completed, artifacts=3
  ✔ checks current ownership before fail after a concurrent expiry over HTTP (6094.946542ms)
  ℹ fail/expiry: wait=stage read, HTTP 400, stage=running, artifacts=0
  ✔ checks current ownership before fail after a concurrent reassignment over HTTP (1026.477875ms)
  ℹ fail/reassignment: wait=stage read, HTTP 400, stage=running, artifacts=0
  ✔ checks current ownership before fail after a concurrent renewal over HTTP (6132.066833ms)
  ℹ fail/renewal: wait=stage read, HTTP 200, stage=queued, artifacts=0
  ✔ rejects shadow results when the lease expires during stage lock over HTTP (6250.92875ms)
  ℹ After expiry at stage lock: HTTP 400, observation=false, events=0
  ✔ rejects shadow results when the lease expires during event insert over HTTP (6234.88975ms)
  ℹ After expiry at event insert: HTTP 400, observation=false, events=0
  ✔ rejects shadow results when the lease expires during idempotent retry over HTTP (6242.49575ms)
  ℹ After expiry at idempotent retry: HTTP 400, observation=true, events=1
  ✔ persists one shadow observation across replicas and restart with tenant RLS and unchanged primary output (1391.251458ms)
  ✔ streams large valid RAG vectors, preserves cursor snapshots and rolls back failures across replicas (4187.650958ms)
  ✔ rejects a tenant connection that resolves to the system BYPASSRLS role (102.557541ms)
  ✔ keeps the runtime role DDL-free after a separate migration gate (340.337875ms)
  ✔ rejects a schema Job while a coordinator replica is active (349.871875ms)
  ✔ rejects runtime startup after out-of-band schema drift (167.198208ms)
  ✔ shares state between replicas, serializes project quota and enforces RLS (850.421291ms)
✔ PostgreSQL Fleet/HA integration (251188.737916ms)
ℹ tests 62
ℹ suites 1
ℹ pass 62
ℹ fail 0
ℹ cancelled 0
ℹ skipped 0
ℹ todo 0
ℹ duration_ms 251737.872625
