✔ isolated retrieval is an explicit PostgreSQL opt-in with a reserved pool budget (2.919958ms)
✔ retrieval queue and deadline settings reject malformed values and enforce their hard bounds (1.878291ms)
✔ coordinator and retrieval pools together fit the already admitted per-role capacity (0.181458ms)
(node:61050) ExperimentalWarning: SQLite is an experimental feature and might change at any time
(Use `node --trace-warnings ...` to show where the warning was created)
(node:61050) ExperimentalWarning: SQLite is an experimental feature and might change at any time
(Use `node --trace-warnings ...` to show where the warning was created)
✔ isolated HTTP retrieval returns committed provenance and distinct markers for overlapping requests (470.245458ms)
(node:61050) ExperimentalWarning: SQLite is an experimental feature and might change at any time
(Use `node --trace-warnings ...` to show where the warning was created)
✔ queued retrieval rechecks credentials and expiry, enforces admission, and rolls back a malformed later query (413.631625ms)
(node:61050) ExperimentalWarning: SQLite is an experimental feature and might change at any time
(Use `node --trace-warnings ...` to show where the warning was created)
✔ executor shutdown finishes its active transaction, rejects queued work and never retries it (335.799166ms)
(node:61050) ExperimentalWarning: SQLite is an experimental feature and might change at any time
(Use `node --trace-warnings ...` to show where the warning was created)
✔ an active deadline closes admission without replaying queued transactions (515.980416ms)
(node:61050) ExperimentalWarning: SQLite is an experimental feature and might change at any time
(Use `node --trace-warnings ...` to show where the warning was created)
(node:61050) ExperimentalWarning: SQLite is an experimental feature and might change at any time
(Use `node --trace-warnings ...` to show where the warning was created)
✔ an executor retains the supplied signed-release policy instead of trusting HTTP admission (691.862709ms)
ℹ tests 8
ℹ suites 0
ℹ pass 8
ℹ fail 0
ℹ cancelled 0
ℹ skipped 0
ℹ todo 0
ℹ duration_ms 3174.057125
